Archive member included to satisfy reference by file (symbol)

/media/pablo/Disco_Auxiliar/UTN/UTN 2016/Digitales 2/TD II/Ejemplos FreeRTOS/workspace/LPC_BaseBoardBB1769_R02/Debug/libLPC_BaseBoardBB1769_R02.a(board.o)
                              ./src/Ejemplo_pseudo_pwm.o (Board_UART_Init)
/media/pablo/Disco_Auxiliar/UTN/UTN 2016/Digitales 2/TD II/Ejemplos FreeRTOS/workspace/LPC_BaseBoardBB1769_R02/Debug/libLPC_BaseBoardBB1769_R02.a(board_sysinit.o)
                              ./src/sysinit.o (Board_SystemInit)
/media/pablo/Disco_Auxiliar/UTN/UTN 2016/Digitales 2/TD II/Ejemplos FreeRTOS/workspace/LibFreeRTOS_8.2.3/Debug/libLibFreeRTOS_8.2.3.a(queue.o)
                              ./src/Ejemplo_pseudo_pwm.o (xQueueGenericCreate)
/media/pablo/Disco_Auxiliar/UTN/UTN 2016/Digitales 2/TD II/Ejemplos FreeRTOS/workspace/LibFreeRTOS_8.2.3/Debug/libLibFreeRTOS_8.2.3.a(tasks.o)
                              ./src/Ejemplo_pseudo_pwm.o (xTaskGenericCreate)
/media/pablo/Disco_Auxiliar/UTN/UTN 2016/Digitales 2/TD II/Ejemplos FreeRTOS/workspace/LibFreeRTOS_8.2.3/Debug/libLibFreeRTOS_8.2.3.a(heap_1.o)
                              /media/pablo/Disco_Auxiliar/UTN/UTN 2016/Digitales 2/TD II/Ejemplos FreeRTOS/workspace/LibFreeRTOS_8.2.3/Debug/libLibFreeRTOS_8.2.3.a(queue.o) (pvPortMalloc)
/media/pablo/Disco_Auxiliar/UTN/UTN 2016/Digitales 2/TD II/Ejemplos FreeRTOS/workspace/LibFreeRTOS_8.2.3/Debug/libLibFreeRTOS_8.2.3.a(port.o)
                              /media/pablo/Disco_Auxiliar/UTN/UTN 2016/Digitales 2/TD II/Ejemplos FreeRTOS/workspace/LibFreeRTOS_8.2.3/Debug/libLibFreeRTOS_8.2.3.a(tasks.o) (pxPortInitialiseStack)
/media/pablo/Disco_Auxiliar/UTN/UTN 2016/Digitales 2/TD II/Ejemplos FreeRTOS/workspace/LibFreeRTOS_8.2.3/Debug/libLibFreeRTOS_8.2.3.a(list.o)
                              /media/pablo/Disco_Auxiliar/UTN/UTN 2016/Digitales 2/TD II/Ejemplos FreeRTOS/workspace/LibFreeRTOS_8.2.3/Debug/libLibFreeRTOS_8.2.3.a(queue.o) (vListInitialise)
/media/pablo/Disco_Auxiliar/UTN/UTN 2016/Digitales 2/TD II/Ejemplos FreeRTOS/workspace/lpc_chip_175x_6x/Debug/liblpc_chip_175x_6x.a(chip_17xx_40xx.o)
                              /media/pablo/Disco_Auxiliar/UTN/UTN 2016/Digitales 2/TD II/Ejemplos FreeRTOS/workspace/LibFreeRTOS_8.2.3/Debug/libLibFreeRTOS_8.2.3.a(port.o) (SystemCoreClock)
/media/pablo/Disco_Auxiliar/UTN/UTN 2016/Digitales 2/TD II/Ejemplos FreeRTOS/workspace/lpc_chip_175x_6x/Debug/liblpc_chip_175x_6x.a(clock_17xx_40xx.o)
                              /media/pablo/Disco_Auxiliar/UTN/UTN 2016/Digitales 2/TD II/Ejemplos FreeRTOS/workspace/lpc_chip_175x_6x/Debug/liblpc_chip_175x_6x.a(chip_17xx_40xx.o) (Chip_Clock_EnablePLL)
/media/pablo/Disco_Auxiliar/UTN/UTN 2016/Digitales 2/TD II/Ejemplos FreeRTOS/workspace/lpc_chip_175x_6x/Debug/liblpc_chip_175x_6x.a(iocon_17xx_40xx.o)
                              ./src/Ejemplo_pseudo_pwm.o (Chip_IOCON_PinMuxSet)
/media/pablo/Disco_Auxiliar/UTN/UTN 2016/Digitales 2/TD II/Ejemplos FreeRTOS/workspace/lpc_chip_175x_6x/Debug/liblpc_chip_175x_6x.a(sysinit_17xx_40xx.o)
                              /media/pablo/Disco_Auxiliar/UTN/UTN 2016/Digitales 2/TD II/Ejemplos FreeRTOS/workspace/LPC_BaseBoardBB1769_R02/Debug/libLPC_BaseBoardBB1769_R02.a(board_sysinit.o) (Chip_SetupXtalClocking)
/media/pablo/Disco_Auxiliar/UTN/UTN 2016/Digitales 2/TD II/Ejemplos FreeRTOS/workspace/lpc_chip_175x_6x/Debug/liblpc_chip_175x_6x.a(timer_17xx_40xx.o)
                              ./src/Ejemplo_pseudo_pwm.o (Chip_TIMER_Init)
/media/pablo/Disco_Auxiliar/UTN/UTN 2016/Digitales 2/TD II/Ejemplos FreeRTOS/workspace/lpc_chip_175x_6x/Debug/liblpc_chip_175x_6x.a(uart_17xx_40xx.o)
                              /media/pablo/Disco_Auxiliar/UTN/UTN 2016/Digitales 2/TD II/Ejemplos FreeRTOS/workspace/LPC_BaseBoardBB1769_R02/Debug/libLPC_BaseBoardBB1769_R02.a(board.o) (Chip_UART_Init)
/media/pablo/Disco_Auxiliar/UTN/UTN 2016/Digitales 2/TD II/Ejemplos FreeRTOS/workspace/lpc_chip_175x_6x/Debug/liblpc_chip_175x_6x.a(ring_buffer.o)
                              /media/pablo/Disco_Auxiliar/UTN/UTN 2016/Digitales 2/TD II/Ejemplos FreeRTOS/workspace/lpc_chip_175x_6x/Debug/liblpc_chip_175x_6x.a(uart_17xx_40xx.o) (RingBuffer_Insert)
/usr/local/lpcxpresso_8.1.4_606/lpcxpresso/tools/bin/../lib/gcc/arm-none-eabi/5.2.1/../../../../arm-none-eabi/lib/armv7-m/libcr_c.a(memcpy.o)
                              /media/pablo/Disco_Auxiliar/UTN/UTN 2016/Digitales 2/TD II/Ejemplos FreeRTOS/workspace/LPC_BaseBoardBB1769_R02/Debug/libLPC_BaseBoardBB1769_R02.a(board.o) (memcpy)
/usr/local/lpcxpresso_8.1.4_606/lpcxpresso/tools/bin/../lib/gcc/arm-none-eabi/5.2.1/../../../../arm-none-eabi/lib/armv7-m/libcr_c.a(memset.o)
                              /media/pablo/Disco_Auxiliar/UTN/UTN 2016/Digitales 2/TD II/Ejemplos FreeRTOS/workspace/LibFreeRTOS_8.2.3/Debug/libLibFreeRTOS_8.2.3.a(tasks.o) (memset)
/usr/local/lpcxpresso_8.1.4_606/lpcxpresso/tools/bin/../lib/gcc/arm-none-eabi/5.2.1/../../../../arm-none-eabi/lib/armv7-m/libcr_c.a(__weak__main.o)
[...]
Memory Configuration

Name             Origin             Length             Attributes
MFlash512        0x00000000         0x00080000         xr
RamLoc32         0x10000000         0x00008000         xrw
RamAHB32         0x2007c000         0x00008000         xrw
*default*        0x00000000         0xffffffff

Linker script and memory map

LOAD ./src/Ejemplo_pseudo_pwm.o
LOAD ./src/cr_startup_lpc175x_6x.o
LOAD ./src/crp.o
LOAD ./src/sysinit.o
LOAD /media/pablo/Disco_Auxiliar/UTN/UTN 2016/Digitales 2/TD II/Ejemplos FreeRTOS/workspace/LPC_BaseBoardBB1769_R02/Debug/libLPC_BaseBoardBB1769_R02.a
LOAD /media/pablo/Disco_Auxiliar/UTN/UTN 2016/Digitales 2/TD II/Ejemplos FreeRTOS/workspace/LibFreeRTOS_8.2.3/Debug/libLibFreeRTOS_8.2.3.a
LOAD /media/pablo/Disco_Auxiliar/UTN/UTN 2016/Digitales 2/TD II/Ejemplos FreeRTOS/workspace/lpc_chip_175x_6x/Debug/liblpc_chip_175x_6x.a
START GROUP
LOAD /usr/local/lpcxpresso_8.1.4_606/lpcxpresso/tools/bin/../lib/gcc/arm-none-eabi/5.2.1/../../../../arm-none-eabi/lib/armv7-m/libcr_c.a
LOAD /usr/local/lpcxpresso_8.1.4_606/lpcxpresso/tools/bin/../lib/gcc/arm-none-eabi/5.2.1/armv7-m/libcr_eabihelpers.a
END GROUP
                0x00000000                __base_MFlash512 = 0x0
                0x00000000                __base_Flash = 0x0
                0x00080000                __top_MFlash512 = 0x80000
                0x00080000                __top_Flash = 0x80000
                0x10000000                __base_RamLoc32 = 0x10000000
                0x10000000                __base_RAM = 0x10000000
                0x10008000                __top_RamLoc32 = 0x10008000
                0x10008000                __top_RAM = 0x10008000
                0x2007c000                __base_RamAHB32 = 0x2007c000
                0x2007c000                __base_RAM2 = 0x2007c000
                0x20084000                __top_RamAHB32 = 0x20084000
                0x20084000                __top_RAM2 = 0x20084000

.text           0x00000000     0x2cb4
 FILL mask 0xff
                0x00000000                __vectors_start__ = ABSOLUTE (.)
 *(.isr_vector)
 .isr_vector    0x00000000       0xcc ./src/cr_startup_lpc175x_6x.o
                0x00000000                g_pfnVectors
                0x000000cc                . = ALIGN (0x4)
                0x000000cc                __section_table_start = .
                0x000000cc                __data_section_table = .
                0x000000cc        0x4 LONG 0x2cb4 LOADADDR (.data)
                0x000000d0        0x4 LONG 0x10000000 ADDR (.data)
                0x000000d4        0x4 LONG 0x8 SIZEOF (.data)
                0x000000d8        0x4 LONG 0x2cb4 LOADADDR (.data_RAM2)
                0x000000dc        0x4 LONG 0x2007c000 ADDR (.data_RAM2)
                0x000000e0        0x4 LONG 0x0 SIZEOF (.data_RAM2)
                0x000000e4                __data_section_table_end = .
                0x000000e4                __bss_section_table = .
                0x000000e4        0x4 LONG 0x10000008 ADDR (.bss)
                0x000000e8        0x4 LONG 0x2958 SIZEOF (.bss)
                0x000000ec        0x4 LONG 0x2007c000 ADDR (.bss_RAM2)
                0x000000f0        0x4 LONG 0x0 SIZEOF (.bss_RAM2)
                0x000000f4                __bss_section_table_end = .
                0x000000f4                __section_table_end = .
 *(.after_vectors*)
 .after_vectors
                0x000000f4      0x144 ./src/cr_startup_lpc175x_6x.o
                0x000000f4                data_init
                0x00000138                bss_init
                0x00000170                ResetISR
                0x000001e8                NMI_Handler
                0x000001f0                HardFault_Handler
                0x000001f8                MemManage_Handler
                0x00000200                BusFault_Handler
                0x00000208                UsageFault_Handler
                0x00000218                DebugMon_Handler
                0x00000230                TIMER2_IRQHandler
                0x00000230                RIT_IRQHandler
                0x00000230                I2C0_IRQHandler
                0x00000230                USBActivity_IRQHandler
                0x00000230                PWM1_IRQHandler
                0x00000230                I2C1_IRQHandler
                0x00000230                EINT2_IRQHandler
                0x00000230                UART1_IRQHandler
                0x00000230                EINT3_IRQHandler
                0x00000230                CANActivity_IRQHandler
                0x00000230                TIMER3_IRQHandler
                0x00000230                IntDefaultHandler
                0x00000230                PLL0_IRQHandler
                0x00000230                CAN_IRQHandler
                0x00000230                PLL1_IRQHandler
                0x00000230                SSP0_IRQHandler
                0x00000230                I2S_IRQHandler
                0x00000230                I2C2_IRQHandler
                0x00000230                RTC_IRQHandler
                0x00000230                SPI_IRQHandler
                0x00000230                EINT1_IRQHandler
                0x00000230                TIMER1_IRQHandler
                0x00000230                UART2_IRQHandler
                0x00000230                ADC_IRQHandler
                0x00000230                SSP1_IRQHandler
                0x00000230                USB_IRQHandler
                0x00000230                BOD_IRQHandler
                0x00000230                WDT_IRQHandler
                0x00000230                QEI_IRQHandler
                0x00000230                EINT0_IRQHandler
                0x00000230                ETH_IRQHandler
                0x00000230                DMA_IRQHandler
                0x00000230                UART3_IRQHandler
                0x00000230                MCPWM_IRQHandler
 *(.text*)
 .text.NVIC_EnableIRQ
                0x00000238       0x30 ./src/Ejemplo_pseudo_pwm.o
 .text.NVIC_ClearPendingIRQ
                0x00000268       0x34 ./src/Ejemplo_pseudo_pwm.o
 .text.NVIC_SetPriority
                0x0000029c       0x54 ./src/Ejemplo_pseudo_pwm.o
 .text.Chip_GPIO_SetPinState
                0x000002f0       0x68 ./src/Ejemplo_pseudo_pwm.o
 .text.Chip_GPIO_GetPinState
                0x00000358       0x38 ./src/Ejemplo_pseudo_pwm.o
 .text.Chip_GPIO_SetPinDIROutput
                0x00000390       0x38 ./src/Ejemplo_pseudo_pwm.o
 .text.Chip_GPIO_SetPinDIRInput
                0x000003c8       0x3c ./src/Ejemplo_pseudo_pwm.o
 .text.Chip_GPIO_SetPinDIR
                0x00000404       0x44 ./src/Ejemplo_pseudo_pwm.o
 .text.Chip_GPIO_WriteDirBit
                0x00000448       0x30 ./src/Ejemplo_pseudo_pwm.o
 .text.Chip_GPIO_SetPinToggle
                0x00000478       0x4c ./src/Ejemplo_pseudo_pwm.o
 .text.Chip_TIMER_MatchPending
                0x000004c4       0x34 ./src/Ejemplo_pseudo_pwm.o
 .text.Chip_TIMER_ClearMatch
                0x000004f8       0x28 ./src/Ejemplo_pseudo_pwm.o
 .text.Chip_TIMER_Enable
                0x00000520       0x20 ./src/Ejemplo_pseudo_pwm.o
 .text.Chip_TIMER_SetMatch
                0x00000540       0x28 ./src/Ejemplo_pseudo_pwm.o
 .text.Chip_TIMER_MatchEnableInt
                0x00000568       0x34 ./src/Ejemplo_pseudo_pwm.o
 .text.Chip_TIMER_ResetOnMatchEnable
                0x0000059c       0x34 ./src/Ejemplo_pseudo_pwm.o
 .text.Chip_UART_IntEnable
                0x000005d0       0x20 ./src/Ejemplo_pseudo_pwm.o
 .text.Chip_UART_ReadLineStatus
                0x000005f0       0x18 ./src/Ejemplo_pseudo_pwm.o
 .text.prvSetupHardware
                0x00000608       0x54 ./src/Ejemplo_pseudo_pwm.o
 .text.UART0_IRQHandler
                0x0000065c       0x8c ./src/Ejemplo_pseudo_pwm.o
                0x0000065c                UART0_IRQHandler
 .text.TIMER0_IRQHandler
                0x000006e8       0x30 ./src/Ejemplo_pseudo_pwm.o
                0x000006e8                TIMER0_IRQHandler
 .text.InitTimer0
                0x00000718       0x64 ./src/Ejemplo_pseudo_pwm.o
                0x00000718                InitTimer0
 .text.vTask_validacion
                0x0000077c       0xc4 ./src/Ejemplo_pseudo_pwm.o
                0x0000077c                vTask_validacion
 .text.main     0x00000840       0x7c ./src/Ejemplo_pseudo_pwm.o
                0x00000840                main
 .text.vApplicationIdleHook
                0x000008bc        0xc ./src/Ejemplo_pseudo_pwm.o
                0x000008bc                vApplicationIdleHook
 .text.SystemInit
                0x000008c8       0x24 ./src/sysinit.o
                0x000008c8                SystemInit
 .text.Chip_IOCON_Init
                0x000008ec       0x18 /media/pablo/Disco_Auxiliar/UTN/UTN 2016/Digitales 2/TD II/Ejemplos FreeRTOS/workspace/LPC_BaseBoardBB1769_R02/Debug/libLPC_BaseBoardBB1769_R02.a(board.o)
 .text.Chip_GPIO_Init
                0x00000904       0x18 /media/pablo/Disco_Auxiliar/UTN/UTN 2016/Digitales 2/TD II/Ejemplos FreeRTOS/workspace/LPC_BaseBoardBB1769_R02/Debug/libLPC_BaseBoardBB1769_R02.a(board.o)
 .text.Chip_GPIO_SetPinDIROutput
                0x0000091c       0x38 /media/pablo/Disco_Auxiliar/UTN/UTN 2016/Digitales 2/TD II/Ejemplos FreeRTOS/workspace/LPC_BaseBoardBB1769_R02/Debug/libLPC_BaseBoardBB1769_R02.a(board.o)
 .text.Chip_GPIO_SetPinDIRInput
                0x00000954       0x3c /media/pablo/Disco_Auxiliar/UTN/UTN 2016/Digitales 2/TD II/Ejemplos FreeRTOS/workspace/LPC_BaseBoardBB1769_R02/Debug/libLPC_BaseBoardBB1769_R02.a(board.o)
 .text.Chip_GPIO_SetPinDIR
                0x00000990       0x44 /media/pablo/Disco_Auxiliar/UTN/UTN 2016/Digitales 2/TD II/Ejemplos FreeRTOS/workspace/LPC_BaseBoardBB1769_R02/Debug/libLPC_BaseBoardBB1769_R02.a(board.o)
 .text.Chip_GPIO_WriteDirBit
                0x000009d4       0x30 /media/pablo/Disco_Auxiliar/UTN/UTN 2016/Digitales 2/TD II/Ejemplos FreeRTOS/workspace/LPC_BaseBoardBB1769_R02/Debug/libLPC_BaseBoardBB1769_R02.a(board.o)
 .text.Chip_UART_SendByte
                0x00000a04       0x1c /media/pablo/Disco_Auxiliar/UTN/UTN 2016/Digitales 2/TD II/Ejemplos FreeRTOS/workspace/LPC_BaseBoardBB1769_R02/Debug/libLPC_BaseBoardBB1769_R02.a(board.o)
 .text.Chip_UART_ReadByte
                0x00000a20       0x18 /media/pablo/Disco_Auxiliar/UTN/UTN 2016/Digitales 2/TD II/Ejemplos FreeRTOS/workspace/LPC_BaseBoardBB1769_R02/Debug/libLPC_BaseBoardBB1769_R02.a(board.o)
 .text.Chip_UART_ConfigData
                0x00000a38       0x1c /media/pablo/Disco_Auxiliar/UTN/UTN 2016/Digitales 2/TD II/Ejemplos FreeRTOS/workspace/LPC_BaseBoardBB1769_R02/Debug/libLPC_BaseBoardBB1769_R02.a(board.o)
 .text.Chip_UART_ReadLineStatus
                0x00000a54       0x18 /media/pablo/Disco_Auxiliar/UTN/UTN 2016/Digitales 2/TD II/Ejemplos FreeRTOS/workspace/LPC_BaseBoardBB1769_R02/Debug/libLPC_BaseBoardBB1769_R02.a(board.o)
 .text.Board_LED_Init
                0x00000a6c       0x6c /media/pablo/Disco_Auxiliar/UTN/UTN 2016/Digitales 2/TD II/Ejemplos FreeRTOS/workspace/LPC_BaseBoardBB1769_R02/Debug/libLPC_BaseBoardBB1769_R02.a(board.o)
 .text.Board_UART_Init
                0x00000ad8       0x38 /media/pablo/Disco_Auxiliar/UTN/UTN 2016/Digitales 2/TD II/Ejemplos FreeRTOS/workspace/LPC_BaseBoardBB1769_R02/Debug/libLPC_BaseBoardBB1769_R02.a(board.o)
                0x00000ad8                Board_UART_Init
 .text.Board_UARTPutChar
                0x00000b10       0x34 /media/pablo/Disco_Auxiliar/UTN/UTN 2016/Digitales 2/TD II/Ejemplos FreeRTOS/workspace/LPC_BaseBoardBB1769_R02/Debug/libLPC_BaseBoardBB1769_R02.a(board.o)
                0x00000b10                Board_UARTPutChar
 .text.Board_UARTGetChar
                0x00000b44       0x1c /media/pablo/Disco_Auxiliar/UTN/UTN 2016/Digitales 2/TD II/Ejemplos FreeRTOS/workspace/LPC_BaseBoardBB1769_R02/Debug/libLPC_BaseBoardBB1769_R02.a(board.o)
                0x00000b44                Board_UARTGetChar
 .text.Board_UARTPutSTR
                0x00000b60       0x2c /media/pablo/Disco_Auxiliar/UTN/UTN 2016/Digitales 2/TD II/Ejemplos FreeRTOS/workspace/LPC_BaseBoardBB1769_R02/Debug/libLPC_BaseBoardBB1769_R02.a(board.o)
                0x00000b60                Board_UARTPutSTR
 .text.Board_Buttons_Init
                0x00000b8c       0x24 /media/pablo/Disco_Auxiliar/UTN/UTN 2016/Digitales 2/TD II/Ejemplos FreeRTOS/workspace/LPC_BaseBoardBB1769_R02/Debug/libLPC_BaseBoardBB1769_R02.a(board.o)
                0x00000b8c                Board_Buttons_Init
 .text.Board_Init
                0x00000bb0       0x24 /media/pablo/Disco_Auxiliar/UTN/UTN 2016/Digitales 2/TD II/Ejemplos FreeRTOS/workspace/LPC_BaseBoardBB1769_R02/Debug/libLPC_BaseBoardBB1769_R02.a(board.o)
                0x00000bb0                Board_Init
 .text.Chip_SYSCTL_SetFLASHAccess
                0x00000bd4       0x30 /media/pablo/Disco_Auxiliar/UTN/UTN 2016/Digitales 2/TD II/Ejemplos FreeRTOS/workspace/LPC_BaseBoardBB1769_R02/Debug/libLPC_BaseBoardBB1769_R02.a(board_sysinit.o)
 .text.Board_SetupMuxing
                0x00000c04       0x1c /media/pablo/Disco_Auxiliar/UTN/UTN 2016/Digitales 2/TD II/Ejemplos FreeRTOS/workspace/LPC_BaseBoardBB1769_R02/Debug/libLPC_BaseBoardBB1769_R02.a(board_sysinit.o)
                0x00000c04                Board_SetupMuxing
 .text.Board_SetupClocking
                0x00000c20       0x14 /media/pablo/Disco_Auxiliar/UTN/UTN 2016/Digitales 2/TD II/Ejemplos FreeRTOS/workspace/LPC_BaseBoardBB1769_R02/Debug/libLPC_BaseBoardBB1769_R02.a(board_sysinit.o)
                0x00000c20                Board_SetupClocking
 .text.Board_SystemInit
                0x00000c34       0x10 /media/pablo/Disco_Auxiliar/UTN/UTN 2016/Digitales 2/TD II/Ejemplos FreeRTOS/workspace/LPC_BaseBoardBB1769_R02/Debug/libLPC_BaseBoardBB1769_R02.a(board_sysinit.o)
                0x00000c34                Board_SystemInit
 .text.xQueueGenericReset
                0x00000c44       0xa4 /media/pablo/Disco_Auxiliar/UTN/UTN 2016/Digitales 2/TD II/Ejemplos FreeRTOS/workspace/LibFreeRTOS_8.2.3/Debug/libLibFreeRTOS_8.2.3.a(queue.o)
                0x00000c44                xQueueGenericReset
 .text.xQueueGenericCreate
                0x00000ce8       0x80 /media/pablo/Disco_Auxiliar/UTN/UTN 2016/Digitales 2/TD II/Ejemplos FreeRTOS/workspace/LibFreeRTOS_8.2.3/Debug/libLibFreeRTOS_8.2.3.a(queue.o)
                0x00000ce8                xQueueGenericCreate
 .text.xQueueGenericSend
                0x00000d68      0x124 /media/pablo/Disco_Auxiliar/UTN/UTN 2016/Digitales 2/TD II/Ejemplos FreeRTOS/workspace/LibFreeRTOS_8.2.3/Debug/libLibFreeRTOS_8.2.3.a(queue.o)
                0x00000d68                xQueueGenericSend
 .text.xQueueGiveFromISR
                0x00000e8c       0x80 /media/pablo/Disco_Auxiliar/UTN/UTN 2016/Digitales 2/TD II/Ejemplos FreeRTOS/workspace/LibFreeRTOS_8.2.3/Debug/libLibFreeRTOS_8.2.3.a(queue.o)
                0x00000e8c                xQueueGiveFromISR
 .text.xQueueGenericReceive
                0x00000f0c      0x170 /media/pablo/Disco_Auxiliar/UTN/UTN 2016/Digitales 2/TD II/Ejemplos FreeRTOS/workspace/LibFreeRTOS_8.2.3/Debug/libLibFreeRTOS_8.2.3.a(queue.o)
                0x00000f0c                xQueueGenericReceive
 .text.prvCopyDataToQueue
                0x0000107c       0xdc /media/pablo/Disco_Auxiliar/UTN/UTN 2016/Digitales 2/TD II/Ejemplos FreeRTOS/workspace/LibFreeRTOS_8.2.3/Debug/libLibFreeRTOS_8.2.3.a(queue.o)
 .text.prvCopyDataFromQueue
                0x00001158       0x4c /media/pablo/Disco_Auxiliar/UTN/UTN 2016/Digitales 2/TD II/Ejemplos FreeRTOS/workspace/LibFreeRTOS_8.2.3/Debug/libLibFreeRTOS_8.2.3.a(queue.o)
 .text.prvUnlockQueue
                0x000011a4       0x98 /media/pablo/Disco_Auxiliar/UTN/UTN 2016/Digitales 2/TD II/Ejemplos FreeRTOS/workspace/LibFreeRTOS_8.2.3/Debug/libLibFreeRTOS_8.2.3.a(queue.o)
 .text.prvIsQueueEmpty
                0x0000123c       0x2c /media/pablo/Disco_Auxiliar/UTN/UTN 2016/Digitales 2/TD II/Ejemplos FreeRTOS/workspace/LibFreeRTOS_8.2.3/Debug/libLibFreeRTOS_8.2.3.a(queue.o)
 .text.prvIsQueueFull
                0x00001268       0x30 /media/pablo/Disco_Auxiliar/UTN/UTN 2016/Digitales 2/TD II/Ejemplos FreeRTOS/workspace/LibFreeRTOS_8.2.3/Debug/libLibFreeRTOS_8.2.3.a(queue.o)
 .text.xTaskGenericCreate
                0x00001298      0x140 /media/pablo/Disco_Auxiliar/UTN/UTN 2016/Digitales 2/TD II/Ejemplos FreeRTOS/workspace/LibFreeRTOS_8.2.3/Debug/libLibFreeRTOS_8.2.3.a(tasks.o)
                0x00001298                xTaskGenericCreate
 .text.vTaskStartScheduler
                0x000013d8       0x60 /media/pablo/Disco_Auxiliar/UTN/UTN 2016/Digitales 2/TD II/Ejemplos FreeRTOS/workspace/LibFreeRTOS_8.2.3/Debug/libLibFreeRTOS_8.2.3.a(tasks.o)
                0x000013d8                vTaskStartScheduler
 .text.vTaskSuspendAll
                0x00001438       0x1c /media/pablo/Disco_Auxiliar/UTN/UTN 2016/Digitales 2/TD II/Ejemplos FreeRTOS/workspace/LibFreeRTOS_8.2.3/Debug/libLibFreeRTOS_8.2.3.a(tasks.o)
                0x00001438                vTaskSuspendAll
 .text.xTaskResumeAll
                0x00001454      0x100 /media/pablo/Disco_Auxiliar/UTN/UTN 2016/Digitales 2/TD II/Ejemplos FreeRTOS/workspace/LibFreeRTOS_8.2.3/Debug/libLibFreeRTOS_8.2.3.a(tasks.o)
                0x00001454                xTaskResumeAll
 .text.xTaskIncrementTick
                0x00001554      0x160 /media/pablo/Disco_Auxiliar/UTN/UTN 2016/Digitales 2/TD II/Ejemplos FreeRTOS/workspace/LibFreeRTOS_8.2.3/Debug/libLibFreeRTOS_8.2.3.a(tasks.o)
                0x00001554                xTaskIncrementTick
 .text.vTaskSwitchContext
                0x000016b4       0x8c /media/pablo/Disco_Auxiliar/UTN/UTN 2016/Digitales 2/TD II/Ejemplos FreeRTOS/workspace/LibFreeRTOS_8.2.3/Debug/libLibFreeRTOS_8.2.3.a(tasks.o)
                0x000016b4                vTaskSwitchContext
 .text.vTaskPlaceOnEventList
                0x00001740       0x80 /media/pablo/Disco_Auxiliar/UTN/UTN 2016/Digitales 2/TD II/Ejemplos FreeRTOS/workspace/LibFreeRTOS_8.2.3/Debug/libLibFreeRTOS_8.2.3.a(tasks.o)
                0x00001740                vTaskPlaceOnEventList
 .text.xTaskRemoveFromEventList
                0x000017c0       0xac /media/pablo/Disco_Auxiliar/UTN/UTN 2016/Digitales 2/TD II/Ejemplos FreeRTOS/workspace/LibFreeRTOS_8.2.3/Debug/libLibFreeRTOS_8.2.3.a(tasks.o)
                0x000017c0                xTaskRemoveFromEventList
 .text.vTaskSetTimeOutState
                0x0000186c       0x2c /media/pablo/Disco_Auxiliar/UTN/UTN 2016/Digitales 2/TD II/Ejemplos FreeRTOS/workspace/LibFreeRTOS_8.2.3/Debug/libLibFreeRTOS_8.2.3.a(tasks.o)
                0x0000186c                vTaskSetTimeOutState
 .text.xTaskCheckForTimeOut
                0x00001898       0x88 /media/pablo/Disco_Auxiliar/UTN/UTN 2016/Digitales 2/TD II/Ejemplos FreeRTOS/workspace/LibFreeRTOS_8.2.3/Debug/libLibFreeRTOS_8.2.3.a(tasks.o)
                0x00001898                xTaskCheckForTimeOut
 .text.vTaskMissedYield
                0x00001920       0x18 /media/pablo/Disco_Auxiliar/UTN/UTN 2016/Digitales 2/TD II/Ejemplos FreeRTOS/workspace/LibFreeRTOS_8.2.3/Debug/libLibFreeRTOS_8.2.3.a(tasks.o)
                0x00001920                vTaskMissedYield
 .text.prvIdleTask
                0x00001938       0x24 /media/pablo/Disco_Auxiliar/UTN/UTN 2016/Digitales 2/TD II/Ejemplos FreeRTOS/workspace/LibFreeRTOS_8.2.3/Debug/libLibFreeRTOS_8.2.3.a(tasks.o)
 .text.prvInitialiseTCBVariables
                0x0000195c       0xa4 /media/pablo/Disco_Auxiliar/UTN/UTN 2016/Digitales 2/TD II/Ejemplos FreeRTOS/workspace/LibFreeRTOS_8.2.3/Debug/libLibFreeRTOS_8.2.3.a(tasks.o)
 .text.prvInitialiseTaskLists
                0x00001a00       0x7c /media/pablo/Disco_Auxiliar/UTN/UTN 2016/Digitales 2/TD II/Ejemplos FreeRTOS/workspace/LibFreeRTOS_8.2.3/Debug/libLibFreeRTOS_8.2.3.a(tasks.o)
 .text.prvCheckTasksWaitingTermination
                0x00001a7c       0x74 /media/pablo/Disco_Auxiliar/UTN/UTN 2016/Digitales 2/TD II/Ejemplos FreeRTOS/workspace/LibFreeRTOS_8.2.3/Debug/libLibFreeRTOS_8.2.3.a(tasks.o)
 .text.prvAddCurrentTaskToDelayedList
                0x00001af0       0x6c /media/pablo/Disco_Auxiliar/UTN/UTN 2016/Digitales 2/TD II/Ejemplos FreeRTOS/workspace/LibFreeRTOS_8.2.3/Debug/libLibFreeRTOS_8.2.3.a(tasks.o)
 .text.prvAllocateTCBAndStack
                0x00001b5c       0x70 /media/pablo/Disco_Auxiliar/UTN/UTN 2016/Digitales 2/TD II/Ejemplos FreeRTOS/workspace/LibFreeRTOS_8.2.3/Debug/libLibFreeRTOS_8.2.3.a(tasks.o)
 .text.prvDeleteTCB
                0x00001bcc       0x20 /media/pablo/Disco_Auxiliar/UTN/UTN 2016/Digitales 2/TD II/Ejemplos FreeRTOS/workspace/LibFreeRTOS_8.2.3/Debug/libLibFreeRTOS_8.2.3.a(tasks.o)
 .text.prvResetNextTaskUnblockTime
                0x00001bec       0x48 /media/pablo/Disco_Auxiliar/UTN/UTN 2016/Digitales 2/TD II/Ejemplos FreeRTOS/workspace/LibFreeRTOS_8.2.3/Debug/libLibFreeRTOS_8.2.3.a(tasks.o)
 .text.vTaskPriorityInherit
                0x00001c34       0xf0 /media/pablo/Disco_Auxiliar/UTN/UTN 2016/Digitales 2/TD II/Ejemplos FreeRTOS/workspace/LibFreeRTOS_8.2.3/Debug/libLibFreeRTOS_8.2.3.a(tasks.o)
                0x00001c34                vTaskPriorityInherit
 .text.xTaskPriorityDisinherit
                0x00001d24       0xcc /media/pablo/Disco_Auxiliar/UTN/UTN 2016/Digitales 2/TD II/Ejemplos FreeRTOS/workspace/LibFreeRTOS_8.2.3/Debug/libLibFreeRTOS_8.2.3.a(tasks.o)
                0x00001d24                xTaskPriorityDisinherit
 .text.pvTaskIncrementMutexHeldCount
                0x00001df0       0x28 /media/pablo/Disco_Auxiliar/UTN/UTN 2016/Digitales 2/TD II/Ejemplos FreeRTOS/workspace/LibFreeRTOS_8.2.3/Debug/libLibFreeRTOS_8.2.3.a(tasks.o)
                0x00001df0                pvTaskIncrementMutexHeldCount
 .text.pvPortMalloc
                0x00001e18       0x8c /media/pablo/Disco_Auxiliar/UTN/UTN 2016/Digitales 2/TD II/Ejemplos FreeRTOS/workspace/LibFreeRTOS_8.2.3/Debug/libLibFreeRTOS_8.2.3.a(heap_1.o)
                0x00001e18                pvPortMalloc
 .text.vPortFree
                0x00001ea4       0x14 /media/pablo/Disco_Auxiliar/UTN/UTN 2016/Digitales 2/TD II/Ejemplos FreeRTOS/workspace/LibFreeRTOS_8.2.3/Debug/libLibFreeRTOS_8.2.3.a(heap_1.o)
                0x00001ea4                vPortFree
 .text.pxPortInitialiseStack
                0x00001eb8       0x58 /media/pablo/Disco_Auxiliar/UTN/UTN 2016/Digitales 2/TD II/Ejemplos FreeRTOS/workspace/LibFreeRTOS_8.2.3/Debug/libLibFreeRTOS_8.2.3.a(port.o)
                0x00001eb8                pxPortInitialiseStack
 .text.prvTaskExitError
                0x00001f10        0xc /media/pablo/Disco_Auxiliar/UTN/UTN 2016/Digitales 2/TD II/Ejemplos FreeRTOS/workspace/LibFreeRTOS_8.2.3/Debug/libLibFreeRTOS_8.2.3.a(port.o)
 .text.SVC_Handler
                0x00001f1c       0x24 /media/pablo/Disco_Auxiliar/UTN/UTN 2016/Digitales 2/TD II/Ejemplos FreeRTOS/workspace/LibFreeRTOS_8.2.3/Debug/libLibFreeRTOS_8.2.3.a(port.o)
                0x00001f1c                SVC_Handler
 .text.prvPortStartFirstTask
                0x00001f40       0x20 /media/pablo/Disco_Auxiliar/UTN/UTN 2016/Digitales 2/TD II/Ejemplos FreeRTOS/workspace/LibFreeRTOS_8.2.3/Debug/libLibFreeRTOS_8.2.3.a(port.o)
 .text.xPortStartScheduler
                0x00001f60       0x3c /media/pablo/Disco_Auxiliar/UTN/UTN 2016/Digitales 2/TD II/Ejemplos FreeRTOS/workspace/LibFreeRTOS_8.2.3/Debug/libLibFreeRTOS_8.2.3.a(port.o)
                0x00001f60                xPortStartScheduler
 .text.vPortYield
                0x00001f9c       0x20 /media/pablo/Disco_Auxiliar/UTN/UTN 2016/Digitales 2/TD II/Ejemplos FreeRTOS/workspace/LibFreeRTOS_8.2.3/Debug/libLibFreeRTOS_8.2.3.a(port.o)
                0x00001f9c                vPortYield
 .text.vPortEnterCritical
                0x00001fbc       0x20 /media/pablo/Disco_Auxiliar/UTN/UTN 2016/Digitales 2/TD II/Ejemplos FreeRTOS/workspace/LibFreeRTOS_8.2.3/Debug/libLibFreeRTOS_8.2.3.a(port.o)
                0x00001fbc                vPortEnterCritical
 .text.vPortExitCritical
                0x00001fdc       0x24 /media/pablo/Disco_Auxiliar/UTN/UTN 2016/Digitales 2/TD II/Ejemplos FreeRTOS/workspace/LibFreeRTOS_8.2.3/Debug/libLibFreeRTOS_8.2.3.a(port.o)
                0x00001fdc                vPortExitCritical
 .text.ulPortSetInterruptMask
                0x00002000       0x14 /media/pablo/Disco_Auxiliar/UTN/UTN 2016/Digitales 2/TD II/Ejemplos FreeRTOS/workspace/LibFreeRTOS_8.2.3/Debug/libLibFreeRTOS_8.2.3.a(port.o)
                0x00002000                ulPortSetInterruptMask
 .text.vPortClearInterruptMask
                0x00002014        0x8 /media/pablo/Disco_Auxiliar/UTN/UTN 2016/Digitales 2/TD II/Ejemplos FreeRTOS/workspace/LibFreeRTOS_8.2.3/Debug/libLibFreeRTOS_8.2.3.a(port.o)
                0x00002014                vPortClearInterruptMask
 .text.PendSV_Handler
                0x0000201c       0x44 /media/pablo/Disco_Auxiliar/UTN/UTN 2016/Digitales 2/TD II/Ejemplos FreeRTOS/workspace/LibFreeRTOS_8.2.3/Debug/libLibFreeRTOS_8.2.3.a(port.o)
                0x0000201c                PendSV_Handler
 .text.SysTick_Handler
                0x00002060       0x28 /media/pablo/Disco_Auxiliar/UTN/UTN 2016/Digitales 2/TD II/Ejemplos FreeRTOS/workspace/LibFreeRTOS_8.2.3/Debug/libLibFreeRTOS_8.2.3.a(port.o)
                0x00002060                SysTick_Handler
 .text.vPortSetupTimerInterrupt
                0x00002088       0x34 /media/pablo/Disco_Auxiliar/UTN/UTN 2016/Digitales 2/TD II/Ejemplos FreeRTOS/workspace/LibFreeRTOS_8.2.3/Debug/libLibFreeRTOS_8.2.3.a(port.o)
                0x00002088                vPortSetupTimerInterrupt
 .text.vListInitialise
                0x000020bc       0x40 /media/pablo/Disco_Auxiliar/UTN/UTN 2016/Digitales 2/TD II/Ejemplos FreeRTOS/workspace/LibFreeRTOS_8.2.3/Debug/libLibFreeRTOS_8.2.3.a(list.o)
                0x000020bc                vListInitialise
 .text.vListInitialiseItem
                0x000020fc       0x18 /media/pablo/Disco_Auxiliar/UTN/UTN 2016/Digitales 2/TD II/Ejemplos FreeRTOS/workspace/LibFreeRTOS_8.2.3/Debug/libLibFreeRTOS_8.2.3.a(list.o)
                0x000020fc                vListInitialiseItem
 .text.vListInsertEnd
                0x00002114       0x48 /media/pablo/Disco_Auxiliar/UTN/UTN 2016/Digitales 2/TD II/Ejemplos FreeRTOS/workspace/LibFreeRTOS_8.2.3/Debug/libLibFreeRTOS_8.2.3.a(list.o)
                0x00002114                vListInsertEnd
 .text.vListInsert
                0x0000215c       0x70 /media/pablo/Disco_Auxiliar/UTN/UTN 2016/Digitales 2/TD II/Ejemplos FreeRTOS/workspace/LibFreeRTOS_8.2.3/Debug/libLibFreeRTOS_8.2.3.a(list.o)
                0x0000215c                vListInsert
 .text.uxListRemove
                0x000021cc       0x54 /media/pablo/Disco_Auxiliar/UTN/UTN 2016/Digitales 2/TD II/Ejemplos FreeRTOS/workspace/LibFreeRTOS_8.2.3/Debug/libLibFreeRTOS_8.2.3.a(list.o)
                0x000021cc                uxListRemove
 .text.SystemCoreClockUpdate
                0x00002220       0x18 /media/pablo/Disco_Auxiliar/UTN/UTN 2016/Digitales 2/TD II/Ejemplos FreeRTOS/workspace/lpc_chip_175x_6x/Debug/liblpc_chip_175x_6x.a(chip_17xx_40xx.o)
                0x00002220                SystemCoreClockUpdate
 .text.Chip_Clock_IsMainPLLEnabled
                0x00002238       0x24 /media/pablo/Disco_Auxiliar/UTN/UTN 2016/Digitales 2/TD II/Ejemplos FreeRTOS/workspace/lpc_chip_175x_6x/Debug/liblpc_chip_175x_6x.a(clock_17xx_40xx.o)
 .text.Chip_Clock_IsMainPLLConnected
                0x0000225c       0x24 /media/pablo/Disco_Auxiliar/UTN/UTN 2016/Digitales 2/TD II/Ejemplos FreeRTOS/workspace/lpc_chip_175x_6x/Debug/liblpc_chip_175x_6x.a(clock_17xx_40xx.o)
 .text.Chip_Clock_FeedPLL
                0x00002280       0x34 /media/pablo/Disco_Auxiliar/UTN/UTN 2016/Digitales 2/TD II/Ejemplos FreeRTOS/workspace/lpc_chip_175x_6x/Debug/liblpc_chip_175x_6x.a(clock_17xx_40xx.o)
 .text.Chip_Clock_GetMainPLLSource
                0x000022b4       0x20 /media/pablo/Disco_Auxiliar/UTN/UTN 2016/Digitales 2/TD II/Ejemplos FreeRTOS/workspace/lpc_chip_175x_6x/Debug/liblpc_chip_175x_6x.a(clock_17xx_40xx.o)
 .text.Chip_Clock_GetMainOscRate
                0x000022d4       0x14 /media/pablo/Disco_Auxiliar/UTN/UTN 2016/Digitales 2/TD II/Ejemplos FreeRTOS/workspace/lpc_chip_175x_6x/Debug/liblpc_chip_175x_6x.a(clock_17xx_40xx.o)
 .text.Chip_Clock_GetIntOscRate
                0x000022e8       0x14 /media/pablo/Disco_Auxiliar/UTN/UTN 2016/Digitales 2/TD II/Ejemplos FreeRTOS/workspace/lpc_chip_175x_6x/Debug/liblpc_chip_175x_6x.a(clock_17xx_40xx.o)
 .text.Chip_Clock_GetRTCOscRate
                0x000022fc       0x14 /media/pablo/Disco_Auxiliar/UTN/UTN 2016/Digitales 2/TD II/Ejemplos FreeRTOS/workspace/lpc_chip_175x_6x/Debug/liblpc_chip_175x_6x.a(clock_17xx_40xx.o)
 .text.Chip_Clock_GetMainPLLInClockRate
                0x00002310       0x10 /media/pablo/Disco_Auxiliar/UTN/UTN 2016/Digitales 2/TD II/Ejemplos FreeRTOS/workspace/lpc_chip_175x_6x/Debug/liblpc_chip_175x_6x.a(clock_17xx_40xx.o)
 .text.Chip_Clock_EnablePLL
                0x00002320       0x44 /media/pablo/Disco_Auxiliar/UTN/UTN 2016/Digitales 2/TD II/Ejemplos FreeRTOS/workspace/lpc_chip_175x_6x/Debug/liblpc_chip_175x_6x.a(clock_17xx_40xx.o)
                0x00002320                Chip_Clock_EnablePLL
 .text.Chip_Clock_DisablePLL
                0x00002364       0x48 /media/pablo/Disco_Auxiliar/UTN/UTN 2016/Digitales 2/TD II/Ejemplos FreeRTOS/workspace/lpc_chip_175x_6x/Debug/liblpc_chip_175x_6x.a(clock_17xx_40xx.o)
                0x00002364                Chip_Clock_DisablePLL
 .text.Chip_Clock_SetupPLL
                0x000023ac       0x5c /media/pablo/Disco_Auxiliar/UTN/UTN 2016/Digitales 2/TD II/Ejemplos FreeRTOS/workspace/lpc_chip_175x_6x/Debug/liblpc_chip_175x_6x.a(clock_17xx_40xx.o)
                0x000023ac                Chip_Clock_SetupPLL
 .text.Chip_Clock_EnablePeriphClock
                0x00002408       0x34 /media/pablo/Disco_Auxiliar/UTN/UTN 2016/Digitales 2/TD II/Ejemplos FreeRTOS/workspace/lpc_chip_175x_6x/Debug/liblpc_chip_175x_6x.a(clock_17xx_40xx.o)
                0x00002408                Chip_Clock_EnablePeriphClock
 .text.Chip_Clock_GetCPUClockSource
                0x0000243c       0x24 /media/pablo/Disco_Auxiliar/UTN/UTN 2016/Digitales 2/TD II/Ejemplos FreeRTOS/workspace/lpc_chip_175x_6x/Debug/liblpc_chip_175x_6x.a(clock_17xx_40xx.o)
                0x0000243c                Chip_Clock_GetCPUClockSource
 .text.Chip_Clock_SetCPUClockDiv
                0x00002460       0x20 /media/pablo/Disco_Auxiliar/UTN/UTN 2016/Digitales 2/TD II/Ejemplos FreeRTOS/workspace/lpc_chip_175x_6x/Debug/liblpc_chip_175x_6x.a(clock_17xx_40xx.o)
                0x00002460                Chip_Clock_SetCPUClockDiv
 .text.Chip_Clock_GetCPUClockDiv
                0x00002480       0x1c /media/pablo/Disco_Auxiliar/UTN/UTN 2016/Digitales 2/TD II/Ejemplos FreeRTOS/workspace/lpc_chip_175x_6x/Debug/liblpc_chip_175x_6x.a(clock_17xx_40xx.o)
                0x00002480                Chip_Clock_GetCPUClockDiv
 .text.Chip_Clock_GetPCLKDiv
                0x0000249c       0x8c /media/pablo/Disco_Auxiliar/UTN/UTN 2016/Digitales 2/TD II/Ejemplos FreeRTOS/workspace/lpc_chip_175x_6x/Debug/liblpc_chip_175x_6x.a(clock_17xx_40xx.o)
                0x0000249c                Chip_Clock_GetPCLKDiv
 .text.Chip_Clock_GetSYSCLKRate
                0x00002528       0x34 /media/pablo/Disco_Auxiliar/UTN/UTN 2016/Digitales 2/TD II/Ejemplos FreeRTOS/workspace/lpc_chip_175x_6x/Debug/liblpc_chip_175x_6x.a(clock_17xx_40xx.o)
                0x00002528                Chip_Clock_GetSYSCLKRate
 .text.Chip_Clock_GetMainPLLOutClockRate
                0x0000255c       0x54 /media/pablo/Disco_Auxiliar/UTN/UTN 2016/Digitales 2/TD II/Ejemplos FreeRTOS/workspace/lpc_chip_175x_6x/Debug/liblpc_chip_175x_6x.a(clock_17xx_40xx.o)
                0x0000255c                Chip_Clock_GetMainPLLOutClockRate
 .text.Chip_Clock_GetMainClockRate
                0x000025b0       0x28 /media/pablo/Disco_Auxiliar/UTN/UTN 2016/Digitales 2/TD II/Ejemplos FreeRTOS/workspace/lpc_chip_175x_6x/Debug/liblpc_chip_175x_6x.a(clock_17xx_40xx.o)
                0x000025b0                Chip_Clock_GetMainClockRate
 .text.Chip_Clock_GetSystemClockRate
                0x000025d8       0x18 /media/pablo/Disco_Auxiliar/UTN/UTN 2016/Digitales 2/TD II/Ejemplos FreeRTOS/workspace/lpc_chip_175x_6x/Debug/liblpc_chip_175x_6x.a(clock_17xx_40xx.o)
                0x000025d8                Chip_Clock_GetSystemClockRate
 .text.Chip_Clock_GetPeripheralClockRate
                0x000025f0       0x28 /media/pablo/Disco_Auxiliar/UTN/UTN 2016/Digitales 2/TD II/Ejemplos FreeRTOS/workspace/lpc_chip_175x_6x/Debug/liblpc_chip_175x_6x.a(clock_17xx_40xx.o)
                0x000025f0                Chip_Clock_GetPeripheralClockRate
 .text.Chip_IOCON_PinMuxSet
                0x00002618       0x38 /media/pablo/Disco_Auxiliar/UTN/UTN 2016/Digitales 2/TD II/Ejemplos FreeRTOS/workspace/lpc_chip_175x_6x/Debug/liblpc_chip_175x_6x.a(iocon_17xx_40xx.o)
                0x00002618                Chip_IOCON_PinMuxSet
 .text.Chip_IOCON_PinMux
                0x00002650       0x94 /media/pablo/Disco_Auxiliar/UTN/UTN 2016/Digitales 2/TD II/Ejemplos FreeRTOS/workspace/lpc_chip_175x_6x/Debug/liblpc_chip_175x_6x.a(iocon_17xx_40xx.o)
                0x00002650                Chip_IOCON_PinMux
 .text.Chip_IOCON_SetPinMuxing
                0x000026e4       0x64 /media/pablo/Disco_Auxiliar/UTN/UTN 2016/Digitales 2/TD II/Ejemplos FreeRTOS/workspace/lpc_chip_175x_6x/Debug/liblpc_chip_175x_6x.a(iocon_17xx_40xx.o)
                0x000026e4                Chip_IOCON_SetPinMuxing
 .text.Chip_Clock_IsMainPLLEnabled
                0x00002748       0x24 /media/pablo/Disco_Auxiliar/UTN/UTN 2016/Digitales 2/TD II/Ejemplos FreeRTOS/workspace/lpc_chip_175x_6x/Debug/liblpc_chip_175x_6x.a(sysinit_17xx_40xx.o)
 .text.Chip_Clock_IsMainPLLLocked
                0x0000276c       0x24 /media/pablo/Disco_Auxiliar/UTN/UTN 2016/Digitales 2/TD II/Ejemplos FreeRTOS/workspace/lpc_chip_175x_6x/Debug/liblpc_chip_175x_6x.a(sysinit_17xx_40xx.o)
 .text.Chip_Clock_IsMainPLLConnected
                0x00002790       0x24 /media/pablo/Disco_Auxiliar/UTN/UTN 2016/Digitales 2/TD II/Ejemplos FreeRTOS/workspace/lpc_chip_175x_6x/Debug/liblpc_chip_175x_6x.a(sysinit_17xx_40xx.o)
 .text.Chip_Clock_EnableCrystal
                0x000027b4       0x20 /media/pablo/Disco_Auxiliar/UTN/UTN 2016/Digitales 2/TD II/Ejemplos FreeRTOS/workspace/lpc_chip_175x_6x/Debug/liblpc_chip_175x_6x.a(sysinit_17xx_40xx.o)
 .text.Chip_Clock_IsCrystalEnabled
                0x000027d4       0x24 /media/pablo/Disco_Auxiliar/UTN/UTN 2016/Digitales 2/TD II/Ejemplos FreeRTOS/workspace/lpc_chip_175x_6x/Debug/liblpc_chip_175x_6x.a(sysinit_17xx_40xx.o)
 .text.Chip_Clock_SetMainPLLSource
                0x000027f8       0x20 /media/pablo/Disco_Auxiliar/UTN/UTN 2016/Digitales 2/TD II/Ejemplos FreeRTOS/workspace/lpc_chip_175x_6x/Debug/liblpc_chip_175x_6x.a(sysinit_17xx_40xx.o)
 .text.Chip_SetupXtalClocking
                0x00002818       0x90 /media/pablo/Disco_Auxiliar/UTN/UTN 2016/Digitales 2/TD II/Ejemplos FreeRTOS/workspace/lpc_chip_175x_6x/Debug/liblpc_chip_175x_6x.a(sysinit_17xx_40xx.o)
                0x00002818                Chip_SetupXtalClocking
 .text.Chip_Timer_GetClockIndex
                0x000028a8       0x50 /media/pablo/Disco_Auxiliar/UTN/UTN 2016/Digitales 2/TD II/Ejemplos FreeRTOS/workspace/lpc_chip_175x_6x/Debug/liblpc_chip_175x_6x.a(timer_17xx_40xx.o)
 .text.Chip_TIMER_Init
                0x000028f8       0x20 /media/pablo/Disco_Auxiliar/UTN/UTN 2016/Digitales 2/TD II/Ejemplos FreeRTOS/workspace/lpc_chip_175x_6x/Debug/liblpc_chip_175x_6x.a(timer_17xx_40xx.o)
                0x000028f8                Chip_TIMER_Init
 .text.Chip_TIMER_Reset
                0x00002918       0x3c /media/pablo/Disco_Auxiliar/UTN/UTN 2016/Digitales 2/TD II/Ejemplos FreeRTOS/workspace/lpc_chip_175x_6x/Debug/liblpc_chip_175x_6x.a(timer_17xx_40xx.o)
                0x00002918                Chip_TIMER_Reset
 .text.Chip_UART_SetupFIFOS
                0x00002954       0x1c /media/pablo/Disco_Auxiliar/UTN/UTN 2016/Digitales 2/TD II/Ejemplos FreeRTOS/workspace/lpc_chip_175x_6x/Debug/liblpc_chip_175x_6x.a(uart_17xx_40xx.o)
 .text.Chip_UART_ConfigData
                0x00002970       0x1c /media/pablo/Disco_Auxiliar/UTN/UTN 2016/Digitales 2/TD II/Ejemplos FreeRTOS/workspace/lpc_chip_175x_6x/Debug/liblpc_chip_175x_6x.a(uart_17xx_40xx.o)
 .text.Chip_UART_EnableDivisorAccess
                0x0000298c       0x20 /media/pablo/Disco_Auxiliar/UTN/UTN 2016/Digitales 2/TD II/Ejemplos FreeRTOS/workspace/lpc_chip_175x_6x/Debug/liblpc_chip_175x_6x.a(uart_17xx_40xx.o)
 .text.Chip_UART_DisableDivisorAccess
                0x000029ac       0x20 /media/pablo/Disco_Auxiliar/UTN/UTN 2016/Digitales 2/TD II/Ejemplos FreeRTOS/workspace/lpc_chip_175x_6x/Debug/liblpc_chip_175x_6x.a(uart_17xx_40xx.o)
 .text.Chip_UART_SetDivisorLatches
                0x000029cc       0x28 /media/pablo/Disco_Auxiliar/UTN/UTN 2016/Digitales 2/TD II/Ejemplos FreeRTOS/workspace/lpc_chip_175x_6x/Debug/liblpc_chip_175x_6x.a(uart_17xx_40xx.o)
 .text.Chip_UART_GetClockIndex
                0x000029f4       0x50 /media/pablo/Disco_Auxiliar/UTN/UTN 2016/Digitales 2/TD II/Ejemplos FreeRTOS/workspace/lpc_chip_175x_6x/Debug/liblpc_chip_175x_6x.a(uart_17xx_40xx.o)
 .text.Chip_UART_GetClkIndex
                0x00002a44       0x50 /media/pablo/Disco_Auxiliar/UTN/UTN 2016/Digitales 2/TD II/Ejemplos FreeRTOS/workspace/lpc_chip_175x_6x/Debug/liblpc_chip_175x_6x.a(uart_17xx_40xx.o)
 .text.Chip_UART_Init
                0x00002a94       0x78 /media/pablo/Disco_Auxiliar/UTN/UTN 2016/Digitales 2/TD II/Ejemplos FreeRTOS/workspace/lpc_chip_175x_6x/Debug/liblpc_chip_175x_6x.a(uart_17xx_40xx.o)
                0x00002a94                Chip_UART_Init
 .text.Chip_UART_TXEnable
                0x00002b0c       0x18 /media/pablo/Disco_Auxiliar/UTN/UTN 2016/Digitales 2/TD II/Ejemplos FreeRTOS/workspace/lpc_chip_175x_6x/Debug/liblpc_chip_175x_6x.a(uart_17xx_40xx.o)
                0x00002b0c                Chip_UART_TXEnable
 .text.Chip_UART_TXDisable
                0x00002b24       0x18 /media/pablo/Disco_Auxiliar/UTN/UTN 2016/Digitales 2/TD II/Ejemplos FreeRTOS/workspace/lpc_chip_175x_6x/Debug/liblpc_chip_175x_6x.a(uart_17xx_40xx.o)
                0x00002b24                Chip_UART_TXDisable
 .text.Chip_UART_SetBaud
                0x00002b3c       0x64 /media/pablo/Disco_Auxiliar/UTN/UTN 2016/Digitales 2/TD II/Ejemplos FreeRTOS/workspace/lpc_chip_175x_6x/Debug/liblpc_chip_175x_6x.a(uart_17xx_40xx.o)
                0x00002b3c                Chip_UART_SetBaud
 .text.memcpy   0x00002ba0        0x4 /usr/local/lpcxpresso_8.1.4_606/lpcxpresso/tools/bin/../lib/gcc/arm-none-eabi/5.2.1/../../../../arm-none-eabi/lib/armv7-m/libcr_c.a(memcpy.o)
                0x00002ba0                memcpy
 .text.memset   0x00002ba4        0x4 /usr/local/lpcxpresso_8.1.4_606/lpcxpresso/tools/bin/../lib/gcc/arm-none-eabi/5.2.1/../../../../arm-none-eabi/lib/armv7-m/libcr_c.a(memset.o)
                0x00002ba4                memset
 .text.__weak_main
                0x00002ba8        0x4 /usr/local/lpcxpresso_8.1.4_606/lpcxpresso/tools/bin/../lib/gcc/arm-none-eabi/5.2.1/../../../../arm-none-eabi/lib/armv7-m/libcr_c.a(__weak__main.o)
                0x00002ba8                __main
                0x00002ba8                __weak_main
 .text.__aeabi_memcpy
                0x00002bac       0x34 /usr/local/lpcxpresso_8.1.4_606/lpcxpresso/tools/bin/../lib/gcc/arm-none-eabi/5.2.1/armv7-m/libcr_eabihelpers.a(memcpy.o)
                0x00002bac                __aeabi_memcpy
                0x00002bb6                __aeabi_memcpy4
                0x00002bb6                __aeabi_memcpy8
 .text.__aeabi_memset_lowlevel
                0x00002be0       0x32 /usr/local/lpcxpresso_8.1.4_606/lpcxpresso/tools/bin/../lib/gcc/arm-none-eabi/5.2.1/armv7-m/libcr_eabihelpers.a(memcpy.o)
                0x00002be0                __aeabi_lowlevel_memset
 *(.rodata .rodata.* .constdata .constdata.*)
 *fill*         0x00002c12        0x2 ff
 .rodata        0x00002c14       0x28 ./src/Ejemplo_pseudo_pwm.o
 .rodata.OscRateIn
                0x00002c3c        0x4 /media/pablo/Disco_Auxiliar/UTN/UTN 2016/Digitales 2/TD II/Ejemplos FreeRTOS/workspace/LPC_BaseBoardBB1769_R02/Debug/libLPC_BaseBoardBB1769_R02.a(board.o)
                0x00002c3c                OscRateIn
 .rodata.RTCOscRateIn
                0x00002c40        0x4 /media/pablo/Disco_Auxiliar/UTN/UTN 2016/Digitales 2/TD II/Ejemplos FreeRTOS/workspace/LPC_BaseBoardBB1769_R02/Debug/libLPC_BaseBoardBB1769_R02.a(board.o)
                0x00002c40                RTCOscRateIn
 .rodata.pinmuxing
                0x00002c44       0x68 /media/pablo/Disco_Auxiliar/UTN/UTN 2016/Digitales 2/TD II/Ejemplos FreeRTOS/workspace/LPC_BaseBoardBB1769_R02/Debug/libLPC_BaseBoardBB1769_R02.a(board_sysinit.o)
 .rodata        0x00002cac        0x5 /media/pablo/Disco_Auxiliar/UTN/UTN 2016/Digitales 2/TD II/Ejemplos FreeRTOS/workspace/LibFreeRTOS_8.2.3/Debug/libLibFreeRTOS_8.2.3.a(tasks.o)
                0x00002cb4                . = ALIGN (0x4)
 *fill*         0x00002cb1        0x3 ff

.glue_7         0x00002cb4        0x0
 .glue_7        0x00002cb4        0x0 linker stubs

.glue_7t        0x00002cb4        0x0
 .glue_7t       0x00002cb4        0x0 linker stubs

.vfp11_veneer   0x00002cb4        0x0
 .vfp11_veneer  0x00002cb4        0x0 linker stubs

.v4_bx          0x00002cb4        0x0
 .v4_bx         0x00002cb4        0x0 linker stubs

.iplt           0x00002cb4        0x0
 .iplt          0x00002cb4        0x0 ./src/Ejemplo_pseudo_pwm.o

.rel.dyn        0x00002cb4        0x0
 .rel.iplt      0x00002cb4        0x0 ./src/Ejemplo_pseudo_pwm.o

.ARM.extab
 *(.ARM.extab* .gnu.linkonce.armextab.*)
                0x00002cb4                __exidx_start = .

.ARM.exidx
 *(.ARM.exidx* .gnu.linkonce.armexidx.*)
                0x00002cb4                __exidx_end = .
                0x00002cb4                _etext = .

.data_RAM2      0x2007c000        0x0 load address 0x00002cb4
 FILL mask 0xff
                [!provide]                PROVIDE (__start_data_RAM2, .)
 *(.ramfunc.$RAM2)
 *(.ramfunc.$RamAHB32)
 *(.data.$RAM2*)
 *(.data.$RamAHB32*)
                0x2007c000                . = ALIGN (0x4)
                [!provide]                PROVIDE (__end_data_RAM2, .)

.uninit_RESERVED
                0x10000000        0x0
 *(.bss.$RESERVED*)
                0x10000000                . = ALIGN (0x4)
                0x10000000                _end_uninit_RESERVED = .

.data           0x10000000        0x8 load address 0x00002cb4
 FILL mask 0xff
                0x10000000                _data = .
 *(vtable)
 *(.ramfunc*)
 *(.data*)
 .data.frec     0x10000000        0x2 ./src/Ejemplo_pseudo_pwm.o
                0x10000000                frec
 *fill*         0x10000002        0x2 ff
 .data.uxCriticalNesting
                0x10000004        0x4 /media/pablo/Disco_Auxiliar/UTN/UTN 2016/Digitales 2/TD II/Ejemplos FreeRTOS/workspace/LibFreeRTOS_8.2.3/Debug/libLibFreeRTOS_8.2.3.a(port.o)
                0x10000008                . = ALIGN (0x4)
                0x10000008                _edata = .

.igot.plt       0x10000008        0x0 load address 0x00002cbc
 .igot.plt      0x10000008        0x0 ./src/Ejemplo_pseudo_pwm.o

.bss_RAM2       0x2007c000        0x0
                [!provide]                PROVIDE (__start_bss_RAM2, .)
 *(.bss.$RAM2*)
 *(.bss.$RamAHB32*)
                0x2007c000                . = ALIGN ((. != 0x0)?0x4:0x1)
                [!provide]                PROVIDE (__end_bss_RAM2, .)

.bss            0x10000008     0x2958
                0x10000008                _bss = .
 *(.bss*)
 .bss.rxbuff    0x10000008        0x4 ./src/Ejemplo_pseudo_pwm.o
 .bss.xBinSem_rx
                0x1000000c        0x4 ./src/Ejemplo_pseudo_pwm.o
                0x1000000c                xBinSem_rx
 .bss.flag_rx   0x10000010        0x1 ./src/Ejemplo_pseudo_pwm.o
                0x10000010                flag_rx
 .bss.ii        0x10000011        0x1 ./src/Ejemplo_pseudo_pwm.o
                0x10000011                ii
 *fill*         0x10000012        0x2 
 .bss.matchVal  0x10000014        0x4 ./src/Ejemplo_pseudo_pwm.o
                0x10000014                matchVal
 .bss.pxCurrentTCB
                0x10000018        0x4 /media/pablo/Disco_Auxiliar/UTN/UTN 2016/Digitales 2/TD II/Ejemplos FreeRTOS/workspace/LibFreeRTOS_8.2.3/Debug/libLibFreeRTOS_8.2.3.a(tasks.o)
                0x10000018                pxCurrentTCB
 .bss.pxReadyTasksLists
                0x1000001c       0xa0 /media/pablo/Disco_Auxiliar/UTN/UTN 2016/Digitales 2/TD II/Ejemplos FreeRTOS/workspace/LibFreeRTOS_8.2.3/Debug/libLibFreeRTOS_8.2.3.a(tasks.o)
 .bss.xDelayedTaskList1
                0x100000bc       0x14 /media/pablo/Disco_Auxiliar/UTN/UTN 2016/Digitales 2/TD II/Ejemplos FreeRTOS/workspace/LibFreeRTOS_8.2.3/Debug/libLibFreeRTOS_8.2.3.a(tasks.o)
 .bss.xDelayedTaskList2
                0x100000d0       0x14 /media/pablo/Disco_Auxiliar/UTN/UTN 2016/Digitales 2/TD II/Ejemplos FreeRTOS/workspace/LibFreeRTOS_8.2.3/Debug/libLibFreeRTOS_8.2.3.a(tasks.o)
 .bss.pxDelayedTaskList
                0x100000e4        0x4 /media/pablo/Disco_Auxiliar/UTN/UTN 2016/Digitales 2/TD II/Ejemplos FreeRTOS/workspace/LibFreeRTOS_8.2.3/Debug/libLibFreeRTOS_8.2.3.a(tasks.o)
 .bss.pxOverflowDelayedTaskList
                0x100000e8        0x4 /media/pablo/Disco_Auxiliar/UTN/UTN 2016/Digitales 2/TD II/Ejemplos FreeRTOS/workspace/LibFreeRTOS_8.2.3/Debug/libLibFreeRTOS_8.2.3.a(tasks.o)
 .bss.xPendingReadyList
                0x100000ec       0x14 /media/pablo/Disco_Auxiliar/UTN/UTN 2016/Digitales 2/TD II/Ejemplos FreeRTOS/workspace/LibFreeRTOS_8.2.3/Debug/libLibFreeRTOS_8.2.3.a(tasks.o)
 .bss.xTasksWaitingTermination
                0x10000100       0x14 /media/pablo/Disco_Auxiliar/UTN/UTN 2016/Digitales 2/TD II/Ejemplos FreeRTOS/workspace/LibFreeRTOS_8.2.3/Debug/libLibFreeRTOS_8.2.3.a(tasks.o)
 .bss.uxTasksDeleted
                0x10000114        0x4 /media/pablo/Disco_Auxiliar/UTN/UTN 2016/Digitales 2/TD II/Ejemplos FreeRTOS/workspace/LibFreeRTOS_8.2.3/Debug/libLibFreeRTOS_8.2.3.a(tasks.o)
 .bss.xSuspendedTaskList
                0x10000118       0x14 /media/pablo/Disco_Auxiliar/UTN/UTN 2016/Digitales 2/TD II/Ejemplos FreeRTOS/workspace/LibFreeRTOS_8.2.3/Debug/libLibFreeRTOS_8.2.3.a(tasks.o)
 .bss.uxCurrentNumberOfTasks
                0x1000012c        0x4 /media/pablo/Disco_Auxiliar/UTN/UTN 2016/Digitales 2/TD II/Ejemplos FreeRTOS/workspace/LibFreeRTOS_8.2.3/Debug/libLibFreeRTOS_8.2.3.a(tasks.o)
 .bss.xTickCount
                0x10000130        0x4 /media/pablo/Disco_Auxiliar/UTN/UTN 2016/Digitales 2/TD II/Ejemplos FreeRTOS/workspace/LibFreeRTOS_8.2.3/Debug/libLibFreeRTOS_8.2.3.a(tasks.o)
 .bss.uxTopReadyPriority
                0x10000134        0x4 /media/pablo/Disco_Auxiliar/UTN/UTN 2016/Digitales 2/TD II/Ejemplos FreeRTOS/workspace/LibFreeRTOS_8.2.3/Debug/libLibFreeRTOS_8.2.3.a(tasks.o)
 .bss.xSchedulerRunning
                0x10000138        0x4 /media/pablo/Disco_Auxiliar/UTN/UTN 2016/Digitales 2/TD II/Ejemplos FreeRTOS/workspace/LibFreeRTOS_8.2.3/Debug/libLibFreeRTOS_8.2.3.a(tasks.o)
 .bss.uxPendedTicks
                0x1000013c        0x4 /media/pablo/Disco_Auxiliar/UTN/UTN 2016/Digitales 2/TD II/Ejemplos FreeRTOS/workspace/LibFreeRTOS_8.2.3/Debug/libLibFreeRTOS_8.2.3.a(tasks.o)
 .bss.xYieldPending
                0x10000140        0x4 /media/pablo/Disco_Auxiliar/UTN/UTN 2016/Digitales 2/TD II/Ejemplos FreeRTOS/workspace/LibFreeRTOS_8.2.3/Debug/libLibFreeRTOS_8.2.3.a(tasks.o)
 .bss.xNumOfOverflows
                0x10000144        0x4 /media/pablo/Disco_Auxiliar/UTN/UTN 2016/Digitales 2/TD II/Ejemplos FreeRTOS/workspace/LibFreeRTOS_8.2.3/Debug/libLibFreeRTOS_8.2.3.a(tasks.o)
 .bss.uxTaskNumber
                0x10000148        0x4 /media/pablo/Disco_Auxiliar/UTN/UTN 2016/Digitales 2/TD II/Ejemplos FreeRTOS/workspace/LibFreeRTOS_8.2.3/Debug/libLibFreeRTOS_8.2.3.a(tasks.o)
 .bss.xNextTaskUnblockTime
                0x1000014c        0x4 /media/pablo/Disco_Auxiliar/UTN/UTN 2016/Digitales 2/TD II/Ejemplos FreeRTOS/workspace/LibFreeRTOS_8.2.3/Debug/libLibFreeRTOS_8.2.3.a(tasks.o)
 .bss.uxSchedulerSuspended
                0x10000150        0x4 /media/pablo/Disco_Auxiliar/UTN/UTN 2016/Digitales 2/TD II/Ejemplos FreeRTOS/workspace/LibFreeRTOS_8.2.3/Debug/libLibFreeRTOS_8.2.3.a(tasks.o)
 .bss.ucHeap    0x10000154     0x2800 /media/pablo/Disco_Auxiliar/UTN/UTN 2016/Digitales 2/TD II/Ejemplos FreeRTOS/workspace/LibFreeRTOS_8.2.3/Debug/libLibFreeRTOS_8.2.3.a(heap_1.o)
 .bss.xNextFreeByte
                0x10002954        0x4 /media/pablo/Disco_Auxiliar/UTN/UTN 2016/Digitales 2/TD II/Ejemplos FreeRTOS/workspace/LibFreeRTOS_8.2.3/Debug/libLibFreeRTOS_8.2.3.a(heap_1.o)
 .bss.pucAlignedHeap.7656
                0x10002958        0x4 /media/pablo/Disco_Auxiliar/UTN/UTN 2016/Digitales 2/TD II/Ejemplos FreeRTOS/workspace/LibFreeRTOS_8.2.3/Debug/libLibFreeRTOS_8.2.3.a(heap_1.o)
 *(COMMON)
 COMMON         0x1000295c        0x4 /media/pablo/Disco_Auxiliar/UTN/UTN 2016/Digitales 2/TD II/Ejemplos FreeRTOS/workspace/lpc_chip_175x_6x/Debug/liblpc_chip_175x_6x.a(chip_17xx_40xx.o)
                0x1000295c                SystemCoreClock
                0x10002960                . = ALIGN (0x4)
                0x10002960                _ebss = .
                [!provide]                PROVIDE (end, .)

.noinit_RAM2    0x2007c000        0x0
 *(.noinit.$RAM2*)
 *(.noinit.$RamAHB32*)
                0x2007c000                . = ALIGN (0x4)

.noinit         0x10002960        0x0
                0x10002960                _noinit = .
 *(.noinit*)
                0x10002960                . = ALIGN (0x4)
                0x10002960                _end_noinit = .
                [!provide]                PROVIDE (_pvHeapStart, DEFINED (__user_heap_base)?__user_heap_base:.)
                0x10008000                PROVIDE (_vStackTop, DEFINED (__user_stack_top)?__user_stack_top:(__top_RamLoc32 - 0x0))
                0xefff74b2                PROVIDE (__valid_user_code_checksum, (0x0 - ((((((_vStackTop + (ResetISR + 0x1)) + (NMI_Handler + 0x1)) + (HardFault_Handler + 0x1)) + (DEFINED (MemManage_Handler)?MemManage_Handler:0x0 + 0x1)) + (DEFINED (BusFault_Handler)?BusFault_Handler:0x0 + 0x1)) + (DEFINED (UsageFault_Handler)?UsageFault_Handler:0x0 + 0x1))))
OUTPUT(Ejemplo_pseudo_pwm.axf elf32-littlearm)

.debug_info     0x00000000     0x7ff5
 .debug_info    0x00000000      0xf36 ./src/Ejemplo_pseudo_pwm.o
 .debug_info    0x00000f36      0x24e ./src/cr_startup_lpc175x_6x.o
 .debug_info    0x00001184      0x110 ./src/sysinit.o
 .debug_info    0x00001294     0x11ff /media/pablo/Disco_Auxiliar/UTN/UTN 2016/Digitales 2/TD II/Ejemplos FreeRTOS/workspace/LPC_BaseBoardBB1769_R02/Debug/libLPC_BaseBoardBB1769_R02.a(board.o)
 .debug_info    0x00002493      0x56c /media/pablo/Disco_Auxiliar/UTN/UTN 2016/Digitales 2/TD II/Ejemplos FreeRTOS/workspace/LPC_BaseBoardBB1769_R02/Debug/libLPC_BaseBoardBB1769_R02.a(board_sysinit.o)
 .debug_info    0x000029ff      0xcb6 /media/pablo/Disco_Auxiliar/UTN/UTN 2016/Digitales 2/TD II/Ejemplos FreeRTOS/workspace/LibFreeRTOS_8.2.3/Debug/libLibFreeRTOS_8.2.3.a(queue.o)
 .debug_info    0x000036b5     0x1699 /media/pablo/Disco_Auxiliar/UTN/UTN 2016/Digitales 2/TD II/Ejemplos FreeRTOS/workspace/LibFreeRTOS_8.2.3/Debug/libLibFreeRTOS_8.2.3.a(tasks.o)
 .debug_info    0x00004d4e      0x24b /media/pablo/Disco_Auxiliar/UTN/UTN 2016/Digitales 2/TD II/Ejemplos FreeRTOS/workspace/LibFreeRTOS_8.2.3/Debug/libLibFreeRTOS_8.2.3.a(heap_1.o)
 .debug_info    0x00004f99      0x31d /media/pablo/Disco_Auxiliar/UTN/UTN 2016/Digitales 2/TD II/Ejemplos FreeRTOS/workspace/LibFreeRTOS_8.2.3/Debug/libLibFreeRTOS_8.2.3.a(port.o)
 .debug_info    0x000052b6      0x2df /media/pablo/Disco_Auxiliar/UTN/UTN 2016/Digitales 2/TD II/Ejemplos FreeRTOS/workspace/LibFreeRTOS_8.2.3/Debug/libLibFreeRTOS_8.2.3.a(list.o)
 .debug_info    0x00005595      0x51e /media/pablo/Disco_Auxiliar/UTN/UTN 2016/Digitales 2/TD II/Ejemplos FreeRTOS/workspace/lpc_chip_175x_6x/Debug/liblpc_chip_175x_6x.a(chip_17xx_40xx.o)
 .debug_info    0x00005ab3      0xb62 /media/pablo/Disco_Auxiliar/UTN/UTN 2016/Digitales 2/TD II/Ejemplos FreeRTOS/workspace/lpc_chip_175x_6x/Debug/liblpc_chip_175x_6x.a(clock_17xx_40xx.o)
 .debug_info    0x00006615      0x2d9 /media/pablo/Disco_Auxiliar/UTN/UTN 2016/Digitales 2/TD II/Ejemplos FreeRTOS/workspace/lpc_chip_175x_6x/Debug/liblpc_chip_175x_6x.a(iocon_17xx_40xx.o)
 .debug_info    0x000068ee      0x439 /media/pablo/Disco_Auxiliar/UTN/UTN 2016/Digitales 2/TD II/Ejemplos FreeRTOS/workspace/lpc_chip_175x_6x/Debug/liblpc_chip_175x_6x.a(sysinit_17xx_40xx.o)
 .debug_info    0x00006d27      0x3f4 /media/pablo/Disco_Auxiliar/UTN/UTN 2016/Digitales 2/TD II/Ejemplos FreeRTOS/workspace/lpc_chip_175x_6x/Debug/liblpc_chip_175x_6x.a(timer_17xx_40xx.o)
 .debug_info    0x0000711b      0xeda /media/pablo/Disco_Auxiliar/UTN/UTN 2016/Digitales 2/TD II/Ejemplos FreeRTOS/workspace/lpc_chip_175x_6x/Debug/liblpc_chip_175x_6x.a(uart_17xx_40xx.o)

.debug_abbrev   0x00000000     0x1c4b
 .debug_abbrev  0x00000000      0x321 ./src/Ejemplo_pseudo_pwm.o
 .debug_abbrev  0x00000321       0xf5 ./src/cr_startup_lpc175x_6x.o
 .debug_abbrev  0x00000416       0xa3 ./src/sysinit.o
 .debug_abbrev  0x000004b9      0x2e4 /media/pablo/Disco_Auxiliar/UTN/UTN 2016/Digitales 2/TD II/Ejemplos FreeRTOS/workspace/LPC_BaseBoardBB1769_R02/Debug/libLPC_BaseBoardBB1769_R02.a(board.o)
 .debug_abbrev  0x0000079d      0x15c /media/pablo/Disco_Auxiliar/UTN/UTN 2016/Digitales 2/TD II/Ejemplos FreeRTOS/workspace/LPC_BaseBoardBB1769_R02/Debug/libLPC_BaseBoardBB1769_R02.a(board_sysinit.o)
 .debug_abbrev  0x000008f9      0x1ca /media/pablo/Disco_Auxiliar/UTN/UTN 2016/Digitales 2/TD II/Ejemplos FreeRTOS/workspace/LibFreeRTOS_8.2.3/Debug/libLibFreeRTOS_8.2.3.a(queue.o)
 .debug_abbrev  0x00000ac3      0x2ac /media/pablo/Disco_Auxiliar/UTN/UTN 2016/Digitales 2/TD II/Ejemplos FreeRTOS/workspace/LibFreeRTOS_8.2.3/Debug/libLibFreeRTOS_8.2.3.a(tasks.o)
 .debug_abbrev  0x00000d6f      0x137 /media/pablo/Disco_Auxiliar/UTN/UTN 2016/Digitales 2/TD II/Ejemplos FreeRTOS/workspace/LibFreeRTOS_8.2.3/Debug/libLibFreeRTOS_8.2.3.a(heap_1.o)
 .debug_abbrev  0x00000ea6      0x1ab /media/pablo/Disco_Auxiliar/UTN/UTN 2016/Digitales 2/TD II/Ejemplos FreeRTOS/workspace/LibFreeRTOS_8.2.3/Debug/libLibFreeRTOS_8.2.3.a(port.o)
 .debug_abbrev  0x00001051       0xec /media/pablo/Disco_Auxiliar/UTN/UTN 2016/Digitales 2/TD II/Ejemplos FreeRTOS/workspace/LibFreeRTOS_8.2.3/Debug/libLibFreeRTOS_8.2.3.a(list.o)
 .debug_abbrev  0x0000113d      0x13c /media/pablo/Disco_Auxiliar/UTN/UTN 2016/Digitales 2/TD II/Ejemplos FreeRTOS/workspace/lpc_chip_175x_6x/Debug/liblpc_chip_175x_6x.a(chip_17xx_40xx.o)
 .debug_abbrev  0x00001279      0x2ec /media/pablo/Disco_Auxiliar/UTN/UTN 2016/Digitales 2/TD II/Ejemplos FreeRTOS/workspace/lpc_chip_175x_6x/Debug/liblpc_chip_175x_6x.a(clock_17xx_40xx.o)
 .debug_abbrev  0x00001565      0x126 /media/pablo/Disco_Auxiliar/UTN/UTN 2016/Digitales 2/TD II/Ejemplos FreeRTOS/workspace/lpc_chip_175x_6x/Debug/liblpc_chip_175x_6x.a(iocon_17xx_40xx.o)
 .debug_abbrev  0x0000168b      0x175 /media/pablo/Disco_Auxiliar/UTN/UTN 2016/Digitales 2/TD II/Ejemplos FreeRTOS/workspace/lpc_chip_175x_6x/Debug/liblpc_chip_175x_6x.a(sysinit_17xx_40xx.o)
 .debug_abbrev  0x00001800      0x163 /media/pablo/Disco_Auxiliar/UTN/UTN 2016/Digitales 2/TD II/Ejemplos FreeRTOS/workspace/lpc_chip_175x_6x/Debug/liblpc_chip_175x_6x.a(timer_17xx_40xx.o)
 .debug_abbrev  0x00001963      0x2e8 /media/pablo/Disco_Auxiliar/UTN/UTN 2016/Digitales 2/TD II/Ejemplos FreeRTOS/workspace/lpc_chip_175x_6x/Debug/liblpc_chip_175x_6x.a(uart_17xx_40xx.o)

.debug_aranges  0x00000000      0xa08
 .debug_aranges
                0x00000000       0xf8 ./src/Ejemplo_pseudo_pwm.o
 .debug_aranges
                0x000000f8       0x80 ./src/cr_startup_lpc175x_6x.o
 .debug_aranges
                0x00000178       0x20 ./src/sysinit.o
 .debug_aranges
                0x00000198      0x138 /media/pablo/Disco_Auxiliar/UTN/UTN 2016/Digitales 2/TD II/Ejemplos FreeRTOS/workspace/LPC_BaseBoardBB1769_R02/Debug/libLPC_BaseBoardBB1769_R02.a(board.o)
 .debug_aranges
                0x000002d0       0x38 /media/pablo/Disco_Auxiliar/UTN/UTN 2016/Digitales 2/TD II/Ejemplos FreeRTOS/workspace/LPC_BaseBoardBB1769_R02/Debug/libLPC_BaseBoardBB1769_R02.a(board_sysinit.o)
 .debug_aranges
                0x00000308       0xf8 /media/pablo/Disco_Auxiliar/UTN/UTN 2016/Digitales 2/TD II/Ejemplos FreeRTOS/workspace/LibFreeRTOS_8.2.3/Debug/libLibFreeRTOS_8.2.3.a(queue.o)
 .debug_aranges
                0x00000400      0x1b8 /media/pablo/Disco_Auxiliar/UTN/UTN 2016/Digitales 2/TD II/Ejemplos FreeRTOS/workspace/LibFreeRTOS_8.2.3/Debug/libLibFreeRTOS_8.2.3.a(tasks.o)
 .debug_aranges
                0x000005b8       0x38 /media/pablo/Disco_Auxiliar/UTN/UTN 2016/Digitales 2/TD II/Ejemplos FreeRTOS/workspace/LibFreeRTOS_8.2.3/Debug/libLibFreeRTOS_8.2.3.a(heap_1.o)
 .debug_aranges
                0x000005f0       0x88 /media/pablo/Disco_Auxiliar/UTN/UTN 2016/Digitales 2/TD II/Ejemplos FreeRTOS/workspace/LibFreeRTOS_8.2.3/Debug/libLibFreeRTOS_8.2.3.a(port.o)
 .debug_aranges
                0x00000678       0x40 /media/pablo/Disco_Auxiliar/UTN/UTN 2016/Digitales 2/TD II/Ejemplos FreeRTOS/workspace/LibFreeRTOS_8.2.3/Debug/libLibFreeRTOS_8.2.3.a(list.o)
 .debug_aranges
                0x000006b8       0x38 /media/pablo/Disco_Auxiliar/UTN/UTN 2016/Digitales 2/TD II/Ejemplos FreeRTOS/workspace/lpc_chip_175x_6x/Debug/liblpc_chip_175x_6x.a(chip_17xx_40xx.o)
 .debug_aranges
                0x000006f0      0x120 /media/pablo/Disco_Auxiliar/UTN/UTN 2016/Digitales 2/TD II/Ejemplos FreeRTOS/workspace/lpc_chip_175x_6x/Debug/liblpc_chip_175x_6x.a(clock_17xx_40xx.o)
 .debug_aranges
                0x00000810       0x30 /media/pablo/Disco_Auxiliar/UTN/UTN 2016/Digitales 2/TD II/Ejemplos FreeRTOS/workspace/lpc_chip_175x_6x/Debug/liblpc_chip_175x_6x.a(iocon_17xx_40xx.o)
 .debug_aranges
                0x00000840       0x60 /media/pablo/Disco_Auxiliar/UTN/UTN 2016/Digitales 2/TD II/Ejemplos FreeRTOS/workspace/lpc_chip_175x_6x/Debug/liblpc_chip_175x_6x.a(sysinit_17xx_40xx.o)
 .debug_aranges
                0x000008a0       0x40 /media/pablo/Disco_Auxiliar/UTN/UTN 2016/Digitales 2/TD II/Ejemplos FreeRTOS/workspace/lpc_chip_175x_6x/Debug/liblpc_chip_175x_6x.a(timer_17xx_40xx.o)
 .debug_aranges
                0x000008e0      0x128 /media/pablo/Disco_Auxiliar/UTN/UTN 2016/Digitales 2/TD II/Ejemplos FreeRTOS/workspace/lpc_chip_175x_6x/Debug/liblpc_chip_175x_6x.a(uart_17xx_40xx.o)

.debug_ranges   0x00000000      0x908
 .debug_ranges  0x00000000       0xe8 ./src/Ejemplo_pseudo_pwm.o
 .debug_ranges  0x000000e8       0x70 ./src/cr_startup_lpc175x_6x.o
 .debug_ranges  0x00000158       0x10 ./src/sysinit.o
 .debug_ranges  0x00000168      0x128 /media/pablo/Disco_Auxiliar/UTN/UTN 2016/Digitales 2/TD II/Ejemplos FreeRTOS/workspace/LPC_BaseBoardBB1769_R02/Debug/libLPC_BaseBoardBB1769_R02.a(board.o)
 .debug_ranges  0x00000290       0x28 /media/pablo/Disco_Auxiliar/UTN/UTN 2016/Digitales 2/TD II/Ejemplos FreeRTOS/workspace/LPC_BaseBoardBB1769_R02/Debug/libLPC_BaseBoardBB1769_R02.a(board_sysinit.o)
 .debug_ranges  0x000002b8       0xe8 /media/pablo/Disco_Auxiliar/UTN/UTN 2016/Digitales 2/TD II/Ejemplos FreeRTOS/workspace/LibFreeRTOS_8.2.3/Debug/libLibFreeRTOS_8.2.3.a(queue.o)
 .debug_ranges  0x000003a0      0x1a8 /media/pablo/Disco_Auxiliar/UTN/UTN 2016/Digitales 2/TD II/Ejemplos FreeRTOS/workspace/LibFreeRTOS_8.2.3/Debug/libLibFreeRTOS_8.2.3.a(tasks.o)
 .debug_ranges  0x00000548       0x28 /media/pablo/Disco_Auxiliar/UTN/UTN 2016/Digitales 2/TD II/Ejemplos FreeRTOS/workspace/LibFreeRTOS_8.2.3/Debug/libLibFreeRTOS_8.2.3.a(heap_1.o)
 .debug_ranges  0x00000570       0x78 /media/pablo/Disco_Auxiliar/UTN/UTN 2016/Digitales 2/TD II/Ejemplos FreeRTOS/workspace/LibFreeRTOS_8.2.3/Debug/libLibFreeRTOS_8.2.3.a(port.o)
 .debug_ranges  0x000005e8       0x30 /media/pablo/Disco_Auxiliar/UTN/UTN 2016/Digitales 2/TD II/Ejemplos FreeRTOS/workspace/LibFreeRTOS_8.2.3/Debug/libLibFreeRTOS_8.2.3.a(list.o)
 .debug_ranges  0x00000618       0x28 /media/pablo/Disco_Auxiliar/UTN/UTN 2016/Digitales 2/TD II/Ejemplos FreeRTOS/workspace/lpc_chip_175x_6x/Debug/liblpc_chip_175x_6x.a(chip_17xx_40xx.o)
 .debug_ranges  0x00000640      0x110 /media/pablo/Disco_Auxiliar/UTN/UTN 2016/Digitales 2/TD II/Ejemplos FreeRTOS/workspace/lpc_chip_175x_6x/Debug/liblpc_chip_175x_6x.a(clock_17xx_40xx.o)
 .debug_ranges  0x00000750       0x20 /media/pablo/Disco_Auxiliar/UTN/UTN 2016/Digitales 2/TD II/Ejemplos FreeRTOS/workspace/lpc_chip_175x_6x/Debug/liblpc_chip_175x_6x.a(iocon_17xx_40xx.o)
 .debug_ranges  0x00000770       0x50 /media/pablo/Disco_Auxiliar/UTN/UTN 2016/Digitales 2/TD II/Ejemplos FreeRTOS/workspace/lpc_chip_175x_6x/Debug/liblpc_chip_175x_6x.a(sysinit_17xx_40xx.o)
 .debug_ranges  0x000007c0       0x30 /media/pablo/Disco_Auxiliar/UTN/UTN 2016/Digitales 2/TD II/Ejemplos FreeRTOS/workspace/lpc_chip_175x_6x/Debug/liblpc_chip_175x_6x.a(timer_17xx_40xx.o)
 .debug_ranges  0x000007f0      0x118 /media/pablo/Disco_Auxiliar/UTN/UTN 2016/Digitales 2/TD II/Ejemplos FreeRTOS/workspace/lpc_chip_175x_6x/Debug/liblpc_chip_175x_6x.a(uart_17xx_40xx.o)

.debug_macro    0x00000000     0x78c2
 .debug_macro   0x00000000      0x2c6 ./src/Ejemplo_pseudo_pwm.o
 .debug_macro   0x000002c6      0x88c ./src/Ejemplo_pseudo_pwm.o
 .debug_macro   0x00000b52       0x10 ./src/Ejemplo_pseudo_pwm.o
 .debug_macro   0x00000b62      0x12d ./src/Ejemplo_pseudo_pwm.o
 .debug_macro   0x00000c8f       0x16 ./src/Ejemplo_pseudo_pwm.o
 .debug_macro   0x00000ca5      0x5b2 ./src/Ejemplo_pseudo_pwm.o
 .debug_macro   0x00001257       0x22 ./src/Ejemplo_pseudo_pwm.o
 .debug_macro   0x00001279       0x74 ./src/Ejemplo_pseudo_pwm.o
 .debug_macro   0x000012ed       0x10 ./src/Ejemplo_pseudo_pwm.o
 .debug_macro   0x000012fd       0x2d ./src/Ejemplo_pseudo_pwm.o
 .debug_macro   0x0000132a       0x3a ./src/Ejemplo_pseudo_pwm.o
 .debug_macro   0x00001364       0x2d ./src/Ejemplo_pseudo_pwm.o
 .debug_macro   0x00001391      0xbb1 ./src/Ejemplo_pseudo_pwm.o
 .debug_macro   0x00001f42      0x22c ./src/Ejemplo_pseudo_pwm.o
 .debug_macro   0x0000216e       0x42 ./src/Ejemplo_pseudo_pwm.o
 .debug_macro   0x000021b0       0x52 ./src/Ejemplo_pseudo_pwm.o
 .debug_macro   0x00002202       0x78 ./src/Ejemplo_pseudo_pwm.o
 .debug_macro   0x0000227a       0x82 ./src/Ejemplo_pseudo_pwm.o
 .debug_macro   0x000022fc      0x48c ./src/Ejemplo_pseudo_pwm.o
 .debug_macro   0x00002788       0x34 ./src/Ejemplo_pseudo_pwm.o
 .debug_macro   0x000027bc      0x4c5 ./src/Ejemplo_pseudo_pwm.o
 .debug_macro   0x00002c81      0x1b7 ./src/Ejemplo_pseudo_pwm.o
 .debug_macro   0x00002e38       0x10 ./src/Ejemplo_pseudo_pwm.o
 .debug_macro   0x00002e48      0x21b ./src/Ejemplo_pseudo_pwm.o
 .debug_macro   0x00003063      0x1b9 ./src/Ejemplo_pseudo_pwm.o
 .debug_macro   0x0000321c       0x40 ./src/Ejemplo_pseudo_pwm.o
 .debug_macro   0x0000325c       0x22 ./src/Ejemplo_pseudo_pwm.o
 .debug_macro   0x0000327e      0x162 ./src/Ejemplo_pseudo_pwm.o
 .debug_macro   0x000033e0       0x94 ./src/Ejemplo_pseudo_pwm.o
 .debug_macro   0x00003474       0xb8 ./src/Ejemplo_pseudo_pwm.o
 .debug_macro   0x0000352c       0x4c ./src/Ejemplo_pseudo_pwm.o
 .debug_macro   0x00003578       0x16 ./src/Ejemplo_pseudo_pwm.o
 .debug_macro   0x0000358e      0x328 ./src/Ejemplo_pseudo_pwm.o
 .debug_macro   0x000038b6       0x49 ./src/Ejemplo_pseudo_pwm.o
 .debug_macro   0x000038ff       0x16 ./src/Ejemplo_pseudo_pwm.o
 .debug_macro   0x00003915       0xca ./src/Ejemplo_pseudo_pwm.o
 .debug_macro   0x000039df       0x11 ./src/Ejemplo_pseudo_pwm.o
 .debug_macro   0x000039f0       0xbe ./src/Ejemplo_pseudo_pwm.o
 .debug_macro   0x00003aae       0x9a ./src/Ejemplo_pseudo_pwm.o
 .debug_macro   0x00003b48       0x20 ./src/Ejemplo_pseudo_pwm.o
 .debug_macro   0x00003b68       0x28 ./src/Ejemplo_pseudo_pwm.o
 .debug_macro   0x00003b90       0xe8 ./src/Ejemplo_pseudo_pwm.o
 .debug_macro   0x00003c78      0x15d ./src/Ejemplo_pseudo_pwm.o
 .debug_macro   0x00003dd5       0xd2 ./src/Ejemplo_pseudo_pwm.o
 .debug_macro   0x00003ea7       0x10 ./src/Ejemplo_pseudo_pwm.o
 .debug_macro   0x00003eb7       0x1f ./src/Ejemplo_pseudo_pwm.o
 .debug_macro   0x00003ed6      0x3d1 ./src/Ejemplo_pseudo_pwm.o
 .debug_macro   0x000042a7       0xc0 ./src/Ejemplo_pseudo_pwm.o
 .debug_macro   0x00004367       0x9a ./src/Ejemplo_pseudo_pwm.o
 .debug_macro   0x00004401       0xb0 ./src/Ejemplo_pseudo_pwm.o
 .debug_macro   0x000044b1       0x7f ./src/Ejemplo_pseudo_pwm.o
 .debug_macro   0x00004530       0x82 ./src/Ejemplo_pseudo_pwm.o
 .debug_macro   0x000045b2       0x1d ./src/cr_startup_lpc175x_6x.o
 .debug_macro   0x000045cf      0x217 ./src/sysinit.o
 .debug_macro   0x000047e6       0x7b ./src/sysinit.o
 .debug_macro   0x00004861       0x18 ./src/sysinit.o
 .debug_macro   0x00004879      0x22e /media/pablo/Disco_Auxiliar/UTN/UTN 2016/Digitales 2/TD II/Ejemplos FreeRTOS/workspace/LPC_BaseBoardBB1769_R02/Debug/libLPC_BaseBoardBB1769_R02.a(board.o)
 .debug_macro   0x00004aa7      0x886 /media/pablo/Disco_Auxiliar/UTN/UTN 2016/Digitales 2/TD II/Ejemplos FreeRTOS/workspace/LPC_BaseBoardBB1769_R02/Debug/libLPC_BaseBoardBB1769_R02.a(board.o)
 .debug_macro   0x0000532d       0x12 /media/pablo/Disco_Auxiliar/UTN/UTN 2016/Digitales 2/TD II/Ejemplos FreeRTOS/workspace/LPC_BaseBoardBB1769_R02/Debug/libLPC_BaseBoardBB1769_R02.a(board.o)
 .debug_macro   0x0000533f      0x217 /media/pablo/Disco_Auxiliar/UTN/UTN 2016/Digitales 2/TD II/Ejemplos FreeRTOS/workspace/LPC_BaseBoardBB1769_R02/Debug/libLPC_BaseBoardBB1769_R02.a(board_sysinit.o)
 .debug_macro   0x00005556      0x303 /media/pablo/Disco_Auxiliar/UTN/UTN 2016/Digitales 2/TD II/Ejemplos FreeRTOS/workspace/LibFreeRTOS_8.2.3/Debug/libLibFreeRTOS_8.2.3.a(queue.o)
 .debug_macro   0x00005859      0x874 /media/pablo/Disco_Auxiliar/UTN/UTN 2016/Digitales 2/TD II/Ejemplos FreeRTOS/workspace/LibFreeRTOS_8.2.3/Debug/libLibFreeRTOS_8.2.3.a(queue.o)
 .debug_macro   0x000060cd       0x28 /media/pablo/Disco_Auxiliar/UTN/UTN 2016/Digitales 2/TD II/Ejemplos FreeRTOS/workspace/LibFreeRTOS_8.2.3/Debug/libLibFreeRTOS_8.2.3.a(queue.o)
 .debug_macro   0x000060f5       0x76 /media/pablo/Disco_Auxiliar/UTN/UTN 2016/Digitales 2/TD II/Ejemplos FreeRTOS/workspace/LibFreeRTOS_8.2.3/Debug/libLibFreeRTOS_8.2.3.a(queue.o)
 .debug_macro   0x0000616b       0x20 /media/pablo/Disco_Auxiliar/UTN/UTN 2016/Digitales 2/TD II/Ejemplos FreeRTOS/workspace/LibFreeRTOS_8.2.3/Debug/libLibFreeRTOS_8.2.3.a(queue.o)
 .debug_macro   0x0000618b      0x33f /media/pablo/Disco_Auxiliar/UTN/UTN 2016/Digitales 2/TD II/Ejemplos FreeRTOS/workspace/LibFreeRTOS_8.2.3/Debug/libLibFreeRTOS_8.2.3.a(tasks.o)
 .debug_macro   0x000064ca       0x91 /media/pablo/Disco_Auxiliar/UTN/UTN 2016/Digitales 2/TD II/Ejemplos FreeRTOS/workspace/LibFreeRTOS_8.2.3/Debug/libLibFreeRTOS_8.2.3.a(tasks.o)
 .debug_macro   0x0000655b       0x11 /media/pablo/Disco_Auxiliar/UTN/UTN 2016/Digitales 2/TD II/Ejemplos FreeRTOS/workspace/LibFreeRTOS_8.2.3/Debug/libLibFreeRTOS_8.2.3.a(tasks.o)
 .debug_macro   0x0000656c      0x2bb /media/pablo/Disco_Auxiliar/UTN/UTN 2016/Digitales 2/TD II/Ejemplos FreeRTOS/workspace/LibFreeRTOS_8.2.3/Debug/libLibFreeRTOS_8.2.3.a(heap_1.o)
 .debug_macro   0x00006827      0x333 /media/pablo/Disco_Auxiliar/UTN/UTN 2016/Digitales 2/TD II/Ejemplos FreeRTOS/workspace/LibFreeRTOS_8.2.3/Debug/libLibFreeRTOS_8.2.3.a(port.o)
 .debug_macro   0x00006b5a      0x29a /media/pablo/Disco_Auxiliar/UTN/UTN 2016/Digitales 2/TD II/Ejemplos FreeRTOS/workspace/LibFreeRTOS_8.2.3/Debug/libLibFreeRTOS_8.2.3.a(list.o)
 .debug_macro   0x00006df4      0x1cd /media/pablo/Disco_Auxiliar/UTN/UTN 2016/Digitales 2/TD II/Ejemplos FreeRTOS/workspace/lpc_chip_175x_6x/Debug/liblpc_chip_175x_6x.a(chip_17xx_40xx.o)
 .debug_macro   0x00006fc1      0x1cd /media/pablo/Disco_Auxiliar/UTN/UTN 2016/Digitales 2/TD II/Ejemplos FreeRTOS/workspace/lpc_chip_175x_6x/Debug/liblpc_chip_175x_6x.a(clock_17xx_40xx.o)
 .debug_macro   0x0000718e      0x1cd /media/pablo/Disco_Auxiliar/UTN/UTN 2016/Digitales 2/TD II/Ejemplos FreeRTOS/workspace/lpc_chip_175x_6x/Debug/liblpc_chip_175x_6x.a(iocon_17xx_40xx.o)
 .debug_macro   0x0000735b      0x1cd /media/pablo/Disco_Auxiliar/UTN/UTN 2016/Digitales 2/TD II/Ejemplos FreeRTOS/workspace/lpc_chip_175x_6x/Debug/liblpc_chip_175x_6x.a(sysinit_17xx_40xx.o)
 .debug_macro   0x00007528      0x1cd /media/pablo/Disco_Auxiliar/UTN/UTN 2016/Digitales 2/TD II/Ejemplos FreeRTOS/workspace/lpc_chip_175x_6x/Debug/liblpc_chip_175x_6x.a(timer_17xx_40xx.o)
 .debug_macro   0x000076f5      0x1cd /media/pablo/Disco_Auxiliar/UTN/UTN 2016/Digitales 2/TD II/Ejemplos FreeRTOS/workspace/lpc_chip_175x_6x/Debug/liblpc_chip_175x_6x.a(uart_17xx_40xx.o)

.debug_line     0x00000000     0x6578
 .debug_line    0x00000000      0x931 ./src/Ejemplo_pseudo_pwm.o
 .debug_line    0x00000931       0xd5 ./src/cr_startup_lpc175x_6x.o
 .debug_line    0x00000a06      0x4d5 ./src/sysinit.o
 .debug_line    0x00000edb      0x7f7 /media/pablo/Disco_Auxiliar/UTN/UTN 2016/Digitales 2/TD II/Ejemplos FreeRTOS/workspace/LPC_BaseBoardBB1769_R02/Debug/libLPC_BaseBoardBB1769_R02.a(board.o)
 .debug_line    0x000016d2      0x515 /media/pablo/Disco_Auxiliar/UTN/UTN 2016/Digitales 2/TD II/Ejemplos FreeRTOS/workspace/LPC_BaseBoardBB1769_R02/Debug/libLPC_BaseBoardBB1769_R02.a(board_sysinit.o)
 .debug_line    0x00001be7      0x910 /media/pablo/Disco_Auxiliar/UTN/UTN 2016/Digitales 2/TD II/Ejemplos FreeRTOS/workspace/LibFreeRTOS_8.2.3/Debug/libLibFreeRTOS_8.2.3.a(queue.o)
 .debug_line    0x000024f7      0xda2 /media/pablo/Disco_Auxiliar/UTN/UTN 2016/Digitales 2/TD II/Ejemplos FreeRTOS/workspace/LibFreeRTOS_8.2.3/Debug/libLibFreeRTOS_8.2.3.a(tasks.o)
 .debug_line    0x00003299      0x5ab /media/pablo/Disco_Auxiliar/UTN/UTN 2016/Digitales 2/TD II/Ejemplos FreeRTOS/workspace/LibFreeRTOS_8.2.3/Debug/libLibFreeRTOS_8.2.3.a(heap_1.o)
 .debug_line    0x00003844      0x666 /media/pablo/Disco_Auxiliar/UTN/UTN 2016/Digitales 2/TD II/Ejemplos FreeRTOS/workspace/LibFreeRTOS_8.2.3/Debug/libLibFreeRTOS_8.2.3.a(port.o)
 .debug_line    0x00003eaa      0x5b7 /media/pablo/Disco_Auxiliar/UTN/UTN 2016/Digitales 2/TD II/Ejemplos FreeRTOS/workspace/LibFreeRTOS_8.2.3/Debug/libLibFreeRTOS_8.2.3.a(list.o)
 .debug_line    0x00004461      0x480 /media/pablo/Disco_Auxiliar/UTN/UTN 2016/Digitales 2/TD II/Ejemplos FreeRTOS/workspace/lpc_chip_175x_6x/Debug/liblpc_chip_175x_6x.a(chip_17xx_40xx.o)
 .debug_line    0x000048e1      0x6fc /media/pablo/Disco_Auxiliar/UTN/UTN 2016/Digitales 2/TD II/Ejemplos FreeRTOS/workspace/lpc_chip_175x_6x/Debug/liblpc_chip_175x_6x.a(clock_17xx_40xx.o)
 .debug_line    0x00004fdd      0x46c /media/pablo/Disco_Auxiliar/UTN/UTN 2016/Digitales 2/TD II/Ejemplos FreeRTOS/workspace/lpc_chip_175x_6x/Debug/liblpc_chip_175x_6x.a(iocon_17xx_40xx.o)
 .debug_line    0x00005449      0x4f6 /media/pablo/Disco_Auxiliar/UTN/UTN 2016/Digitales 2/TD II/Ejemplos FreeRTOS/workspace/lpc_chip_175x_6x/Debug/liblpc_chip_175x_6x.a(sysinit_17xx_40xx.o)
 .debug_line    0x0000593f      0x491 /media/pablo/Disco_Auxiliar/UTN/UTN 2016/Digitales 2/TD II/Ejemplos FreeRTOS/workspace/lpc_chip_175x_6x/Debug/liblpc_chip_175x_6x.a(timer_17xx_40xx.o)
 .debug_line    0x00005dd0      0x7a8 /media/pablo/Disco_Auxiliar/UTN/UTN 2016/Digitales 2/TD II/Ejemplos FreeRTOS/workspace/lpc_chip_175x_6x/Debug/liblpc_chip_175x_6x.a(uart_17xx_40xx.o)

.debug_str      0x00000000    0x1abbe
 .debug_str     0x00000000    0x15f50 ./src/Ejemplo_pseudo_pwm.o
                              0x160e7 (size before relaxing)
 .debug_str     0x00015f50      0x197 ./src/cr_startup_lpc175x_6x.o
                               0x26d9 (size before relaxing)
 .debug_str     0x000160e7       0x51 ./src/sysinit.o
                              0x10bb4 (size before relaxing)
 .debug_str     0x00016138      0x9cb /media/pablo/Disco_Auxiliar/UTN/UTN 2016/Digitales 2/TD II/Ejemplos FreeRTOS/workspace/LPC_BaseBoardBB1769_R02/Debug/libLPC_BaseBoardBB1769_R02.a(board.o)
                              0x1179f (size before relaxing)
 .debug_str     0x00016b03      0x22d /media/pablo/Disco_Auxiliar/UTN/UTN 2016/Digitales 2/TD II/Ejemplos FreeRTOS/workspace/LPC_BaseBoardBB1769_R02/Debug/libLPC_BaseBoardBB1769_R02.a(board_sysinit.o)
                              0x10fa4 (size before relaxing)
 .debug_str     0x00016d30      0xf16 /media/pablo/Disco_Auxiliar/UTN/UTN 2016/Digitales 2/TD II/Ejemplos FreeRTOS/workspace/LibFreeRTOS_8.2.3/Debug/libLibFreeRTOS_8.2.3.a(queue.o)
                              0x15474 (size before relaxing)
 .debug_str     0x00017c46     0x1898 /media/pablo/Disco_Auxiliar/UTN/UTN 2016/Digitales 2/TD II/Ejemplos FreeRTOS/workspace/LibFreeRTOS_8.2.3/Debug/libLibFreeRTOS_8.2.3.a(tasks.o)
                              0x15cf2 (size before relaxing)
 .debug_str     0x000194de       0xe4 /media/pablo/Disco_Auxiliar/UTN/UTN 2016/Digitales 2/TD II/Ejemplos FreeRTOS/workspace/LibFreeRTOS_8.2.3/Debug/libLibFreeRTOS_8.2.3.a(heap_1.o)
                              0x1433a (size before relaxing)
 .debug_str     0x000195c2      0x617 /media/pablo/Disco_Auxiliar/UTN/UTN 2016/Digitales 2/TD II/Ejemplos FreeRTOS/workspace/LibFreeRTOS_8.2.3/Debug/libLibFreeRTOS_8.2.3.a(port.o)
                              0x1483a (size before relaxing)
 .debug_str     0x00019bd9       0x9b /media/pablo/Disco_Auxiliar/UTN/UTN 2016/Digitales 2/TD II/Ejemplos FreeRTOS/workspace/LibFreeRTOS_8.2.3/Debug/libLibFreeRTOS_8.2.3.a(list.o)
                              0x13a4b (size before relaxing)
 .debug_str     0x00019c74       0xe1 /media/pablo/Disco_Auxiliar/UTN/UTN 2016/Digitales 2/TD II/Ejemplos FreeRTOS/workspace/lpc_chip_175x_6x/Debug/liblpc_chip_175x_6x.a(chip_17xx_40xx.o)
                              0x10b79 (size before relaxing)
 .debug_str     0x00019d55      0x857 /media/pablo/Disco_Auxiliar/UTN/UTN 2016/Digitales 2/TD II/Ejemplos FreeRTOS/workspace/lpc_chip_175x_6x/Debug/liblpc_chip_175x_6x.a(clock_17xx_40xx.o)
                              0x111e7 (size before relaxing)
 .debug_str     0x0001a5ac       0x79 /media/pablo/Disco_Auxiliar/UTN/UTN 2016/Digitales 2/TD II/Ejemplos FreeRTOS/workspace/lpc_chip_175x_6x/Debug/liblpc_chip_175x_6x.a(iocon_17xx_40xx.o)
                              0x10664 (size before relaxing)
 .debug_str     0x0001a625       0xc4 /media/pablo/Disco_Auxiliar/UTN/UTN 2016/Digitales 2/TD II/Ejemplos FreeRTOS/workspace/lpc_chip_175x_6x/Debug/liblpc_chip_175x_6x.a(sysinit_17xx_40xx.o)
                              0x1084c (size before relaxing)
 .debug_str     0x0001a6e9      0x131 /media/pablo/Disco_Auxiliar/UTN/UTN 2016/Digitales 2/TD II/Ejemplos FreeRTOS/workspace/lpc_chip_175x_6x/Debug/liblpc_chip_175x_6x.a(timer_17xx_40xx.o)
                              0x10995 (size before relaxing)
 .debug_str     0x0001a81a      0x3a4 /media/pablo/Disco_Auxiliar/UTN/UTN 2016/Digitales 2/TD II/Ejemplos FreeRTOS/workspace/lpc_chip_175x_6x/Debug/liblpc_chip_175x_6x.a(uart_17xx_40xx.o)
                              0x110bc (size before relaxing)

.comment        0x00000000       0xde
 .comment       0x00000000       0x6e ./src/Ejemplo_pseudo_pwm.o
                                 0x6f (size before relaxing)
 .comment       0x0000006e       0x6f ./src/cr_startup_lpc175x_6x.o
 .comment       0x0000006e       0x6f ./src/sysinit.o
 .comment       0x0000006e       0x6f /media/pablo/Disco_Auxiliar/UTN/UTN 2016/Digitales 2/TD II/Ejemplos FreeRTOS/workspace/LPC_BaseBoardBB1769_R02/Debug/libLPC_BaseBoardBB1769_R02.a(board.o)
 .comment       0x0000006e       0x6f /media/pablo/Disco_Auxiliar/UTN/UTN 2016/Digitales 2/TD II/Ejemplos FreeRTOS/workspace/LPC_BaseBoardBB1769_R02/Debug/libLPC_BaseBoardBB1769_R02.a(board_sysinit.o)
 .comment       0x0000006e       0x70 /media/pablo/Disco_Auxiliar/UTN/UTN 2016/Digitales 2/TD II/Ejemplos FreeRTOS/workspace/LibFreeRTOS_8.2.3/Debug/libLibFreeRTOS_8.2.3.a(queue.o)
                                 0x71 (size before relaxing)
 .comment       0x000000de       0x71 /media/pablo/Disco_Auxiliar/UTN/UTN 2016/Digitales 2/TD II/Ejemplos FreeRTOS/workspace/LibFreeRTOS_8.2.3/Debug/libLibFreeRTOS_8.2.3.a(tasks.o)
 .comment       0x000000de       0x71 /media/pablo/Disco_Auxiliar/UTN/UTN 2016/Digitales 2/TD II/Ejemplos FreeRTOS/workspace/LibFreeRTOS_8.2.3/Debug/libLibFreeRTOS_8.2.3.a(heap_1.o)
 .comment       0x000000de       0x71 /media/pablo/Disco_Auxiliar/UTN/UTN 2016/Digitales 2/TD II/Ejemplos FreeRTOS/workspace/LibFreeRTOS_8.2.3/Debug/libLibFreeRTOS_8.2.3.a(port.o)
 .comment       0x000000de       0x71 /media/pablo/Disco_Auxiliar/UTN/UTN 2016/Digitales 2/TD II/Ejemplos FreeRTOS/workspace/LibFreeRTOS_8.2.3/Debug/libLibFreeRTOS_8.2.3.a(list.o)
 .comment       0x000000de       0x6f /media/pablo/Disco_Auxiliar/UTN/UTN 2016/Digitales 2/TD II/Ejemplos FreeRTOS/workspace/lpc_chip_175x_6x/Debug/liblpc_chip_175x_6x.a(chip_17xx_40xx.o)
 .comment       0x000000de       0x6f /media/pablo/Disco_Auxiliar/UTN/UTN 2016/Digitales 2/TD II/Ejemplos FreeRTOS/workspace/lpc_chip_175x_6x/Debug/liblpc_chip_175x_6x.a(clock_17xx_40xx.o)
 .comment       0x000000de       0x6f /media/pablo/Disco_Auxiliar/UTN/UTN 2016/Digitales 2/TD II/Ejemplos FreeRTOS/workspace/lpc_chip_175x_6x/Debug/liblpc_chip_175x_6x.a(iocon_17xx_40xx.o)
 .comment       0x000000de       0x6f /media/pablo/Disco_Auxiliar/UTN/UTN 2016/Digitales 2/TD II/Ejemplos FreeRTOS/workspace/lpc_chip_175x_6x/Debug/liblpc_chip_175x_6x.a(sysinit_17xx_40xx.o)
 .comment       0x000000de       0x6f /media/pablo/Disco_Auxiliar/UTN/UTN 2016/Digitales 2/TD II/Ejemplos FreeRTOS/workspace/lpc_chip_175x_6x/Debug/liblpc_chip_175x_6x.a(timer_17xx_40xx.o)
 .comment       0x000000de       0x6f /media/pablo/Disco_Auxiliar/UTN/UTN 2016/Digitales 2/TD II/Ejemplos FreeRTOS/workspace/lpc_chip_175x_6x/Debug/liblpc_chip_175x_6x.a(uart_17xx_40xx.o)
 .comment       0x000000de       0x6f /usr/local/lpcxpresso_8.1.4_606/lpcxpresso/tools/bin/../lib/gcc/arm-none-eabi/5.2.1/../../../../arm-none-eabi/lib/armv7-m/libcr_c.a(memcpy.o)
 .comment       0x000000de       0x6f /usr/local/lpcxpresso_8.1.4_606/lpcxpresso/tools/bin/../lib/gcc/arm-none-eabi/5.2.1/../../../../arm-none-eabi/lib/armv7-m/libcr_c.a(memset.o)
 .comment       0x000000de       0x6f /usr/local/lpcxpresso_8.1.4_606/lpcxpresso/tools/bin/../lib/gcc/arm-none-eabi/5.2.1/../../../../arm-none-eabi/lib/armv7-m/libcr_c.a(__weak__main.o)

.ARM.attributes
                0x00000000       0x31
 .ARM.attributes
                0x00000000       0x33 ./src/Ejemplo_pseudo_pwm.o
 .ARM.attributes
                0x00000033       0x33 ./src/cr_startup_lpc175x_6x.o
 .ARM.attributes
                0x00000066       0x33 ./src/sysinit.o
 .ARM.attributes
                0x00000099       0x33 /media/pablo/Disco_Auxiliar/UTN/UTN 2016/Digitales 2/TD II/Ejemplos FreeRTOS/workspace/LPC_BaseBoardBB1769_R02/Debug/libLPC_BaseBoardBB1769_R02.a(board.o)
 .ARM.attributes
                0x000000cc       0x33 /media/pablo/Disco_Auxiliar/UTN/UTN 2016/Digitales 2/TD II/Ejemplos FreeRTOS/workspace/LPC_BaseBoardBB1769_R02/Debug/libLPC_BaseBoardBB1769_R02.a(board_sysinit.o)
 .ARM.attributes
                0x000000ff       0x33 /media/pablo/Disco_Auxiliar/UTN/UTN 2016/Digitales 2/TD II/Ejemplos FreeRTOS/workspace/LibFreeRTOS_8.2.3/Debug/libLibFreeRTOS_8.2.3.a(queue.o)
 .ARM.attributes
                0x00000132       0x33 /media/pablo/Disco_Auxiliar/UTN/UTN 2016/Digitales 2/TD II/Ejemplos FreeRTOS/workspace/LibFreeRTOS_8.2.3/Debug/libLibFreeRTOS_8.2.3.a(tasks.o)
 .ARM.attributes
                0x00000165       0x33 /media/pablo/Disco_Auxiliar/UTN/UTN 2016/Digitales 2/TD II/Ejemplos FreeRTOS/workspace/LibFreeRTOS_8.2.3/Debug/libLibFreeRTOS_8.2.3.a(heap_1.o)
 .ARM.attributes
                0x00000198       0x33 /media/pablo/Disco_Auxiliar/UTN/UTN 2016/Digitales 2/TD II/Ejemplos FreeRTOS/workspace/LibFreeRTOS_8.2.3/Debug/libLibFreeRTOS_8.2.3.a(port.o)
 .ARM.attributes
                0x000001cb       0x33 /media/pablo/Disco_Auxiliar/UTN/UTN 2016/Digitales 2/TD II/Ejemplos FreeRTOS/workspace/LibFreeRTOS_8.2.3/Debug/libLibFreeRTOS_8.2.3.a(list.o)
 .ARM.attributes
                0x000001fe       0x33 /media/pablo/Disco_Auxiliar/UTN/UTN 2016/Digitales 2/TD II/Ejemplos FreeRTOS/workspace/lpc_chip_175x_6x/Debug/liblpc_chip_175x_6x.a(chip_17xx_40xx.o)
 .ARM.attributes
                0x00000231       0x33 /media/pablo/Disco_Auxiliar/UTN/UTN 2016/Digitales 2/TD II/Ejemplos FreeRTOS/workspace/lpc_chip_175x_6x/Debug/liblpc_chip_175x_6x.a(clock_17xx_40xx.o)
 .ARM.attributes
                0x00000264       0x33 /media/pablo/Disco_Auxiliar/UTN/UTN 2016/Digitales 2/TD II/Ejemplos FreeRTOS/workspace/lpc_chip_175x_6x/Debug/liblpc_chip_175x_6x.a(iocon_17xx_40xx.o)
 .ARM.attributes
                0x00000297       0x33 /media/pablo/Disco_Auxiliar/UTN/UTN 2016/Digitales 2/TD II/Ejemplos FreeRTOS/workspace/lpc_chip_175x_6x/Debug/liblpc_chip_175x_6x.a(sysinit_17xx_40xx.o)
 .ARM.attributes
                0x000002ca       0x33 /media/pablo/Disco_Auxiliar/UTN/UTN 2016/Digitales 2/TD II/Ejemplos FreeRTOS/workspace/lpc_chip_175x_6x/Debug/liblpc_chip_175x_6x.a(timer_17xx_40xx.o)
 .ARM.attributes
                0x000002fd       0x33 /media/pablo/Disco_Auxiliar/UTN/UTN 2016/Digitales 2/TD II/Ejemplos FreeRTOS/workspace/lpc_chip_175x_6x/Debug/liblpc_chip_175x_6x.a(uart_17xx_40xx.o)
 .ARM.attributes
                0x00000330       0x33 /usr/local/lpcxpresso_8.1.4_606/lpcxpresso/tools/bin/../lib/gcc/arm-none-eabi/5.2.1/../../../../arm-none-eabi/lib/armv7-m/libcr_c.a(memcpy.o)
 .ARM.attributes
                0x00000363       0x33 /usr/local/lpcxpresso_8.1.4_606/lpcxpresso/tools/bin/../lib/gcc/arm-none-eabi/5.2.1/../../../../arm-none-eabi/lib/armv7-m/libcr_c.a(memset.o)
 .ARM.attributes
                0x00000396       0x33 /usr/local/lpcxpresso_8.1.4_606/lpcxpresso/tools/bin/../lib/gcc/arm-none-eabi/5.2.1/../../../../arm-none-eabi/lib/armv7-m/libcr_c.a(__weak__main.o)
 .ARM.attributes
                0x000003c9       0x21 /usr/local/lpcxpresso_8.1.4_606/lpcxpresso/tools/bin/../lib/gcc/arm-none-eabi/5.2.1/armv7-m/libcr_eabihelpers.a(memcpy.o)

.debug_frame    0x00000000     0x26c0
 .debug_frame   0x00000000      0x410 ./src/Ejemplo_pseudo_pwm.o
 .debug_frame   0x00000410      0x170 ./src/cr_startup_lpc175x_6x.o
 .debug_frame   0x00000580       0x34 ./src/sysinit.o
 .debug_frame   0x000005b4      0x52c /media/pablo/Disco_Auxiliar/UTN/UTN 2016/Digitales 2/TD II/Ejemplos FreeRTOS/workspace/LPC_BaseBoardBB1769_R02/Debug/libLPC_BaseBoardBB1769_R02.a(board.o)
 .debug_frame   0x00000ae0       0x8c /media/pablo/Disco_Auxiliar/UTN/UTN 2016/Digitales 2/TD II/Ejemplos FreeRTOS/workspace/LPC_BaseBoardBB1769_R02/Debug/libLPC_BaseBoardBB1769_R02.a(board_sysinit.o)
 .debug_frame   0x00000b6c      0x428 /media/pablo/Disco_Auxiliar/UTN/UTN 2016/Digitales 2/TD II/Ejemplos FreeRTOS/workspace/LibFreeRTOS_8.2.3/Debug/libLibFreeRTOS_8.2.3.a(queue.o)
 .debug_frame   0x00000f94      0x778 /media/pablo/Disco_Auxiliar/UTN/UTN 2016/Digitales 2/TD II/Ejemplos FreeRTOS/workspace/LibFreeRTOS_8.2.3/Debug/libLibFreeRTOS_8.2.3.a(tasks.o)
 .debug_frame   0x0000170c       0x9c /media/pablo/Disco_Auxiliar/UTN/UTN 2016/Digitales 2/TD II/Ejemplos FreeRTOS/workspace/LibFreeRTOS_8.2.3/Debug/libLibFreeRTOS_8.2.3.a(heap_1.o)
 .debug_frame   0x000017a8      0x174 /media/pablo/Disco_Auxiliar/UTN/UTN 2016/Digitales 2/TD II/Ejemplos FreeRTOS/workspace/LibFreeRTOS_8.2.3/Debug/libLibFreeRTOS_8.2.3.a(port.o)
 .debug_frame   0x0000191c       0xd8 /media/pablo/Disco_Auxiliar/UTN/UTN 2016/Digitales 2/TD II/Ejemplos FreeRTOS/workspace/LibFreeRTOS_8.2.3/Debug/libLibFreeRTOS_8.2.3.a(list.o)
 .debug_frame   0x000019f4       0x88 /media/pablo/Disco_Auxiliar/UTN/UTN 2016/Digitales 2/TD II/Ejemplos FreeRTOS/workspace/lpc_chip_175x_6x/Debug/liblpc_chip_175x_6x.a(chip_17xx_40xx.o)
 .debug_frame   0x00001a7c      0x490 /media/pablo/Disco_Auxiliar/UTN/UTN 2016/Digitales 2/TD II/Ejemplos FreeRTOS/workspace/lpc_chip_175x_6x/Debug/liblpc_chip_175x_6x.a(clock_17xx_40xx.o)
 .debug_frame   0x00001f0c       0x80 /media/pablo/Disco_Auxiliar/UTN/UTN 2016/Digitales 2/TD II/Ejemplos FreeRTOS/workspace/lpc_chip_175x_6x/Debug/liblpc_chip_175x_6x.a(iocon_17xx_40xx.o)
 .debug_frame   0x00001f8c      0x12c /media/pablo/Disco_Auxiliar/UTN/UTN 2016/Digitales 2/TD II/Ejemplos FreeRTOS/workspace/lpc_chip_175x_6x/Debug/liblpc_chip_175x_6x.a(sysinit_17xx_40xx.o)
 .debug_frame   0x000020b8       0xd0 /media/pablo/Disco_Auxiliar/UTN/UTN 2016/Digitales 2/TD II/Ejemplos FreeRTOS/workspace/lpc_chip_175x_6x/Debug/liblpc_chip_175x_6x.a(timer_17xx_40xx.o)
 .debug_frame   0x00002188      0x538 /media/pablo/Disco_Auxiliar/UTN/UTN 2016/Digitales 2/TD II/Ejemplos FreeRTOS/workspace/lpc_chip_175x_6x/Debug/liblpc_chip_175x_6x.a(uart_17xx_40xx.o)
