06:02:59 **** Build of configuration Debug for project Ejemplo_pseudo_pwm ****
make -r all 
Building file: ../src/Ejemplo_pseudo_pwm.c
Invoking: MCU C Compiler
arm-none-eabi-gcc -DDEBUG -D__CODE_RED -DCORE_M3 -D__USE_LPCOPEN -D__LPC17XX__ -D__REDLIB__ -I"/media/pablo/Disco_Auxiliar/UTN/Git/LpcXpresso_DPLab/workspace/Ejemplo_pseudo_pwm/inc" -I"/media/pablo/Disco_Auxiliar/UTN/Git/LpcXpresso_DPLab/workspace/LibFreeRTOS_8.2.3/src/portable/GCC/ARM_CM3" -I"/media/pablo/Disco_Auxiliar/UTN/Git/LpcXpresso_DPLab/workspace/LibFreeRTOS_8.2.3/inc" -I"/media/pablo/Disco_Auxiliar/UTN/Git/LpcXpresso_DPLab/workspace/LibFreeRTOS_8.2.3/src/demo_code" -I"/media/pablo/Disco_Auxiliar/UTN/Git/LpcXpresso_DPLab/workspace/LPC_BaseBoardBB1769_R02/inc" -I"/media/pablo/Disco_Auxiliar/UTN/Git/LpcXpresso_DPLab/workspace/lpc_chip_175x_6x/inc" -O0 -fno-common -g3 -Wall -c -fmessage-length=0 -fno-builtin -ffunction-sections -fdata-sections -mcpu=cortex-m3 -mthumb -specs=redlib.specs -MMD -MP -MF"src/Ejemplo_pseudo_pwm.d" -MT"src/Ejemplo_pseudo_pwm.o" -MT"src/Ejemplo_pseudo_pwm.d" -o "src/Ejemplo_pseudo_pwm.o" "../src/Ejemplo_pseudo_pwm.c"
In file included from /media/pablo/Disco_Auxiliar/UTN/Git/LpcXpresso_DPLab/workspace/lpc_chip_175x_6x/inc/chip.h:139:0,
                 from /media/pablo/Disco_Auxiliar/UTN/Git/LpcXpresso_DPLab/workspace/LPC_BaseBoardBB1769_R02/inc/board.h:35,
                 from /media/pablo/Disco_Auxiliar/UTN/Git/LpcXpresso_DPLab/workspace/LibFreeRTOS_8.2.3/inc/FreeRTOSConfig.h:8,
                 from /media/pablo/Disco_Auxiliar/UTN/Git/LpcXpresso_DPLab/workspace/LibFreeRTOS_8.2.3/inc/FreeRTOS.h:98,
                 from ../src/Ejemplo_pseudo_pwm.c:11:
../src/Ejemplo_pseudo_pwm.c: In function 'prvSetupHardware':
/media/pablo/Disco_Auxiliar/UTN/Git/LpcXpresso_DPLab/workspace/lpc_chip_175x_6x/inc/chip_lpc175x_6x.h:120:35: warning: passing argument 1 of 'Board_UART_Init' makes integer from pointer without a cast [-Wint-conversion]
 #define LPC_UART0                 ((LPC_USART_T            *) LPC_UART0_BASE)
                                   ^
../src/Ejemplo_pseudo_pwm.c:55:18: note: in expansion of macro 'LPC_UART0'
  Board_UART_Init(LPC_UART0,115200);
                  ^
In file included from /media/pablo/Disco_Auxiliar/UTN/Git/LpcXpresso_DPLab/workspace/LibFreeRTOS_8.2.3/inc/FreeRTOSConfig.h:8:0,
                 from /media/pablo/Disco_Auxiliar/UTN/Git/LpcXpresso_DPLab/workspace/LibFreeRTOS_8.2.3/inc/FreeRTOS.h:98,
                 from ../src/Ejemplo_pseudo_pwm.c:11:
/media/pablo/Disco_Auxiliar/UTN/Git/LpcXpresso_DPLab/workspace/LPC_BaseBoardBB1769_R02/inc/board.h:119:6: note: expected 'uint32_t {aka unsigned int}' but argument is of type 'LPC_USART_T * {aka struct <anonymous> *}'
 void Board_UART_Init(uint32_t pUART,uint32_t baud);
      ^
In file included from /media/pablo/Disco_Auxiliar/UTN/Git/LpcXpresso_DPLab/workspace/lpc_chip_175x_6x/inc/chip.h:139:0,
                 from /media/pablo/Disco_Auxiliar/UTN/Git/LpcXpresso_DPLab/workspace/LPC_BaseBoardBB1769_R02/inc/board.h:35,
                 from /media/pablo/Disco_Auxiliar/UTN/Git/LpcXpresso_DPLab/workspace/LibFreeRTOS_8.2.3/inc/FreeRTOSConfig.h:8,
                 from /media/pablo/Disco_Auxiliar/UTN/Git/LpcXpresso_DPLab/workspace/LibFreeRTOS_8.2.3/inc/FreeRTOS.h:98,
                 from ../src/Ejemplo_pseudo_pwm.c:11:
../src/Ejemplo_pseudo_pwm.c: In function 'UART0_IRQHandler':
/media/pablo/Disco_Auxiliar/UTN/Git/LpcXpresso_DPLab/workspace/lpc_chip_175x_6x/inc/chip_lpc175x_6x.h:120:35: warning: passing argument 1 of 'Board_UARTGetChar' makes integer from pointer without a cast [-Wint-conversion]
 #define LPC_UART0                 ((LPC_USART_T            *) LPC_UART0_BASE)
                                   ^
../src/Ejemplo_pseudo_pwm.c:79:34: note: in expansion of macro 'LPC_UART0'
   rxbuff[ii] = Board_UARTGetChar(LPC_UART0);
                                  ^
In file included from /media/pablo/Disco_Auxiliar/UTN/Git/LpcXpresso_DPLab/workspace/LPC_BaseBoardBB1769_R02/inc/board.h:219:0,
                 from /media/pablo/Disco_Auxiliar/UTN/Git/LpcXpresso_DPLab/workspace/LibFreeRTOS_8.2.3/inc/FreeRTOSConfig.h:8,
                 from /media/pablo/Disco_Auxiliar/UTN/Git/LpcXpresso_DPLab/workspace/LibFreeRTOS_8.2.3/inc/FreeRTOS.h:98,
                 from ../src/Ejemplo_pseudo_pwm.c:11:
/media/pablo/Disco_Auxiliar/UTN/Git/LpcXpresso_DPLab/workspace/LPC_BaseBoardBB1769_R02/inc/board_api.h:102:5: note: expected 'uint32_t {aka unsigned int}' but argument is of type 'LPC_USART_T * {aka struct <anonymous> *}'
 int Board_UARTGetChar(uint32_t pUART);
     ^
In file included from /media/pablo/Disco_Auxiliar/UTN/Git/LpcXpresso_DPLab/workspace/lpc_chip_175x_6x/inc/chip.h:139:0,
                 from /media/pablo/Disco_Auxiliar/UTN/Git/LpcXpresso_DPLab/workspace/LPC_BaseBoardBB1769_R02/inc/board.h:35,
                 from /media/pablo/Disco_Auxiliar/UTN/Git/LpcXpresso_DPLab/workspace/LibFreeRTOS_8.2.3/inc/FreeRTOSConfig.h:8,
                 from /media/pablo/Disco_Auxiliar/UTN/Git/LpcXpresso_DPLab/workspace/LibFreeRTOS_8.2.3/inc/FreeRTOS.h:98,
                 from ../src/Ejemplo_pseudo_pwm.c:11:
../src/Ejemplo_pseudo_pwm.c: In function 'vTask_validacion':
/media/pablo/Disco_Auxiliar/UTN/Git/LpcXpresso_DPLab/workspace/lpc_chip_175x_6x/inc/chip_lpc175x_6x.h:120:35: warning: passing argument 1 of 'Board_UARTPutSTR' makes integer from pointer without a cast [-Wint-conversion]
 #define LPC_UART0                 ((LPC_USART_T            *) LPC_UART0_BASE)
                                   ^
../src/Ejemplo_pseudo_pwm.c:154:21: note: in expansion of macro 'LPC_UART0'
    Board_UARTPutSTR(LPC_UART0, "lito\n");
                     ^
In file included from /media/pablo/Disco_Auxiliar/UTN/Git/LpcXpresso_DPLab/workspace/LPC_BaseBoardBB1769_R02/inc/board.h:219:0,
                 from /media/pablo/Disco_Auxiliar/UTN/Git/LpcXpresso_DPLab/workspace/LibFreeRTOS_8.2.3/inc/FreeRTOSConfig.h:8,
                 from /media/pablo/Disco_Auxiliar/UTN/Git/LpcXpresso_DPLab/workspace/LibFreeRTOS_8.2.3/inc/FreeRTOS.h:98,
                 from ../src/Ejemplo_pseudo_pwm.c:11:
/media/pablo/Disco_Auxiliar/UTN/Git/LpcXpresso_DPLab/workspace/LPC_BaseBoardBB1769_R02/inc/board_api.h:109:6: note: expected 'uint32_t {aka unsigned int}' but argument is of type 'LPC_USART_T * {aka struct <anonymous> *}'
 void Board_UARTPutSTR(uint32_t pUART,char *str);
      ^
../src/Ejemplo_pseudo_pwm.c:131:17: warning: unused variable 'dato_ant' [-Wunused-variable]
  static uint8_t dato_ant;
                 ^
In file included from /media/pablo/Disco_Auxiliar/UTN/Git/LpcXpresso_DPLab/workspace/lpc_chip_175x_6x/inc/chip.h:139:0,
                 from /media/pablo/Disco_Auxiliar/UTN/Git/LpcXpresso_DPLab/workspace/LPC_BaseBoardBB1769_R02/inc/board.h:35,
                 from /media/pablo/Disco_Auxiliar/UTN/Git/LpcXpresso_DPLab/workspace/LibFreeRTOS_8.2.3/inc/FreeRTOSConfig.h:8,
                 from /media/pablo/Disco_Auxiliar/UTN/Git/LpcXpresso_DPLab/workspace/LibFreeRTOS_8.2.3/inc/FreeRTOS.h:98,
                 from ../src/Ejemplo_pseudo_pwm.c:11:
../src/Ejemplo_pseudo_pwm.c: In function 'main':
/media/pablo/Disco_Auxiliar/UTN/Git/LpcXpresso_DPLab/workspace/lpc_chip_175x_6x/inc/chip_lpc175x_6x.h:120:35: warning: passing argument 1 of 'Board_UARTPutSTR' makes integer from pointer without a cast [-Wint-conversion]
 #define LPC_UART0                 ((LPC_USART_T            *) LPC_UART0_BASE)
                                   ^
../src/Ejemplo_pseudo_pwm.c:181:19: note: in expansion of macro 'LPC_UART0'
  Board_UARTPutSTR(LPC_UART0, "bienvenido\n");
                   ^
In file included from /media/pablo/Disco_Auxiliar/UTN/Git/LpcXpresso_DPLab/workspace/LPC_BaseBoardBB1769_R02/inc/board.h:219:0,
                 from /media/pablo/Disco_Auxiliar/UTN/Git/LpcXpresso_DPLab/workspace/LibFreeRTOS_8.2.3/inc/FreeRTOSConfig.h:8,
                 from /media/pablo/Disco_Auxiliar/UTN/Git/LpcXpresso_DPLab/workspace/LibFreeRTOS_8.2.3/inc/FreeRTOS.h:98,
                 from ../src/Ejemplo_pseudo_pwm.c:11:
/media/pablo/Disco_Auxiliar/UTN/Git/LpcXpresso_DPLab/workspace/LPC_BaseBoardBB1769_R02/inc/board_api.h:109:6: note: expected 'uint32_t {aka unsigned int}' but argument is of type 'LPC_USART_T * {aka struct <anonymous> *}'
 void Board_UARTPutSTR(uint32_t pUART,char *str);
      ^
Finished building: ../src/Ejemplo_pseudo_pwm.c
 
Building file: ../src/cr_startup_lpc175x_6x.c
Invoking: MCU C Compiler
arm-none-eabi-gcc -DDEBUG -D__CODE_RED -DCORE_M3 -D__USE_LPCOPEN -D__LPC17XX__ -D__REDLIB__ -I"/media/pablo/Disco_Auxiliar/UTN/Git/LpcXpresso_DPLab/workspace/Ejemplo_pseudo_pwm/inc" -I"/media/pablo/Disco_Auxiliar/UTN/Git/LpcXpresso_DPLab/workspace/LibFreeRTOS_8.2.3/src/portable/GCC/ARM_CM3" -I"/media/pablo/Disco_Auxiliar/UTN/Git/LpcXpresso_DPLab/workspace/LibFreeRTOS_8.2.3/inc" -I"/media/pablo/Disco_Auxiliar/UTN/Git/LpcXpresso_DPLab/workspace/LibFreeRTOS_8.2.3/src/demo_code" -I"/media/pablo/Disco_Auxiliar/UTN/Git/LpcXpresso_DPLab/workspace/LPC_BaseBoardBB1769_R02/inc" -I"/media/pablo/Disco_Auxiliar/UTN/Git/LpcXpresso_DPLab/workspace/lpc_chip_175x_6x/inc" -O0 -fno-common -g3 -Wall -c -fmessage-length=0 -fno-builtin -ffunction-sections -fdata-sections -mcpu=cortex-m3 -mthumb -specs=redlib.specs -MMD -MP -MF"src/cr_startup_lpc175x_6x.d" -MT"src/cr_startup_lpc175x_6x.o" -MT"src/cr_startup_lpc175x_6x.d" -o "src/cr_startup_lpc175x_6x.o" "../src/cr_startup_lpc175x_6x.c"
Finished building: ../src/cr_startup_lpc175x_6x.c
 
Building file: ../src/crp.c
Invoking: MCU C Compiler
arm-none-eabi-gcc -DDEBUG -D__CODE_RED -DCORE_M3 -D__USE_LPCOPEN -D__LPC17XX__ -D__REDLIB__ -I"/media/pablo/Disco_Auxiliar/UTN/Git/LpcXpresso_DPLab/workspace/Ejemplo_pseudo_pwm/inc" -I"/media/pablo/Disco_Auxiliar/UTN/Git/LpcXpresso_DPLab/workspace/LibFreeRTOS_8.2.3/src/portable/GCC/ARM_CM3" -I"/media/pablo/Disco_Auxiliar/UTN/Git/LpcXpresso_DPLab/workspace/LibFreeRTOS_8.2.3/inc" -I"/media/pablo/Disco_Auxiliar/UTN/Git/LpcXpresso_DPLab/workspace/LibFreeRTOS_8.2.3/src/demo_code" -I"/media/pablo/Disco_Auxiliar/UTN/Git/LpcXpresso_DPLab/workspace/LPC_BaseBoardBB1769_R02/inc" -I"/media/pablo/Disco_Auxiliar/UTN/Git/LpcXpresso_DPLab/workspace/lpc_chip_175x_6x/inc" -O0 -fno-common -g3 -Wall -c -fmessage-length=0 -fno-builtin -ffunction-sections -fdata-sections -mcpu=cortex-m3 -mthumb -specs=redlib.specs -MMD -MP -MF"src/crp.d" -MT"src/crp.o" -MT"src/crp.d" -o "src/crp.o" "../src/crp.c"
Finished building: ../src/crp.c
 
Building file: ../src/sysinit.c
Invoking: MCU C Compiler
arm-none-eabi-gcc -DDEBUG -D__CODE_RED -DCORE_M3 -D__USE_LPCOPEN -D__LPC17XX__ -D__REDLIB__ -I"/media/pablo/Disco_Auxiliar/UTN/Git/LpcXpresso_DPLab/workspace/Ejemplo_pseudo_pwm/inc" -I"/media/pablo/Disco_Auxiliar/UTN/Git/LpcXpresso_DPLab/workspace/LibFreeRTOS_8.2.3/src/portable/GCC/ARM_CM3" -I"/media/pablo/Disco_Auxiliar/UTN/Git/LpcXpresso_DPLab/workspace/LibFreeRTOS_8.2.3/inc" -I"/media/pablo/Disco_Auxiliar/UTN/Git/LpcXpresso_DPLab/workspace/LibFreeRTOS_8.2.3/src/demo_code" -I"/media/pablo/Disco_Auxiliar/UTN/Git/LpcXpresso_DPLab/workspace/LPC_BaseBoardBB1769_R02/inc" -I"/media/pablo/Disco_Auxiliar/UTN/Git/LpcXpresso_DPLab/workspace/lpc_chip_175x_6x/inc" -O0 -fno-common -g3 -Wall -c -fmessage-length=0 -fno-builtin -ffunction-sections -fdata-sections -mcpu=cortex-m3 -mthumb -specs=redlib.specs -MMD -MP -MF"src/sysinit.d" -MT"src/sysinit.o" -MT"src/sysinit.d" -o "src/sysinit.o" "../src/sysinit.c"
Finished building: ../src/sysinit.c
 
Building target: Ejemplo_pseudo_pwm.axf
Invoking: MCU Linker
arm-none-eabi-gcc -nostdlib -L"/media/pablo/Disco_Auxiliar/UTN/Git/LpcXpresso_DPLab/workspace/LPC_BaseBoardBB1769_R02/Debug" -L"/media/pablo/Disco_Auxiliar/UTN/Git/LpcXpresso_DPLab/workspace/LibFreeRTOS_8.2.3/Debug" -L"/media/pablo/Disco_Auxiliar/UTN/Git/LpcXpresso_DPLab/workspace/lpc_chip_175x_6x/Debug" -Xlinker -Map="Ejemplo_pseudo_pwm.map" -Xlinker --gc-sections -Xlinker -print-memory-usage -mcpu=cortex-m3 -mthumb -T "Ejemplo_pseudo_pwm_Debug.ld" -o "Ejemplo_pseudo_pwm.axf"  ./src/Ejemplo_pseudo_pwm.o ./src/cr_startup_lpc175x_6x.o ./src/crp.o ./src/sysinit.o   -lLPC_BaseBoardBB1769_R02 -lLibFreeRTOS_8.2.3 -llpc_chip_175x_6x
Memory region         Used Size  Region Size  %age Used
       MFlash512:       11440 B       512 KB      2.18%
        RamLoc32:       10592 B        32 KB     32.32%
        RamAHB32:          0 GB        32 KB      0.00%
Finished building target: Ejemplo_pseudo_pwm.axf
 
make --no-print-directory post-build
Performing post-build steps
arm-none-eabi-size "Ejemplo_pseudo_pwm.axf"; # arm-none-eabi-objcopy -v -O binary "Ejemplo_pseudo_pwm.axf" "Ejemplo_pseudo_pwm.bin" ; # checksum -p LPC1769 -d "Ejemplo_pseudo_pwm.bin";
   text	   data	    bss	    dec	    hex	filename
  11432	      8	  10584	  22024	   5608	Ejemplo_pseudo_pwm.axf
 

06:02:59 Build Finished (took 411ms)

