14:59:11 **** Incremental Build of configuration CMSIS_DSPLIB_CM4 for project CMSIS_DSPLIB_SRC ****
make -r all 
make: No se hace nada para «all».
14:59:12 **** Incremental Build of configuration Debug for project lpc_chip_175x_6x ****
make -r all 
make: No se hace nada para «all».
14:59:12 **** Incremental Build of configuration Debug for project td2_board_1769 ****
make -r all 
make: No se hace nada para «all».
14:59:13 **** Incremental Build of configuration Debug for project THD_Analyser ****
make -r all 
Building file: ../src/THD_Analyser.c
Invoking: MCU C Compiler
arm-none-eabi-gcc -DDEBUG -D__CODE_RED -DCORE_M3 -D__USE_LPCOPEN -D__USE_CMSIS_DSPLIB=CMSIS_DSPLIB_CM3 -D__LPC17XX__ -D__REDLIB__ -I"/media/pablo/Disco_Auxiliar/UTN/LPCXpresso/workspace/THD_Analyser/inc" -I"/media/pablo/Disco_Auxiliar/UTN/LPCXpresso/workspace/CMSIS_DSPLIB_SRC/inc_cmsis" -I"/media/pablo/Disco_Auxiliar/UTN/LPCXpresso/workspace/CMSIS_DSPLIB_SRC/inc" -I"/media/pablo/Disco_Auxiliar/UTN/LPCXpresso/workspace/td2_board_1769/inc" -I"/media/pablo/Disco_Auxiliar/UTN/LPCXpresso/workspace/lpc_chip_175x_6x/inc" -I"/media/pablo/Disco_Auxiliar/UTN/LPCXpresso/workspace/CMSIS_DSPLIB_CM3/inc" -O0 -fno-common -g3 -Wall -c -fmessage-length=0 -fno-builtin -ffunction-sections -fdata-sections -mcpu=cortex-m3 -mthumb -D__REDLIB__ -specs=redlib.specs -MMD -MP -MF"src/THD_Analyser.d" -MT"src/THD_Analyser.o" -MT"src/THD_Analyser.d" -o "src/THD_Analyser.o" "../src/THD_Analyser.c"
Finished building: ../src/THD_Analyser.c
 
Building file: ../src/sysinit.c
Invoking: MCU C Compiler
arm-none-eabi-gcc -DDEBUG -D__CODE_RED -DCORE_M3 -D__USE_LPCOPEN -D__USE_CMSIS_DSPLIB=CMSIS_DSPLIB_CM3 -D__LPC17XX__ -D__REDLIB__ -I"/media/pablo/Disco_Auxiliar/UTN/LPCXpresso/workspace/THD_Analyser/inc" -I"/media/pablo/Disco_Auxiliar/UTN/LPCXpresso/workspace/CMSIS_DSPLIB_SRC/inc_cmsis" -I"/media/pablo/Disco_Auxiliar/UTN/LPCXpresso/workspace/CMSIS_DSPLIB_SRC/inc" -I"/media/pablo/Disco_Auxiliar/UTN/LPCXpresso/workspace/td2_board_1769/inc" -I"/media/pablo/Disco_Auxiliar/UTN/LPCXpresso/workspace/lpc_chip_175x_6x/inc" -I"/media/pablo/Disco_Auxiliar/UTN/LPCXpresso/workspace/CMSIS_DSPLIB_CM3/inc" -O0 -fno-common -g3 -Wall -c -fmessage-length=0 -fno-builtin -ffunction-sections -fdata-sections -mcpu=cortex-m3 -mthumb -D__REDLIB__ -specs=redlib.specs -MMD -MP -MF"src/sysinit.d" -MT"src/sysinit.o" -MT"src/sysinit.d" -o "src/sysinit.o" "../src/sysinit.c"
Finished building: ../src/sysinit.c
 
Building target: THD_Analyser.axf
Invoking: MCU Linker
arm-none-eabi-gcc -nostdlib -L"/media/pablo/Disco_Auxiliar/UTN/LPCXpresso/workspace/td2_board_1769/Debug" -L"/media/pablo/Disco_Auxiliar/UTN/LPCXpresso/workspace/lpc_chip_175x_6x/Debug" -L"/media/pablo/Disco_Auxiliar/UTN/LPCXpresso/workspace/CMSIS_DSPLIB_CM3/lib" -Xlinker -Map="THD_Analyser.map" -Xlinker --gc-sections -Xlinker -print-memory-usage -mcpu=cortex-m3 -mthumb -T "THD_Analyser_Debug.ld" -o "THD_Analyser.axf"  ./src/THD_Analyser.o ./src/cr_startup_lpc175x_6x.o ./src/crp.o ./src/funciones.o ./src/sysinit.o   -ltd2_board_1769 -llpc_chip_175x_6x -lCMSIS_DSPLIB_CM3
Memory region         Used Size  Region Size  %age Used
       MFlash512:        4660 B       512 KB      0.89%
        RamLoc32:          28 B        32 KB      0.09%
        RamAHB32:          0 GB        32 KB      0.00%
Finished building target: THD_Analyser.axf
 
make --no-print-directory post-build
Performing post-build steps
arm-none-eabi-size "THD_Analyser.axf"; # arm-none-eabi-objcopy -v -O binary "THD_Analyser.axf" "THD_Analyser.bin" ; # checksum -p LPC1769 -d "THD_Analyser.bin";
   text	   data	    bss	    dec	    hex	filename
   4660	      0	     28	   4688	   1250	THD_Analyser.axf
 
14:59:35 **** Incremental Build of configuration Debug for project THD_Analyser ****
make -r all 
make: No se hace nada para «all».
15:06:53 **** Incremental Build of configuration Debug for project THD_Analyser ****
make -r all 
make: No se hace nada para «all».
15:11:22 **** Incremental Build of configuration Debug for project THD_Analyser ****
make -r all 
make: No se hace nada para «all».
15:12:40 **** Incremental Build of configuration Debug for project THD_Analyser ****
make -r all 
make: No se hace nada para «all».
15:15:08 **** Incremental Build of configuration Debug for project THD_Analyser ****
make -r all 
make: No se hace nada para «all».
15:15:26 **** Incremental Build of configuration Debug for project THD_Analyser ****
make -r all 
make: No se hace nada para «all».
15:18:17 **** Incremental Build of configuration Debug for project THD_Analyser ****
make -r all 
Building target: THD_Analyser.axf
Invoking: MCU Linker
arm-none-eabi-gcc -nostdlib -L"/media/pablo/Disco_Auxiliar/UTN/LPCXpresso/workspace/td2_board_1769/Debug" -L"/media/pablo/Disco_Auxiliar/UTN/LPCXpresso/workspace/lpc_chip_175x_6x/Debug" -L"/media/pablo/Disco_Auxiliar/UTN/LPCXpresso/workspace/CMSIS_DSPLIB_CM3/lib" -Xlinker -Map="THD_Analyser.map" -Xlinker --gc-sections -Xlinker -print-memory-usage -mcpu=cortex-m3 -mthumb -T "THD_Analyser_Debug.ld" -o "THD_Analyser.axf"  ./src/THD_Analyser.o ./src/cr_startup_lpc175x_6x.o ./src/crp.o ./src/funciones.o ./src/sysinit.o   -ltd2_board_1769 -llpc_chip_175x_6x -lCMSIS_DSPLIB_CM3
Memory region         Used Size  Region Size  %age Used
       MFlash512:        4660 B       512 KB      0.89%
        RamLoc32:          28 B        32 KB      0.09%
        RamAHB32:          0 GB        32 KB      0.00%
Finished building target: THD_Analyser.axf
 
make --no-print-directory post-build
Performing post-build steps
arm-none-eabi-size "THD_Analyser.axf"; # arm-none-eabi-objcopy -v -O binary "THD_Analyser.axf" "THD_Analyser.bin" ; # checksum -p LPC1769 -d "THD_Analyser.bin";
   text	   data	    bss	    dec	    hex	filename
   4660	      0	     28	   4688	   1250	THD_Analyser.axf
 
