21:20:46 **** Build of configuration Debug for project td2_1769 ****
make -r all 
Building file: ../src/board.c
Invoking: MCU C Compiler
arm-none-eabi-gcc -D__REDLIB__ -DDEBUG -D__CODE_RED -D__USE_LPCOPEN -DCORE_M3 -I"/media/pablo/Disco_Auxiliar/UTN/LPCXpresso/workspace/lpc_chip_175x_6x/inc" -I"/media/pablo/Disco_Auxiliar/UTN/LPCXpresso/workspace/td2_1769/inc" -O0 -g3 -Wall -c -fmessage-length=0 -fno-builtin -ffunction-sections -fdata-sections -mcpu=cortex-m3 -mthumb -specs=redlib.specs -MMD -MP -MF"src/board.d" -MT"src/board.o" -MT"src/board.d" -o "src/board.o" "../src/board.c"
../src/board.c: In function 'Board_I2C_Init':
../src/board.c:267:2: warning: enumeration value 'I2C_NUM_INTERFACE' not handled in switch [-Wswitch]
  switch (id) {
  ^
Finished building: ../src/board.c
 
Building file: ../src/board_sysinit.c
Invoking: MCU C Compiler
arm-none-eabi-gcc -D__REDLIB__ -DDEBUG -D__CODE_RED -D__USE_LPCOPEN -DCORE_M3 -I"/media/pablo/Disco_Auxiliar/UTN/LPCXpresso/workspace/lpc_chip_175x_6x/inc" -I"/media/pablo/Disco_Auxiliar/UTN/LPCXpresso/workspace/td2_1769/inc" -O0 -g3 -Wall -c -fmessage-length=0 -fno-builtin -ffunction-sections -fdata-sections -mcpu=cortex-m3 -mthumb -specs=redlib.specs -MMD -MP -MF"src/board_sysinit.d" -MT"src/board_sysinit.o" -MT"src/board_sysinit.d" -o "src/board_sysinit.o" "../src/board_sysinit.c"
Finished building: ../src/board_sysinit.c
 
Building file: ../src/lpc_phy_smsc87x0.c
Invoking: MCU C Compiler
arm-none-eabi-gcc -D__REDLIB__ -DDEBUG -D__CODE_RED -D__USE_LPCOPEN -DCORE_M3 -I"/media/pablo/Disco_Auxiliar/UTN/LPCXpresso/workspace/lpc_chip_175x_6x/inc" -I"/media/pablo/Disco_Auxiliar/UTN/LPCXpresso/workspace/td2_1769/inc" -O0 -g3 -Wall -c -fmessage-length=0 -fno-builtin -ffunction-sections -fdata-sections -mcpu=cortex-m3 -mthumb -specs=redlib.specs -MMD -MP -MF"src/lpc_phy_smsc87x0.d" -MT"src/lpc_phy_smsc87x0.o" -MT"src/lpc_phy_smsc87x0.d" -o "src/lpc_phy_smsc87x0.o" "../src/lpc_phy_smsc87x0.c"
Finished building: ../src/lpc_phy_smsc87x0.c
 
Building target: libtd2_1769.a
Invoking: MCU Archiver
arm-none-eabi-ar -r  "libtd2_1769.a"  ./src/board.o ./src/board_sysinit.o ./src/lpc_phy_smsc87x0.o   
arm-none-eabi-ar: creating libtd2_1769.a
Finished building target: libtd2_1769.a
 
make --no-print-directory post-build
Performing post-build steps
arm-none-eabi-size "libtd2_1769.a" ; # arm-none-eabi-objdump -h -S "libtd2_1769.a" >"libtd2_1769.lss"
   text	   data	    bss	    dec	    hex	filename
   2229	      0	      0	   2229	    8b5	board.o (ex libtd2_1769.a)
    204	      0	      0	    204	     cc	board_sysinit.o (ex libtd2_1769.a)
    856	      0	     18	    874	    36a	lpc_phy_smsc87x0.o (ex libtd2_1769.a)
 

21:20:47 Build Finished (took 461ms)

