15:18:17 **** Incremental Build of configuration Debug for project THD_Analyser ****
make -r all 
Building target: THD_Analyser.axf
Invoking: MCU Linker
arm-none-eabi-gcc -nostdlib -L"/media/pablo/Disco_Auxiliar/UTN/LPCXpresso/workspace/td2_board_1769/Debug" -L"/media/pablo/Disco_Auxiliar/UTN/LPCXpresso/workspace/lpc_chip_175x_6x/Debug" -L"/media/pablo/Disco_Auxiliar/UTN/LPCXpresso/workspace/CMSIS_DSPLIB_CM3/lib" -Xlinker -Map="THD_Analyser.map" -Xlinker --gc-sections -Xlinker -print-memory-usage -mcpu=cortex-m3 -mthumb -T "THD_Analyser_Debug.ld" -o "THD_Analyser.axf"  ./src/THD_Analyser.o ./src/cr_startup_lpc175x_6x.o ./src/crp.o ./src/funciones.o ./src/sysinit.o   -ltd2_board_1769 -llpc_chip_175x_6x -lCMSIS_DSPLIB_CM3
Memory region         Used Size  Region Size  %age Used
       MFlash512:        4660 B       512 KB      0.89%
        RamLoc32:          28 B        32 KB      0.09%
        RamAHB32:          0 GB        32 KB      0.00%
Finished building target: THD_Analyser.axf
 
make --no-print-directory post-build
Performing post-build steps
arm-none-eabi-size "THD_Analyser.axf"; # arm-none-eabi-objcopy -v -O binary "THD_Analyser.axf" "THD_Analyser.bin" ; # checksum -p LPC1769 -d "THD_Analyser.bin";
   text	   data	    bss	    dec	    hex	filename
   4660	      0	     28	   4688	   1250	THD_Analyser.axf
 

15:18:17 Build Finished (took 115ms)

