Archive member included to satisfy reference by file (symbol)

/home/aortiz/LPCXpresso/GIT/LpcXpresso_DPLab/workspace/CMSIS_DSPLIB_CM3/lib/libCMSIS_DSPLIB_CM3.a(arm_cfft_radix4_init_f32.o)
                              ./src/funciones.o (arm_cfft_radix4_init_f32)
/home/aortiz/LPCXpresso/GIT/LpcXpresso_DPLab/workspace/CMSIS_DSPLIB_CM3/lib/libCMSIS_DSPLIB_CM3.a(arm_cfft_radix4_q15.o)
                              ./src/funciones.o (arm_cfft_radix4_q15)
/home/aortiz/LPCXpresso/GIT/LpcXpresso_DPLab/workspace/CMSIS_DSPLIB_CM3/lib/libCMSIS_DSPLIB_CM3.a(arm_max_q15.o)
                              ./src/funciones.o (arm_max_q15)
/home/aortiz/LPCXpresso/GIT/LpcXpresso_DPLab/workspace/CMSIS_DSPLIB_CM3/lib/libCMSIS_DSPLIB_CM3.a(arm_cmplx_mag_q15.o)
                              ./src/funciones.o (arm_cmplx_mag_q15)
/home/aortiz/LPCXpresso/GIT/LpcXpresso_DPLab/workspace/CMSIS_DSPLIB_CM3/lib/libCMSIS_DSPLIB_CM3.a(arm_common_tables.o)
                              /home/aortiz/LPCXpresso/GIT/LpcXpresso_DPLab/workspace/CMSIS_DSPLIB_CM3/lib/libCMSIS_DSPLIB_CM3.a(arm_cfft_radix4_init_f32.o) (twiddleCoef_4096)
/home/aortiz/LPCXpresso/GIT/LpcXpresso_DPLab/workspace/CMSIS_DSPLIB_CM3/lib/libCMSIS_DSPLIB_CM3.a(arm_bitreversal.o)
                              /home/aortiz/LPCXpresso/GIT/LpcXpresso_DPLab/workspace/CMSIS_DSPLIB_CM3/lib/libCMSIS_DSPLIB_CM3.a(arm_cfft_radix4_q15.o) (arm_bitreversal_q15)
/home/aortiz/LPCXpresso/GIT/LpcXpresso_DPLab/workspace/CMSIS_DSPLIB_CM3/lib/libCMSIS_DSPLIB_CM3.a(arm_sqrt_q15.o)
                              /home/aortiz/LPCXpresso/GIT/LpcXpresso_DPLab/workspace/CMSIS_DSPLIB_CM3/lib/libCMSIS_DSPLIB_CM3.a(arm_cmplx_mag_q15.o) (arm_sqrt_q15)
/home/aortiz/LPCXpresso/GIT/LpcXpresso_DPLab/workspace/td2_board_1769/Debug/libtd2_board_1769.a(board.o)
                              ./src/THD_Analyser.o (Board_LED_Set)
/home/aortiz/LPCXpresso/GIT/LpcXpresso_DPLab/workspace/td2_board_1769/Debug/libtd2_board_1769.a(board_sysinit.o)
                              ./src/sysinit.o (Board_SystemInit)
/home/aortiz/LPCXpresso/GIT/LpcXpresso_DPLab/workspace/lpc_chip_175x_6x/Debug/liblpc_chip_175x_6x.a(chip_17xx_40xx.o)
                              ./src/THD_Analyser.o (SystemCoreClockUpdate)
/home/aortiz/LPCXpresso/GIT/LpcXpresso_DPLab/workspace/lpc_chip_175x_6x/Debug/liblpc_chip_175x_6x.a(clock_17xx_40xx.o)
                              /home/aortiz/LPCXpresso/GIT/LpcXpresso_DPLab/workspace/lpc_chip_175x_6x/Debug/liblpc_chip_175x_6x.a(chip_17xx_40xx.o) (Chip_Clock_EnablePLL)
/home/aortiz/LPCXpresso/GIT/LpcXpresso_DPLab/workspace/lpc_chip_175x_6x/Debug/liblpc_chip_175x_6x.a(i2s_17xx_40xx.o)
                              /home/aortiz/LPCXpresso/GIT/LpcXpresso_DPLab/workspace/td2_board_1769/Debug/libtd2_board_1769.a(board.o) (Chip_I2S_Init)
/home/aortiz/LPCXpresso/GIT/LpcXpresso_DPLab/workspace/lpc_chip_175x_6x/Debug/liblpc_chip_175x_6x.a(iocon_17xx_40xx.o)
                              /home/aortiz/LPCXpresso/GIT/LpcXpresso_DPLab/workspace/td2_board_1769/Debug/libtd2_board_1769.a(board.o) (Chip_IOCON_PinMux)
/home/aortiz/LPCXpresso/GIT/LpcXpresso_DPLab/workspace/lpc_chip_175x_6x/Debug/liblpc_chip_175x_6x.a(sysinit_17xx_40xx.o)
                              /home/aortiz/LPCXpresso/GIT/LpcXpresso_DPLab/workspace/td2_board_1769/Debug/libtd2_board_1769.a(board_sysinit.o) (Chip_SetupXtalClocking)
/home/aortiz/LPCXpresso/GIT/LpcXpresso_DPLab/workspace/lpc_chip_175x_6x/Debug/liblpc_chip_175x_6x.a(uart_17xx_40xx.o)
                              /home/aortiz/LPCXpresso/GIT/LpcXpresso_DPLab/workspace/td2_board_1769/Debug/libtd2_board_1769.a(board.o) (Chip_UART_Init)
/home/aortiz/LPCXpresso/GIT/LpcXpresso_DPLab/workspace/lpc_chip_175x_6x/Debug/liblpc_chip_175x_6x.a(ring_buffer.o)
                              /home/aortiz/LPCXpresso/GIT/LpcXpresso_DPLab/workspace/lpc_chip_175x_6x/Debug/liblpc_chip_175x_6x.a(uart_17xx_40xx.o) (RingBuffer_Insert)
/home/aortiz/.SoftInstalado/LPCxpresso/lpcxpresso/tools/bin/../lib/gcc/arm-none-eabi/5.2.1/../../../../arm-none-eabi/lib/armv7-m/libcr_c.a(memcpy.o)
                              /home/aortiz/LPCXpresso/GIT/LpcXpresso_DPLab/workspace/td2_board_1769/Debug/libtd2_board_1769.a(board.o) (memcpy)
/home/aortiz/.SoftInstalado/LPCxpresso/lpcxpresso/tools/bin/../lib/gcc/arm-none-eabi/5.2.1/../../../../arm-none-eabi/lib/armv7-m/libcr_c.a(__weak__main.o)
                              ./src/cr_startup_lpc175x_6x.o (__main)
/home/aortiz/.SoftInstalado/LPCxpresso/lpcxpresso/tools/bin/../lib/gcc/arm-none-eabi/5.2.1/armv7-m/libcr_eabihelpers.a(division_64.o)
                              /home/aortiz/LPCXpresso/GIT/LpcXpresso_DPLab/workspace/lpc_chip_175x_6x/Debug/liblpc_chip_175x_6x.a(i2s_17xx_40xx.o) (__aeabi_uldivmod)
/home/aortiz/.SoftInstalado/LPCxpresso/lpcxpresso/tools/bin/../lib/gcc/arm-none-eabi/5.2.1/armv7-m/libcr_eabihelpers.a(division_idiv0.o)
[...]
Memory Configuration

Name             Origin             Length             Attributes
MFlash512        0x00000000         0x00080000         xr
RamLoc32         0x10000000         0x00008000         xrw
RamAHB32         0x2007c000         0x00008000         xrw
*default*        0x00000000         0xffffffff

Linker script and memory map

LOAD ./src/THD_Analyser.o
LOAD ./src/cr_startup_lpc175x_6x.o
LOAD ./src/crp.o
LOAD ./src/funciones.o
LOAD ./src/sysinit.o
LOAD /home/aortiz/LPCXpresso/GIT/LpcXpresso_DPLab/workspace/CMSIS_DSPLIB_CM3/lib/libCMSIS_DSPLIB_CM3.a
LOAD /home/aortiz/LPCXpresso/GIT/LpcXpresso_DPLab/workspace/td2_board_1769/Debug/libtd2_board_1769.a
LOAD /home/aortiz/LPCXpresso/GIT/LpcXpresso_DPLab/workspace/lpc_chip_175x_6x/Debug/liblpc_chip_175x_6x.a
START GROUP
LOAD /home/aortiz/.SoftInstalado/LPCxpresso/lpcxpresso/tools/bin/../lib/gcc/arm-none-eabi/5.2.1/../../../../arm-none-eabi/lib/armv7-m/libcr_c.a
LOAD /home/aortiz/.SoftInstalado/LPCxpresso/lpcxpresso/tools/bin/../lib/gcc/arm-none-eabi/5.2.1/armv7-m/libcr_eabihelpers.a
END GROUP
                0x00000000                __base_MFlash512 = 0x0
                0x00000000                __base_Flash = 0x0
                0x00080000                __top_MFlash512 = 0x80000
                0x00080000                __top_Flash = 0x80000
                0x10000000                __base_RamLoc32 = 0x10000000
                0x10000000                __base_RAM = 0x10000000
                0x10008000                __top_RamLoc32 = 0x10008000
                0x10008000                __top_RAM = 0x10008000
                0x2007c000                __base_RamAHB32 = 0x2007c000
                0x2007c000                __base_RAM2 = 0x2007c000
                0x20084000                __top_RamAHB32 = 0x20084000
                0x20084000                __top_RAM2 = 0x20084000

.text           0x00000000     0xac88
 FILL mask 0xff
                0x00000000                __vectors_start__ = ABSOLUTE (.)
 *(.isr_vector)
 .isr_vector    0x00000000       0xcc ./src/cr_startup_lpc175x_6x.o
                0x00000000                g_pfnVectors
                0x000000cc                . = ALIGN (0x4)
                0x000000cc                __section_table_start = .
                0x000000cc                __data_section_table = .
                0x000000cc        0x4 LONG 0xac88 LOADADDR (.data)
                0x000000d0        0x4 LONG 0x10000000 ADDR (.data)
                0x000000d4        0x4 LONG 0x4 SIZEOF (.data)
                0x000000d8        0x4 LONG 0xac88 LOADADDR (.data_RAM2)
                0x000000dc        0x4 LONG 0x2007c000 ADDR (.data_RAM2)
                0x000000e0        0x4 LONG 0x0 SIZEOF (.data_RAM2)
                0x000000e4                __data_section_table_end = .
                0x000000e4                __bss_section_table = .
                0x000000e4        0x4 LONG 0x10000004 ADDR (.bss)
                0x000000e8        0x4 LONG 0xc SIZEOF (.bss)
                0x000000ec        0x4 LONG 0x2007c000 ADDR (.bss_RAM2)
                0x000000f0        0x4 LONG 0x0 SIZEOF (.bss_RAM2)
                0x000000f4                __bss_section_table_end = .
                0x000000f4                __section_table_end = .
 *(.after_vectors*)
 .after_vectors
                0x000000f4      0x144 ./src/cr_startup_lpc175x_6x.o
                0x000000f4                data_init
                0x00000138                bss_init
                0x00000170                ResetISR
                0x000001e8                NMI_Handler
                0x000001f0                HardFault_Handler
                0x000001f8                MemManage_Handler
                0x00000200                BusFault_Handler
                0x00000208                UsageFault_Handler
                0x00000210                SVC_Handler
                0x00000218                DebugMon_Handler
                0x00000220                PendSV_Handler
                0x00000228                SysTick_Handler
                0x00000230                TIMER2_IRQHandler
                0x00000230                RIT_IRQHandler
                0x00000230                I2C0_IRQHandler
                0x00000230                USBActivity_IRQHandler
                0x00000230                PWM1_IRQHandler
                0x00000230                I2C1_IRQHandler
                0x00000230                EINT2_IRQHandler
                0x00000230                UART1_IRQHandler
                0x00000230                EINT3_IRQHandler
                0x00000230                CANActivity_IRQHandler
                0x00000230                TIMER3_IRQHandler
                0x00000230                UART0_IRQHandler
                0x00000230                IntDefaultHandler
                0x00000230                PLL0_IRQHandler
                0x00000230                CAN_IRQHandler
                0x00000230                PLL1_IRQHandler
                0x00000230                SSP0_IRQHandler
                0x00000230                I2S_IRQHandler
                0x00000230                I2C2_IRQHandler
                0x00000230                RTC_IRQHandler
                0x00000230                TIMER0_IRQHandler
                0x00000230                SPI_IRQHandler
                0x00000230                EINT1_IRQHandler
                0x00000230                TIMER1_IRQHandler
                0x00000230                UART2_IRQHandler
                0x00000230                ADC_IRQHandler
                0x00000230                SSP1_IRQHandler
                0x00000230                USB_IRQHandler
                0x00000230                BOD_IRQHandler
                0x00000230                WDT_IRQHandler
                0x00000230                QEI_IRQHandler
                0x00000230                EINT0_IRQHandler
                0x00000230                ETH_IRQHandler
                0x00000230                DMA_IRQHandler
                0x00000230                UART3_IRQHandler
                0x00000230                MCPWM_IRQHandler
 *(.text*)
 .text.main     0x00000238       0x1c ./src/THD_Analyser.o
                0x00000238                main
 .text.fft      0x00000254      0x120 ./src/funciones.o
                0x00000254                fft
 .text.SystemInit
                0x00000374       0x24 ./src/sysinit.o
                0x00000374                SystemInit
 .text.arm_cfft_radix4_init_f32
                0x00000398       0xb4 /home/aortiz/LPCXpresso/GIT/LpcXpresso_DPLab/workspace/CMSIS_DSPLIB_CM3/lib/libCMSIS_DSPLIB_CM3.a(arm_cfft_radix4_init_f32.o)
                0x00000398                arm_cfft_radix4_init_f32
 .text.arm_radix4_butterfly_q15
                0x0000044c      0x6c8 /home/aortiz/LPCXpresso/GIT/LpcXpresso_DPLab/workspace/CMSIS_DSPLIB_CM3/lib/libCMSIS_DSPLIB_CM3.a(arm_cfft_radix4_q15.o)
                0x0000044c                arm_radix4_butterfly_q15
 .text.arm_radix4_butterfly_inverse_q15
                0x00000b14      0x6c0 /home/aortiz/LPCXpresso/GIT/LpcXpresso_DPLab/workspace/CMSIS_DSPLIB_CM3/lib/libCMSIS_DSPLIB_CM3.a(arm_cfft_radix4_q15.o)
                0x00000b14                arm_radix4_butterfly_inverse_q15
 .text.arm_cfft_radix4_q15
                0x000011d4       0x3c /home/aortiz/LPCXpresso/GIT/LpcXpresso_DPLab/workspace/CMSIS_DSPLIB_CM3/lib/libCMSIS_DSPLIB_CM3.a(arm_cfft_radix4_q15.o)
                0x000011d4                arm_cfft_radix4_q15
 .text.arm_max_q15
                0x00001210      0x208 /home/aortiz/LPCXpresso/GIT/LpcXpresso_DPLab/workspace/CMSIS_DSPLIB_CM3/lib/libCMSIS_DSPLIB_CM3.a(arm_max_q15.o)
                0x00001210                arm_max_q15
 .text.arm_cmplx_mag_q15
                0x00001418      0x10c /home/aortiz/LPCXpresso/GIT/LpcXpresso_DPLab/workspace/CMSIS_DSPLIB_CM3/lib/libCMSIS_DSPLIB_CM3.a(arm_cmplx_mag_q15.o)
                0x00001418                arm_cmplx_mag_q15
 .text.arm_bitreversal_q15
                0x00001524      0x120 /home/aortiz/LPCXpresso/GIT/LpcXpresso_DPLab/workspace/CMSIS_DSPLIB_CM3/lib/libCMSIS_DSPLIB_CM3.a(arm_bitreversal.o)
                0x00001524                arm_bitreversal_q15
 .text.arm_sqrt_q15
                0x00001644       0xec /home/aortiz/LPCXpresso/GIT/LpcXpresso_DPLab/workspace/CMSIS_DSPLIB_CM3/lib/libCMSIS_DSPLIB_CM3.a(arm_sqrt_q15.o)
                0x00001644                arm_sqrt_q15
 .text.Chip_IOCON_Init
                0x00001730       0x18 /home/aortiz/LPCXpresso/GIT/LpcXpresso_DPLab/workspace/td2_board_1769/Debug/libtd2_board_1769.a(board.o)
 .text.Chip_GPIO_Init
                0x00001748       0x18 /home/aortiz/LPCXpresso/GIT/LpcXpresso_DPLab/workspace/td2_board_1769/Debug/libtd2_board_1769.a(board.o)
 .text.Chip_GPIO_SetPinState
                0x00001760       0x68 /home/aortiz/LPCXpresso/GIT/LpcXpresso_DPLab/workspace/td2_board_1769/Debug/libtd2_board_1769.a(board.o)
 .text.Chip_GPIO_WritePortBit
                0x000017c8       0x2c /home/aortiz/LPCXpresso/GIT/LpcXpresso_DPLab/workspace/td2_board_1769/Debug/libtd2_board_1769.a(board.o)
 .text.Chip_GPIO_SetPinDIROutput
                0x000017f4       0x38 /home/aortiz/LPCXpresso/GIT/LpcXpresso_DPLab/workspace/td2_board_1769/Debug/libtd2_board_1769.a(board.o)
 .text.Chip_GPIO_SetPinDIRInput
                0x0000182c       0x3c /home/aortiz/LPCXpresso/GIT/LpcXpresso_DPLab/workspace/td2_board_1769/Debug/libtd2_board_1769.a(board.o)
 .text.Chip_GPIO_SetPinDIR
                0x00001868       0x44 /home/aortiz/LPCXpresso/GIT/LpcXpresso_DPLab/workspace/td2_board_1769/Debug/libtd2_board_1769.a(board.o)
 .text.Chip_GPIO_WriteDirBit
                0x000018ac       0x30 /home/aortiz/LPCXpresso/GIT/LpcXpresso_DPLab/workspace/td2_board_1769/Debug/libtd2_board_1769.a(board.o)
 .text.Chip_UART_ConfigData
                0x000018dc       0x1c /home/aortiz/LPCXpresso/GIT/LpcXpresso_DPLab/workspace/td2_board_1769/Debug/libtd2_board_1769.a(board.o)
 .text.Board_LED_Init
                0x000018f8       0x18 /home/aortiz/LPCXpresso/GIT/LpcXpresso_DPLab/workspace/td2_board_1769/Debug/libtd2_board_1769.a(board.o)
 .text.Board_UART_Init
                0x00001910       0x14 /home/aortiz/LPCXpresso/GIT/LpcXpresso_DPLab/workspace/td2_board_1769/Debug/libtd2_board_1769.a(board.o)
                0x00001910                Board_UART_Init
 .text.Board_Debug_Init
                0x00001924       0x30 /home/aortiz/LPCXpresso/GIT/LpcXpresso_DPLab/workspace/td2_board_1769/Debug/libtd2_board_1769.a(board.o)
                0x00001924                Board_Debug_Init
 .text.Board_LED_Set
                0x00001954       0x30 /home/aortiz/LPCXpresso/GIT/LpcXpresso_DPLab/workspace/td2_board_1769/Debug/libtd2_board_1769.a(board.o)
                0x00001954                Board_LED_Set
 .text.Board_Init
                0x00001984       0x24 /home/aortiz/LPCXpresso/GIT/LpcXpresso_DPLab/workspace/td2_board_1769/Debug/libtd2_board_1769.a(board.o)
                0x00001984                Board_Init
 .text.Chip_SYSCTL_SetFLASHAccess
                0x000019a8       0x30 /home/aortiz/LPCXpresso/GIT/LpcXpresso_DPLab/workspace/td2_board_1769/Debug/libtd2_board_1769.a(board_sysinit.o)
 .text.Board_SetupMuxing
                0x000019d8       0x1c /home/aortiz/LPCXpresso/GIT/LpcXpresso_DPLab/workspace/td2_board_1769/Debug/libtd2_board_1769.a(board_sysinit.o)
                0x000019d8                Board_SetupMuxing
 .text.Board_SetupClocking
                0x000019f4       0x14 /home/aortiz/LPCXpresso/GIT/LpcXpresso_DPLab/workspace/td2_board_1769/Debug/libtd2_board_1769.a(board_sysinit.o)
                0x000019f4                Board_SetupClocking
 .text.Board_SystemInit
                0x00001a08       0x10 /home/aortiz/LPCXpresso/GIT/LpcXpresso_DPLab/workspace/td2_board_1769/Debug/libtd2_board_1769.a(board_sysinit.o)
                0x00001a08                Board_SystemInit
 .text.SystemCoreClockUpdate
                0x00001a18       0x18 /home/aortiz/LPCXpresso/GIT/LpcXpresso_DPLab/workspace/lpc_chip_175x_6x/Debug/liblpc_chip_175x_6x.a(chip_17xx_40xx.o)
                0x00001a18                SystemCoreClockUpdate
 .text.Chip_Clock_IsMainPLLEnabled
                0x00001a30       0x24 /home/aortiz/LPCXpresso/GIT/LpcXpresso_DPLab/workspace/lpc_chip_175x_6x/Debug/liblpc_chip_175x_6x.a(clock_17xx_40xx.o)
 .text.Chip_Clock_IsMainPLLConnected
                0x00001a54       0x24 /home/aortiz/LPCXpresso/GIT/LpcXpresso_DPLab/workspace/lpc_chip_175x_6x/Debug/liblpc_chip_175x_6x.a(clock_17xx_40xx.o)
 .text.Chip_Clock_FeedPLL
                0x00001a78       0x34 /home/aortiz/LPCXpresso/GIT/LpcXpresso_DPLab/workspace/lpc_chip_175x_6x/Debug/liblpc_chip_175x_6x.a(clock_17xx_40xx.o)
 .text.Chip_Clock_GetMainPLLSource
                0x00001aac       0x20 /home/aortiz/LPCXpresso/GIT/LpcXpresso_DPLab/workspace/lpc_chip_175x_6x/Debug/liblpc_chip_175x_6x.a(clock_17xx_40xx.o)
 .text.Chip_Clock_GetMainOscRate
                0x00001acc       0x14 /home/aortiz/LPCXpresso/GIT/LpcXpresso_DPLab/workspace/lpc_chip_175x_6x/Debug/liblpc_chip_175x_6x.a(clock_17xx_40xx.o)
 .text.Chip_Clock_GetIntOscRate
                0x00001ae0       0x14 /home/aortiz/LPCXpresso/GIT/LpcXpresso_DPLab/workspace/lpc_chip_175x_6x/Debug/liblpc_chip_175x_6x.a(clock_17xx_40xx.o)
 .text.Chip_Clock_GetRTCOscRate
                0x00001af4       0x14 /home/aortiz/LPCXpresso/GIT/LpcXpresso_DPLab/workspace/lpc_chip_175x_6x/Debug/liblpc_chip_175x_6x.a(clock_17xx_40xx.o)
 .text.Chip_Clock_GetMainPLLInClockRate
                0x00001b08       0x10 /home/aortiz/LPCXpresso/GIT/LpcXpresso_DPLab/workspace/lpc_chip_175x_6x/Debug/liblpc_chip_175x_6x.a(clock_17xx_40xx.o)
 .text.Chip_Clock_EnablePLL
                0x00001b18       0x44 /home/aortiz/LPCXpresso/GIT/LpcXpresso_DPLab/workspace/lpc_chip_175x_6x/Debug/liblpc_chip_175x_6x.a(clock_17xx_40xx.o)
                0x00001b18                Chip_Clock_EnablePLL
 .text.Chip_Clock_DisablePLL
                0x00001b5c       0x48 /home/aortiz/LPCXpresso/GIT/LpcXpresso_DPLab/workspace/lpc_chip_175x_6x/Debug/liblpc_chip_175x_6x.a(clock_17xx_40xx.o)
                0x00001b5c                Chip_Clock_DisablePLL
 .text.Chip_Clock_SetupPLL
                0x00001ba4       0x5c /home/aortiz/LPCXpresso/GIT/LpcXpresso_DPLab/workspace/lpc_chip_175x_6x/Debug/liblpc_chip_175x_6x.a(clock_17xx_40xx.o)
                0x00001ba4                Chip_Clock_SetupPLL
 .text.Chip_Clock_EnablePeriphClock
                0x00001c00       0x34 /home/aortiz/LPCXpresso/GIT/LpcXpresso_DPLab/workspace/lpc_chip_175x_6x/Debug/liblpc_chip_175x_6x.a(clock_17xx_40xx.o)
                0x00001c00                Chip_Clock_EnablePeriphClock
 .text.Chip_Clock_GetCPUClockSource
                0x00001c34       0x24 /home/aortiz/LPCXpresso/GIT/LpcXpresso_DPLab/workspace/lpc_chip_175x_6x/Debug/liblpc_chip_175x_6x.a(clock_17xx_40xx.o)
                0x00001c34                Chip_Clock_GetCPUClockSource
 .text.Chip_Clock_SetCPUClockDiv
                0x00001c58       0x20 /home/aortiz/LPCXpresso/GIT/LpcXpresso_DPLab/workspace/lpc_chip_175x_6x/Debug/liblpc_chip_175x_6x.a(clock_17xx_40xx.o)
                0x00001c58                Chip_Clock_SetCPUClockDiv
 .text.Chip_Clock_GetCPUClockDiv
                0x00001c78       0x1c /home/aortiz/LPCXpresso/GIT/LpcXpresso_DPLab/workspace/lpc_chip_175x_6x/Debug/liblpc_chip_175x_6x.a(clock_17xx_40xx.o)
                0x00001c78                Chip_Clock_GetCPUClockDiv
 .text.Chip_Clock_GetPCLKDiv
                0x00001c94       0x8c /home/aortiz/LPCXpresso/GIT/LpcXpresso_DPLab/workspace/lpc_chip_175x_6x/Debug/liblpc_chip_175x_6x.a(clock_17xx_40xx.o)
                0x00001c94                Chip_Clock_GetPCLKDiv
 .text.Chip_Clock_GetSYSCLKRate
                0x00001d20       0x34 /home/aortiz/LPCXpresso/GIT/LpcXpresso_DPLab/workspace/lpc_chip_175x_6x/Debug/liblpc_chip_175x_6x.a(clock_17xx_40xx.o)
                0x00001d20                Chip_Clock_GetSYSCLKRate
 .text.Chip_Clock_GetMainPLLOutClockRate
                0x00001d54       0x54 /home/aortiz/LPCXpresso/GIT/LpcXpresso_DPLab/workspace/lpc_chip_175x_6x/Debug/liblpc_chip_175x_6x.a(clock_17xx_40xx.o)
                0x00001d54                Chip_Clock_GetMainPLLOutClockRate
 .text.Chip_Clock_GetMainClockRate
                0x00001da8       0x28 /home/aortiz/LPCXpresso/GIT/LpcXpresso_DPLab/workspace/lpc_chip_175x_6x/Debug/liblpc_chip_175x_6x.a(clock_17xx_40xx.o)
                0x00001da8                Chip_Clock_GetMainClockRate
 .text.Chip_Clock_GetSystemClockRate
                0x00001dd0       0x18 /home/aortiz/LPCXpresso/GIT/LpcXpresso_DPLab/workspace/lpc_chip_175x_6x/Debug/liblpc_chip_175x_6x.a(clock_17xx_40xx.o)
                0x00001dd0                Chip_Clock_GetSystemClockRate
 .text.Chip_Clock_GetPeripheralClockRate
                0x00001de8       0x28 /home/aortiz/LPCXpresso/GIT/LpcXpresso_DPLab/workspace/lpc_chip_175x_6x/Debug/liblpc_chip_175x_6x.a(clock_17xx_40xx.o)
                0x00001de8                Chip_Clock_GetPeripheralClockRate
 .text.Chip_IOCON_PinMuxSet
                0x00001e10       0x38 /home/aortiz/LPCXpresso/GIT/LpcXpresso_DPLab/workspace/lpc_chip_175x_6x/Debug/liblpc_chip_175x_6x.a(iocon_17xx_40xx.o)
                0x00001e10                Chip_IOCON_PinMuxSet
 .text.Chip_IOCON_PinMux
                0x00001e48       0x94 /home/aortiz/LPCXpresso/GIT/LpcXpresso_DPLab/workspace/lpc_chip_175x_6x/Debug/liblpc_chip_175x_6x.a(iocon_17xx_40xx.o)
                0x00001e48                Chip_IOCON_PinMux
 .text.Chip_IOCON_SetPinMuxing
                0x00001edc       0x64 /home/aortiz/LPCXpresso/GIT/LpcXpresso_DPLab/workspace/lpc_chip_175x_6x/Debug/liblpc_chip_175x_6x.a(iocon_17xx_40xx.o)
                0x00001edc                Chip_IOCON_SetPinMuxing
 .text.Chip_Clock_IsMainPLLEnabled
                0x00001f40       0x24 /home/aortiz/LPCXpresso/GIT/LpcXpresso_DPLab/workspace/lpc_chip_175x_6x/Debug/liblpc_chip_175x_6x.a(sysinit_17xx_40xx.o)
 .text.Chip_Clock_IsMainPLLLocked
                0x00001f64       0x24 /home/aortiz/LPCXpresso/GIT/LpcXpresso_DPLab/workspace/lpc_chip_175x_6x/Debug/liblpc_chip_175x_6x.a(sysinit_17xx_40xx.o)
 .text.Chip_Clock_IsMainPLLConnected
                0x00001f88       0x24 /home/aortiz/LPCXpresso/GIT/LpcXpresso_DPLab/workspace/lpc_chip_175x_6x/Debug/liblpc_chip_175x_6x.a(sysinit_17xx_40xx.o)
 .text.Chip_Clock_EnableCrystal
                0x00001fac       0x20 /home/aortiz/LPCXpresso/GIT/LpcXpresso_DPLab/workspace/lpc_chip_175x_6x/Debug/liblpc_chip_175x_6x.a(sysinit_17xx_40xx.o)
 .text.Chip_Clock_IsCrystalEnabled
                0x00001fcc       0x24 /home/aortiz/LPCXpresso/GIT/LpcXpresso_DPLab/workspace/lpc_chip_175x_6x/Debug/liblpc_chip_175x_6x.a(sysinit_17xx_40xx.o)
 .text.Chip_Clock_SetMainPLLSource
                0x00001ff0       0x20 /home/aortiz/LPCXpresso/GIT/LpcXpresso_DPLab/workspace/lpc_chip_175x_6x/Debug/liblpc_chip_175x_6x.a(sysinit_17xx_40xx.o)
 .text.Chip_SetupXtalClocking
                0x00002010       0x90 /home/aortiz/LPCXpresso/GIT/LpcXpresso_DPLab/workspace/lpc_chip_175x_6x/Debug/liblpc_chip_175x_6x.a(sysinit_17xx_40xx.o)
                0x00002010                Chip_SetupXtalClocking
 .text.Chip_UART_SetupFIFOS
                0x000020a0       0x1c /home/aortiz/LPCXpresso/GIT/LpcXpresso_DPLab/workspace/lpc_chip_175x_6x/Debug/liblpc_chip_175x_6x.a(uart_17xx_40xx.o)
 .text.Chip_UART_ConfigData
                0x000020bc       0x1c /home/aortiz/LPCXpresso/GIT/LpcXpresso_DPLab/workspace/lpc_chip_175x_6x/Debug/liblpc_chip_175x_6x.a(uart_17xx_40xx.o)
 .text.Chip_UART_EnableDivisorAccess
                0x000020d8       0x20 /home/aortiz/LPCXpresso/GIT/LpcXpresso_DPLab/workspace/lpc_chip_175x_6x/Debug/liblpc_chip_175x_6x.a(uart_17xx_40xx.o)
 .text.Chip_UART_DisableDivisorAccess
                0x000020f8       0x20 /home/aortiz/LPCXpresso/GIT/LpcXpresso_DPLab/workspace/lpc_chip_175x_6x/Debug/liblpc_chip_175x_6x.a(uart_17xx_40xx.o)
 .text.Chip_UART_SetDivisorLatches
                0x00002118       0x28 /home/aortiz/LPCXpresso/GIT/LpcXpresso_DPLab/workspace/lpc_chip_175x_6x/Debug/liblpc_chip_175x_6x.a(uart_17xx_40xx.o)
 .text.Chip_UART_GetClockIndex
                0x00002140       0x50 /home/aortiz/LPCXpresso/GIT/LpcXpresso_DPLab/workspace/lpc_chip_175x_6x/Debug/liblpc_chip_175x_6x.a(uart_17xx_40xx.o)
 .text.Chip_UART_GetClkIndex
                0x00002190       0x50 /home/aortiz/LPCXpresso/GIT/LpcXpresso_DPLab/workspace/lpc_chip_175x_6x/Debug/liblpc_chip_175x_6x.a(uart_17xx_40xx.o)
 .text.Chip_UART_Init
                0x000021e0       0x78 /home/aortiz/LPCXpresso/GIT/LpcXpresso_DPLab/workspace/lpc_chip_175x_6x/Debug/liblpc_chip_175x_6x.a(uart_17xx_40xx.o)
                0x000021e0                Chip_UART_Init
 .text.Chip_UART_TXEnable
                0x00002258       0x18 /home/aortiz/LPCXpresso/GIT/LpcXpresso_DPLab/workspace/lpc_chip_175x_6x/Debug/liblpc_chip_175x_6x.a(uart_17xx_40xx.o)
                0x00002258                Chip_UART_TXEnable
 .text.Chip_UART_TXDisable
                0x00002270       0x18 /home/aortiz/LPCXpresso/GIT/LpcXpresso_DPLab/workspace/lpc_chip_175x_6x/Debug/liblpc_chip_175x_6x.a(uart_17xx_40xx.o)
                0x00002270                Chip_UART_TXDisable
 .text.Chip_UART_SetBaud
                0x00002288       0x64 /home/aortiz/LPCXpresso/GIT/LpcXpresso_DPLab/workspace/lpc_chip_175x_6x/Debug/liblpc_chip_175x_6x.a(uart_17xx_40xx.o)
                0x00002288                Chip_UART_SetBaud
 .text.__weak_main
                0x000022ec        0x4 /home/aortiz/.SoftInstalado/LPCxpresso/lpcxpresso/tools/bin/../lib/gcc/arm-none-eabi/5.2.1/../../../../arm-none-eabi/lib/armv7-m/libcr_c.a(__weak__main.o)
                0x000022ec                __main
                0x000022ec                __weak_main
 .text.__bhs_ui2f.part.0
                0x000022f0       0x20 /home/aortiz/.SoftInstalado/LPCxpresso/lpcxpresso/tools/bin/../lib/gcc/arm-none-eabi/5.2.1/armv7-m/libcr_eabihelpers.a(float.o)
 .text.__aeabi_fmul
                0x00002310       0xc0 /home/aortiz/.SoftInstalado/LPCxpresso/lpcxpresso/tools/bin/../lib/gcc/arm-none-eabi/5.2.1/armv7-m/libcr_eabihelpers.a(float.o)
                0x00002310                __aeabi_fmul
 .text.__aeabi_f2iz
                0x000023d0       0x34 /home/aortiz/.SoftInstalado/LPCxpresso/lpcxpresso/tools/bin/../lib/gcc/arm-none-eabi/5.2.1/armv7-m/libcr_eabihelpers.a(float.o)
                0x000023d0                __aeabi_f2iz
 .text.__aeabi_i2f
                0x00002404       0x20 /home/aortiz/.SoftInstalado/LPCxpresso/lpcxpresso/tools/bin/../lib/gcc/arm-none-eabi/5.2.1/armv7-m/libcr_eabihelpers.a(float.o)
                0x00002404                __aeabi_i2f
 *(.rodata .rodata.* .constdata .constdata.*)
 .rodata.twiddleCoef_4096
                0x00002424     0x8000 /home/aortiz/LPCXpresso/GIT/LpcXpresso_DPLab/workspace/CMSIS_DSPLIB_CM3/lib/libCMSIS_DSPLIB_CM3.a(arm_common_tables.o)
                0x00002424                twiddleCoef_4096
 .rodata.armBitRevTable
                0x0000a424      0x800 /home/aortiz/LPCXpresso/GIT/LpcXpresso_DPLab/workspace/CMSIS_DSPLIB_CM3/lib/libCMSIS_DSPLIB_CM3.a(arm_common_tables.o)
                0x0000a424                armBitRevTable
 .rodata.OscRateIn
                0x0000ac24        0x4 /home/aortiz/LPCXpresso/GIT/LpcXpresso_DPLab/workspace/td2_board_1769/Debug/libtd2_board_1769.a(board.o)
                0x0000ac24                OscRateIn
 .rodata.RTCOscRateIn
                0x0000ac28        0x4 /home/aortiz/LPCXpresso/GIT/LpcXpresso_DPLab/workspace/td2_board_1769/Debug/libtd2_board_1769.a(board.o)
                0x0000ac28                RTCOscRateIn
 .rodata.pinmuxing
                0x0000ac2c       0x5c /home/aortiz/LPCXpresso/GIT/LpcXpresso_DPLab/workspace/td2_board_1769/Debug/libtd2_board_1769.a(board_sysinit.o)
                0x0000ac88                . = ALIGN (0x4)

.glue_7         0x0000ac88        0x0
 .glue_7        0x0000ac88        0x0 linker stubs

.glue_7t        0x0000ac88        0x0
 .glue_7t       0x0000ac88        0x0 linker stubs

.vfp11_veneer   0x0000ac88        0x0
 .vfp11_veneer  0x0000ac88        0x0 linker stubs

.v4_bx          0x0000ac88        0x0
 .v4_bx         0x0000ac88        0x0 linker stubs

.iplt           0x0000ac88        0x0
 .iplt          0x0000ac88        0x0 ./src/THD_Analyser.o

.rel.dyn        0x0000ac88        0x0
 .rel.iplt      0x0000ac88        0x0 ./src/THD_Analyser.o

.ARM.extab
 *(.ARM.extab* .gnu.linkonce.armextab.*)
                0x0000ac88                __exidx_start = .

.ARM.exidx
 *(.ARM.exidx* .gnu.linkonce.armexidx.*)
                0x0000ac88                __exidx_end = .
                0x0000ac88                _etext = .

.data_RAM2      0x2007c000        0x0 load address 0x0000ac88
 FILL mask 0xff
                [!provide]                PROVIDE (__start_data_RAM2, .)
 *(.ramfunc.$RAM2)
 *(.ramfunc.$RamAHB32)
 *(.data.$RAM2*)
 *(.data.$RamAHB32*)
                0x2007c000                . = ALIGN (0x4)
                [!provide]                PROVIDE (__end_data_RAM2, .)

.uninit_RESERVED
                0x10000000        0x0
 *(.bss.$RESERVED*)
                0x10000000                . = ALIGN (0x4)
                0x10000000                _end_uninit_RESERVED = .

.data           0x10000000        0x4 load address 0x0000ac88
 FILL mask 0xff
                0x10000000                _data = .
 *(vtable)
 *(.ramfunc*)
 *(.data*)
 .data.fftSize  0x10000000        0x2 ./src/funciones.o
                0x10000000                fftSize
 .data.doBitReverse
                0x10000002        0x1 ./src/funciones.o
                0x10000002                doBitReverse
                0x10000004                . = ALIGN (0x4)
 *fill*         0x10000003        0x1 ff
                0x10000004                _edata = .

.igot.plt       0x10000004        0x0 load address 0x0000ac8c
 .igot.plt      0x10000004        0x0 ./src/THD_Analyser.o

.bss_RAM2       0x2007c000        0x0
                [!provide]                PROVIDE (__start_bss_RAM2, .)
 *(.bss.$RAM2*)
 *(.bss.$RamAHB32*)
                0x2007c000                . = ALIGN ((. != 0x0)?0x4:0x1)
                [!provide]                PROVIDE (__end_bss_RAM2, .)

.bss            0x10000004        0xc
                0x10000004                _bss = .
 *(.bss*)
 .bss.ifftFlag  0x10000004        0x1 ./src/funciones.o
                0x10000004                ifftFlag
 *fill*         0x10000005        0x3 
 .bss.testIndex
                0x10000008        0x4 ./src/funciones.o
                0x10000008                testIndex
 *(COMMON)
 COMMON         0x1000000c        0x4 /home/aortiz/LPCXpresso/GIT/LpcXpresso_DPLab/workspace/lpc_chip_175x_6x/Debug/liblpc_chip_175x_6x.a(chip_17xx_40xx.o)
                0x1000000c                SystemCoreClock
                0x10000010                . = ALIGN (0x4)
                0x10000010                _ebss = .
                [!provide]                PROVIDE (end, .)

.noinit_RAM2    0x2007c000        0x0
 *(.noinit.$RAM2*)
 *(.noinit.$RamAHB32*)
                0x2007c000                . = ALIGN (0x4)

.noinit         0x10000010        0x0
                0x10000010                _noinit = .
 *(.noinit*)
                0x10000010                . = ALIGN (0x4)
                0x10000010                _end_noinit = .
                [!provide]                PROVIDE (_pvHeapStart, DEFINED (__user_heap_base)?__user_heap_base:.)
                0x10008000                PROVIDE (_vStackTop, DEFINED (__user_stack_top)?__user_stack_top:(__top_RamLoc32 - 0x0))
                0xefff74b2                PROVIDE (__valid_user_code_checksum, (0x0 - ((((((_vStackTop + (ResetISR + 0x1)) + (NMI_Handler + 0x1)) + (HardFault_Handler + 0x1)) + (DEFINED (MemManage_Handler)?MemManage_Handler:0x0 + 0x1)) + (DEFINED (BusFault_Handler)?BusFault_Handler:0x0 + 0x1)) + (DEFINED (UsageFault_Handler)?UsageFault_Handler:0x0 + 0x1))))
OUTPUT(THD_Analyser.axf elf32-littlearm)

.debug_info     0x00000000     0x7188
 .debug_info    0x00000000       0xea ./src/THD_Analyser.o
 .debug_info    0x000000ea      0x24e ./src/cr_startup_lpc175x_6x.o
 .debug_info    0x00000338      0x260 ./src/funciones.o
 .debug_info    0x00000598      0x110 ./src/sysinit.o
 .debug_info    0x000006a8      0x24e /home/aortiz/LPCXpresso/GIT/LpcXpresso_DPLab/workspace/CMSIS_DSPLIB_CM3/lib/libCMSIS_DSPLIB_CM3.a(arm_cfft_radix4_init_f32.o)
 .debug_info    0x000008f6     0x1b79 /home/aortiz/LPCXpresso/GIT/LpcXpresso_DPLab/workspace/CMSIS_DSPLIB_CM3/lib/libCMSIS_DSPLIB_CM3.a(arm_cfft_radix4_q15.o)
 .debug_info    0x0000246f      0x159 /home/aortiz/LPCXpresso/GIT/LpcXpresso_DPLab/workspace/CMSIS_DSPLIB_CM3/lib/libCMSIS_DSPLIB_CM3.a(arm_max_q15.o)
 .debug_info    0x000025c8      0x233 /home/aortiz/LPCXpresso/GIT/LpcXpresso_DPLab/workspace/CMSIS_DSPLIB_CM3/lib/libCMSIS_DSPLIB_CM3.a(arm_cmplx_mag_q15.o)
 .debug_info    0x000027fb      0x51f /home/aortiz/LPCXpresso/GIT/LpcXpresso_DPLab/workspace/CMSIS_DSPLIB_CM3/lib/libCMSIS_DSPLIB_CM3.a(arm_common_tables.o)
 .debug_info    0x00002d1a      0x2b2 /home/aortiz/LPCXpresso/GIT/LpcXpresso_DPLab/workspace/CMSIS_DSPLIB_CM3/lib/libCMSIS_DSPLIB_CM3.a(arm_bitreversal.o)
 .debug_info    0x00002fcc      0x236 /home/aortiz/LPCXpresso/GIT/LpcXpresso_DPLab/workspace/CMSIS_DSPLIB_CM3/lib/libCMSIS_DSPLIB_CM3.a(arm_sqrt_q15.o)
 .debug_info    0x00003202     0x13ae /home/aortiz/LPCXpresso/GIT/LpcXpresso_DPLab/workspace/td2_board_1769/Debug/libtd2_board_1769.a(board.o)
 .debug_info    0x000045b0      0x56c /home/aortiz/LPCXpresso/GIT/LpcXpresso_DPLab/workspace/td2_board_1769/Debug/libtd2_board_1769.a(board_sysinit.o)
 .debug_info    0x00004b1c      0x51e /home/aortiz/LPCXpresso/GIT/LpcXpresso_DPLab/workspace/lpc_chip_175x_6x/Debug/liblpc_chip_175x_6x.a(chip_17xx_40xx.o)
 .debug_info    0x0000503a      0xb62 /home/aortiz/LPCXpresso/GIT/LpcXpresso_DPLab/workspace/lpc_chip_175x_6x/Debug/liblpc_chip_175x_6x.a(clock_17xx_40xx.o)
 .debug_info    0x00005b9c      0x2d9 /home/aortiz/LPCXpresso/GIT/LpcXpresso_DPLab/workspace/lpc_chip_175x_6x/Debug/liblpc_chip_175x_6x.a(iocon_17xx_40xx.o)
 .debug_info    0x00005e75      0x439 /home/aortiz/LPCXpresso/GIT/LpcXpresso_DPLab/workspace/lpc_chip_175x_6x/Debug/liblpc_chip_175x_6x.a(sysinit_17xx_40xx.o)
 .debug_info    0x000062ae      0xeda /home/aortiz/LPCXpresso/GIT/LpcXpresso_DPLab/workspace/lpc_chip_175x_6x/Debug/liblpc_chip_175x_6x.a(uart_17xx_40xx.o)

.debug_abbrev   0x00000000     0x186a
 .debug_abbrev  0x00000000       0x84 ./src/THD_Analyser.o
 .debug_abbrev  0x00000084       0xf5 ./src/cr_startup_lpc175x_6x.o
 .debug_abbrev  0x00000179       0xe6 ./src/funciones.o
 .debug_abbrev  0x0000025f       0xa3 ./src/sysinit.o
 .debug_abbrev  0x00000302       0xf3 /home/aortiz/LPCXpresso/GIT/LpcXpresso_DPLab/workspace/CMSIS_DSPLIB_CM3/lib/libCMSIS_DSPLIB_CM3.a(arm_cfft_radix4_init_f32.o)
 .debug_abbrev  0x000003f5      0x1fc /home/aortiz/LPCXpresso/GIT/LpcXpresso_DPLab/workspace/CMSIS_DSPLIB_CM3/lib/libCMSIS_DSPLIB_CM3.a(arm_cfft_radix4_q15.o)
 .debug_abbrev  0x000005f1       0x95 /home/aortiz/LPCXpresso/GIT/LpcXpresso_DPLab/workspace/CMSIS_DSPLIB_CM3/lib/libCMSIS_DSPLIB_CM3.a(arm_max_q15.o)
 .debug_abbrev  0x00000686       0xf6 /home/aortiz/LPCXpresso/GIT/LpcXpresso_DPLab/workspace/CMSIS_DSPLIB_CM3/lib/libCMSIS_DSPLIB_CM3.a(arm_cmplx_mag_q15.o)
 .debug_abbrev  0x0000077c       0x8a /home/aortiz/LPCXpresso/GIT/LpcXpresso_DPLab/workspace/CMSIS_DSPLIB_CM3/lib/libCMSIS_DSPLIB_CM3.a(arm_common_tables.o)
 .debug_abbrev  0x00000806       0xc8 /home/aortiz/LPCXpresso/GIT/LpcXpresso_DPLab/workspace/CMSIS_DSPLIB_CM3/lib/libCMSIS_DSPLIB_CM3.a(arm_bitreversal.o)
 .debug_abbrev  0x000008ce      0x11c /home/aortiz/LPCXpresso/GIT/LpcXpresso_DPLab/workspace/CMSIS_DSPLIB_CM3/lib/libCMSIS_DSPLIB_CM3.a(arm_sqrt_q15.o)
 .debug_abbrev  0x000009ea      0x379 /home/aortiz/LPCXpresso/GIT/LpcXpresso_DPLab/workspace/td2_board_1769/Debug/libtd2_board_1769.a(board.o)
 .debug_abbrev  0x00000d63      0x15c /home/aortiz/LPCXpresso/GIT/LpcXpresso_DPLab/workspace/td2_board_1769/Debug/libtd2_board_1769.a(board_sysinit.o)
 .debug_abbrev  0x00000ebf      0x13c /home/aortiz/LPCXpresso/GIT/LpcXpresso_DPLab/workspace/lpc_chip_175x_6x/Debug/liblpc_chip_175x_6x.a(chip_17xx_40xx.o)
 .debug_abbrev  0x00000ffb      0x2ec /home/aortiz/LPCXpresso/GIT/LpcXpresso_DPLab/workspace/lpc_chip_175x_6x/Debug/liblpc_chip_175x_6x.a(clock_17xx_40xx.o)
 .debug_abbrev  0x000012e7      0x126 /home/aortiz/LPCXpresso/GIT/LpcXpresso_DPLab/workspace/lpc_chip_175x_6x/Debug/liblpc_chip_175x_6x.a(iocon_17xx_40xx.o)
 .debug_abbrev  0x0000140d      0x175 /home/aortiz/LPCXpresso/GIT/LpcXpresso_DPLab/workspace/lpc_chip_175x_6x/Debug/liblpc_chip_175x_6x.a(sysinit_17xx_40xx.o)
 .debug_abbrev  0x00001582      0x2e8 /home/aortiz/LPCXpresso/GIT/LpcXpresso_DPLab/workspace/lpc_chip_175x_6x/Debug/liblpc_chip_175x_6x.a(uart_17xx_40xx.o)

.debug_aranges  0x00000000      0x668
 .debug_aranges
                0x00000000       0x20 ./src/THD_Analyser.o
 .debug_aranges
                0x00000020       0x80 ./src/cr_startup_lpc175x_6x.o
 .debug_aranges
                0x000000a0       0x20 ./src/funciones.o
 .debug_aranges
                0x000000c0       0x20 ./src/sysinit.o
 .debug_aranges
                0x000000e0       0x20 /home/aortiz/LPCXpresso/GIT/LpcXpresso_DPLab/workspace/CMSIS_DSPLIB_CM3/lib/libCMSIS_DSPLIB_CM3.a(arm_cfft_radix4_init_f32.o)
 .debug_aranges
                0x00000100       0x30 /home/aortiz/LPCXpresso/GIT/LpcXpresso_DPLab/workspace/CMSIS_DSPLIB_CM3/lib/libCMSIS_DSPLIB_CM3.a(arm_cfft_radix4_q15.o)
 .debug_aranges
                0x00000130       0x20 /home/aortiz/LPCXpresso/GIT/LpcXpresso_DPLab/workspace/CMSIS_DSPLIB_CM3/lib/libCMSIS_DSPLIB_CM3.a(arm_max_q15.o)
 .debug_aranges
                0x00000150       0x20 /home/aortiz/LPCXpresso/GIT/LpcXpresso_DPLab/workspace/CMSIS_DSPLIB_CM3/lib/libCMSIS_DSPLIB_CM3.a(arm_cmplx_mag_q15.o)
 .debug_aranges
                0x00000170       0x30 /home/aortiz/LPCXpresso/GIT/LpcXpresso_DPLab/workspace/CMSIS_DSPLIB_CM3/lib/libCMSIS_DSPLIB_CM3.a(arm_bitreversal.o)
 .debug_aranges
                0x000001a0       0x20 /home/aortiz/LPCXpresso/GIT/LpcXpresso_DPLab/workspace/CMSIS_DSPLIB_CM3/lib/libCMSIS_DSPLIB_CM3.a(arm_sqrt_q15.o)
 .debug_aranges
                0x000001c0      0x160 /home/aortiz/LPCXpresso/GIT/LpcXpresso_DPLab/workspace/td2_board_1769/Debug/libtd2_board_1769.a(board.o)
 .debug_aranges
                0x00000320       0x38 /home/aortiz/LPCXpresso/GIT/LpcXpresso_DPLab/workspace/td2_board_1769/Debug/libtd2_board_1769.a(board_sysinit.o)
 .debug_aranges
                0x00000358       0x38 /home/aortiz/LPCXpresso/GIT/LpcXpresso_DPLab/workspace/lpc_chip_175x_6x/Debug/liblpc_chip_175x_6x.a(chip_17xx_40xx.o)
 .debug_aranges
                0x00000390      0x120 /home/aortiz/LPCXpresso/GIT/LpcXpresso_DPLab/workspace/lpc_chip_175x_6x/Debug/liblpc_chip_175x_6x.a(clock_17xx_40xx.o)
 .debug_aranges
                0x000004b0       0x30 /home/aortiz/LPCXpresso/GIT/LpcXpresso_DPLab/workspace/lpc_chip_175x_6x/Debug/liblpc_chip_175x_6x.a(iocon_17xx_40xx.o)
 .debug_aranges
                0x000004e0       0x60 /home/aortiz/LPCXpresso/GIT/LpcXpresso_DPLab/workspace/lpc_chip_175x_6x/Debug/liblpc_chip_175x_6x.a(sysinit_17xx_40xx.o)
 .debug_aranges
                0x00000540      0x128 /home/aortiz/LPCXpresso/GIT/LpcXpresso_DPLab/workspace/lpc_chip_175x_6x/Debug/liblpc_chip_175x_6x.a(uart_17xx_40xx.o)

.debug_ranges   0x00000000     0x23f0
 .debug_ranges  0x00000000       0x10 ./src/THD_Analyser.o
 .debug_ranges  0x00000010       0x70 ./src/cr_startup_lpc175x_6x.o
 .debug_ranges  0x00000080       0x10 ./src/funciones.o
 .debug_ranges  0x00000090       0x10 ./src/sysinit.o
 .debug_ranges  0x000000a0       0x10 /home/aortiz/LPCXpresso/GIT/LpcXpresso_DPLab/workspace/CMSIS_DSPLIB_CM3/lib/libCMSIS_DSPLIB_CM3.a(arm_cfft_radix4_init_f32.o)
 .debug_ranges  0x000000b0     0x1e18 /home/aortiz/LPCXpresso/GIT/LpcXpresso_DPLab/workspace/CMSIS_DSPLIB_CM3/lib/libCMSIS_DSPLIB_CM3.a(arm_cfft_radix4_q15.o)
 .debug_ranges  0x00001ec8       0x10 /home/aortiz/LPCXpresso/GIT/LpcXpresso_DPLab/workspace/CMSIS_DSPLIB_CM3/lib/libCMSIS_DSPLIB_CM3.a(arm_max_q15.o)
 .debug_ranges  0x00001ed8       0xb0 /home/aortiz/LPCXpresso/GIT/LpcXpresso_DPLab/workspace/CMSIS_DSPLIB_CM3/lib/libCMSIS_DSPLIB_CM3.a(arm_cmplx_mag_q15.o)
 .debug_ranges  0x00001f88       0x20 /home/aortiz/LPCXpresso/GIT/LpcXpresso_DPLab/workspace/CMSIS_DSPLIB_CM3/lib/libCMSIS_DSPLIB_CM3.a(arm_bitreversal.o)
 .debug_ranges  0x00001fa8       0x10 /home/aortiz/LPCXpresso/GIT/LpcXpresso_DPLab/workspace/CMSIS_DSPLIB_CM3/lib/libCMSIS_DSPLIB_CM3.a(arm_sqrt_q15.o)
 .debug_ranges  0x00001fb8      0x150 /home/aortiz/LPCXpresso/GIT/LpcXpresso_DPLab/workspace/td2_board_1769/Debug/libtd2_board_1769.a(board.o)
 .debug_ranges  0x00002108       0x28 /home/aortiz/LPCXpresso/GIT/LpcXpresso_DPLab/workspace/td2_board_1769/Debug/libtd2_board_1769.a(board_sysinit.o)
 .debug_ranges  0x00002130       0x28 /home/aortiz/LPCXpresso/GIT/LpcXpresso_DPLab/workspace/lpc_chip_175x_6x/Debug/liblpc_chip_175x_6x.a(chip_17xx_40xx.o)
 .debug_ranges  0x00002158      0x110 /home/aortiz/LPCXpresso/GIT/LpcXpresso_DPLab/workspace/lpc_chip_175x_6x/Debug/liblpc_chip_175x_6x.a(clock_17xx_40xx.o)
 .debug_ranges  0x00002268       0x20 /home/aortiz/LPCXpresso/GIT/LpcXpresso_DPLab/workspace/lpc_chip_175x_6x/Debug/liblpc_chip_175x_6x.a(iocon_17xx_40xx.o)
 .debug_ranges  0x00002288       0x50 /home/aortiz/LPCXpresso/GIT/LpcXpresso_DPLab/workspace/lpc_chip_175x_6x/Debug/liblpc_chip_175x_6x.a(sysinit_17xx_40xx.o)
 .debug_ranges  0x000022d8      0x118 /home/aortiz/LPCXpresso/GIT/LpcXpresso_DPLab/workspace/lpc_chip_175x_6x/Debug/liblpc_chip_175x_6x.a(uart_17xx_40xx.o)

.debug_macro    0x00000000     0x5669
 .debug_macro   0x00000000      0x26f ./src/THD_Analyser.o
 .debug_macro   0x0000026f      0x898 ./src/THD_Analyser.o
 .debug_macro   0x00000b07       0x10 ./src/THD_Analyser.o
 .debug_macro   0x00000b17      0x12d ./src/THD_Analyser.o
 .debug_macro   0x00000c44      0x5b2 ./src/THD_Analyser.o
 .debug_macro   0x000011f6       0x22 ./src/THD_Analyser.o
 .debug_macro   0x00001218       0x7b ./src/THD_Analyser.o
 .debug_macro   0x00001293       0x10 ./src/THD_Analyser.o
 .debug_macro   0x000012a3       0x2d ./src/THD_Analyser.o
 .debug_macro   0x000012d0       0x3a ./src/THD_Analyser.o
 .debug_macro   0x0000130a       0x2d ./src/THD_Analyser.o
 .debug_macro   0x00001337      0xbb1 ./src/THD_Analyser.o
 .debug_macro   0x00001ee8      0x22c ./src/THD_Analyser.o
 .debug_macro   0x00002114       0x42 ./src/THD_Analyser.o
 .debug_macro   0x00002156       0x52 ./src/THD_Analyser.o
 .debug_macro   0x000021a8       0x78 ./src/THD_Analyser.o
 .debug_macro   0x00002220       0x82 ./src/THD_Analyser.o
 .debug_macro   0x000022a2      0x48c ./src/THD_Analyser.o
 .debug_macro   0x0000272e       0x34 ./src/THD_Analyser.o
 .debug_macro   0x00002762      0x4c5 ./src/THD_Analyser.o
 .debug_macro   0x00002c27      0x1b7 ./src/THD_Analyser.o
 .debug_macro   0x00002dde       0x10 ./src/THD_Analyser.o
 .debug_macro   0x00002dee      0x21b ./src/THD_Analyser.o
 .debug_macro   0x00003009      0x1b9 ./src/THD_Analyser.o
 .debug_macro   0x000031c2       0x40 ./src/THD_Analyser.o
 .debug_macro   0x00003202       0x22 ./src/THD_Analyser.o
 .debug_macro   0x00003224      0x162 ./src/THD_Analyser.o
 .debug_macro   0x00003386       0x94 ./src/THD_Analyser.o
 .debug_macro   0x0000341a       0xb8 ./src/THD_Analyser.o
 .debug_macro   0x000034d2       0x4c ./src/THD_Analyser.o
 .debug_macro   0x0000351e       0x16 ./src/THD_Analyser.o
 .debug_macro   0x00003534      0x328 ./src/THD_Analyser.o
 .debug_macro   0x0000385c       0x49 ./src/THD_Analyser.o
 .debug_macro   0x000038a5       0x16 ./src/THD_Analyser.o
 .debug_macro   0x000038bb       0xca ./src/THD_Analyser.o
 .debug_macro   0x00003985       0x18 ./src/THD_Analyser.o
 .debug_macro   0x0000399d       0x70 ./src/THD_Analyser.o
 .debug_macro   0x00003a0d       0x9a ./src/THD_Analyser.o
 .debug_macro   0x00003aa7       0x20 ./src/THD_Analyser.o
 .debug_macro   0x00003ac7       0x28 ./src/THD_Analyser.o
 .debug_macro   0x00003aef       0x82 ./src/THD_Analyser.o
 .debug_macro   0x00003b71       0x10 ./src/THD_Analyser.o
 .debug_macro   0x00003b81       0x12 ./src/THD_Analyser.o
 .debug_macro   0x00003b93       0xc4 ./src/THD_Analyser.o
 .debug_macro   0x00003c57       0xb3 ./src/THD_Analyser.o
 .debug_macro   0x00003d0a       0x40 ./src/THD_Analyser.o
 .debug_macro   0x00003d4a       0x1d ./src/cr_startup_lpc175x_6x.o
 .debug_macro   0x00003d67       0xb2 ./src/funciones.o
 .debug_macro   0x00003e19      0x217 ./src/sysinit.o
 .debug_macro   0x00004030      0x289 /home/aortiz/LPCXpresso/GIT/LpcXpresso_DPLab/workspace/td2_board_1769/Debug/libtd2_board_1769.a(board.o)
 .debug_macro   0x000042b9      0x886 /home/aortiz/LPCXpresso/GIT/LpcXpresso_DPLab/workspace/td2_board_1769/Debug/libtd2_board_1769.a(board.o)
 .debug_macro   0x00004b3f       0x12 /home/aortiz/LPCXpresso/GIT/LpcXpresso_DPLab/workspace/td2_board_1769/Debug/libtd2_board_1769.a(board.o)
 .debug_macro   0x00004b51      0x217 /home/aortiz/LPCXpresso/GIT/LpcXpresso_DPLab/workspace/td2_board_1769/Debug/libtd2_board_1769.a(board_sysinit.o)
 .debug_macro   0x00004d68      0x1cd /home/aortiz/LPCXpresso/GIT/LpcXpresso_DPLab/workspace/lpc_chip_175x_6x/Debug/liblpc_chip_175x_6x.a(chip_17xx_40xx.o)
 .debug_macro   0x00004f35      0x1cd /home/aortiz/LPCXpresso/GIT/LpcXpresso_DPLab/workspace/lpc_chip_175x_6x/Debug/liblpc_chip_175x_6x.a(clock_17xx_40xx.o)
 .debug_macro   0x00005102      0x1cd /home/aortiz/LPCXpresso/GIT/LpcXpresso_DPLab/workspace/lpc_chip_175x_6x/Debug/liblpc_chip_175x_6x.a(iocon_17xx_40xx.o)
 .debug_macro   0x000052cf      0x1cd /home/aortiz/LPCXpresso/GIT/LpcXpresso_DPLab/workspace/lpc_chip_175x_6x/Debug/liblpc_chip_175x_6x.a(sysinit_17xx_40xx.o)
 .debug_macro   0x0000549c      0x1cd /home/aortiz/LPCXpresso/GIT/LpcXpresso_DPLab/workspace/lpc_chip_175x_6x/Debug/liblpc_chip_175x_6x.a(uart_17xx_40xx.o)

.debug_line     0x00000000     0x650a
 .debug_line    0x00000000      0x63e ./src/THD_Analyser.o
 .debug_line    0x0000063e       0xd5 ./src/cr_startup_lpc175x_6x.o
 .debug_line    0x00000713      0x292 ./src/funciones.o
 .debug_line    0x000009a5      0x4ec ./src/sysinit.o
 .debug_line    0x00000e91      0x445 /home/aortiz/LPCXpresso/GIT/LpcXpresso_DPLab/workspace/CMSIS_DSPLIB_CM3/lib/libCMSIS_DSPLIB_CM3.a(arm_cfft_radix4_init_f32.o)
 .debug_line    0x000012d6     0x12b3 /home/aortiz/LPCXpresso/GIT/LpcXpresso_DPLab/workspace/CMSIS_DSPLIB_CM3/lib/libCMSIS_DSPLIB_CM3.a(arm_cfft_radix4_q15.o)
 .debug_line    0x00002589      0x484 /home/aortiz/LPCXpresso/GIT/LpcXpresso_DPLab/workspace/CMSIS_DSPLIB_CM3/lib/libCMSIS_DSPLIB_CM3.a(arm_max_q15.o)
 .debug_line    0x00002a0d      0x444 /home/aortiz/LPCXpresso/GIT/LpcXpresso_DPLab/workspace/CMSIS_DSPLIB_CM3/lib/libCMSIS_DSPLIB_CM3.a(arm_cmplx_mag_q15.o)
 .debug_line    0x00002e51      0x3c5 /home/aortiz/LPCXpresso/GIT/LpcXpresso_DPLab/workspace/CMSIS_DSPLIB_CM3/lib/libCMSIS_DSPLIB_CM3.a(arm_common_tables.o)
 .debug_line    0x00003216      0x58a /home/aortiz/LPCXpresso/GIT/LpcXpresso_DPLab/workspace/CMSIS_DSPLIB_CM3/lib/libCMSIS_DSPLIB_CM3.a(arm_bitreversal.o)
 .debug_line    0x000037a0      0x40f /home/aortiz/LPCXpresso/GIT/LpcXpresso_DPLab/workspace/CMSIS_DSPLIB_CM3/lib/libCMSIS_DSPLIB_CM3.a(arm_sqrt_q15.o)
 .debug_line    0x00003baf      0x855 /home/aortiz/LPCXpresso/GIT/LpcXpresso_DPLab/workspace/td2_board_1769/Debug/libtd2_board_1769.a(board.o)
 .debug_line    0x00004404      0x4da /home/aortiz/LPCXpresso/GIT/LpcXpresso_DPLab/workspace/td2_board_1769/Debug/libtd2_board_1769.a(board_sysinit.o)
 .debug_line    0x000048de      0x46e /home/aortiz/LPCXpresso/GIT/LpcXpresso_DPLab/workspace/lpc_chip_175x_6x/Debug/liblpc_chip_175x_6x.a(chip_17xx_40xx.o)
 .debug_line    0x00004d4c      0x6ea /home/aortiz/LPCXpresso/GIT/LpcXpresso_DPLab/workspace/lpc_chip_175x_6x/Debug/liblpc_chip_175x_6x.a(clock_17xx_40xx.o)
 .debug_line    0x00005436      0x45a /home/aortiz/LPCXpresso/GIT/LpcXpresso_DPLab/workspace/lpc_chip_175x_6x/Debug/liblpc_chip_175x_6x.a(iocon_17xx_40xx.o)
 .debug_line    0x00005890      0x4e4 /home/aortiz/LPCXpresso/GIT/LpcXpresso_DPLab/workspace/lpc_chip_175x_6x/Debug/liblpc_chip_175x_6x.a(sysinit_17xx_40xx.o)
 .debug_line    0x00005d74      0x796 /home/aortiz/LPCXpresso/GIT/LpcXpresso_DPLab/workspace/lpc_chip_175x_6x/Debug/liblpc_chip_175x_6x.a(uart_17xx_40xx.o)

.debug_str      0x00000000    0x14354
 .debug_str     0x00000000    0x119d1 ./src/THD_Analyser.o
                              0x11ac6 (size before relaxing)
 .debug_str     0x000119d1      0x1c2 ./src/cr_startup_lpc175x_6x.o
                               0x26c8 (size before relaxing)
 .debug_str     0x00011b93      0x1b3 ./src/funciones.o
                               0x4cd6 (size before relaxing)
 .debug_str     0x00011d46       0x1b ./src/sysinit.o
                              0x10a7b (size before relaxing)
 .debug_str     0x00011d61       0xf7 /home/aortiz/LPCXpresso/GIT/LpcXpresso_DPLab/workspace/CMSIS_DSPLIB_CM3/lib/libCMSIS_DSPLIB_CM3.a(arm_cfft_radix4_init_f32.o)
                                0x2be (size before relaxing)
 .debug_str     0x00011e58      0x168 /home/aortiz/LPCXpresso/GIT/LpcXpresso_DPLab/workspace/CMSIS_DSPLIB_CM3/lib/libCMSIS_DSPLIB_CM3.a(arm_cfft_radix4_q15.o)
                                0x2fc (size before relaxing)
 .debug_str     0x00011fc0       0x7c /home/aortiz/LPCXpresso/GIT/LpcXpresso_DPLab/workspace/CMSIS_DSPLIB_CM3/lib/libCMSIS_DSPLIB_CM3.a(arm_max_q15.o)
                                0x1a9 (size before relaxing)
 .debug_str     0x0001203c       0x6e /home/aortiz/LPCXpresso/GIT/LpcXpresso_DPLab/workspace/CMSIS_DSPLIB_CM3/lib/libCMSIS_DSPLIB_CM3.a(arm_cmplx_mag_q15.o)
                                0x1b8 (size before relaxing)
 .debug_str     0x000120aa      0x267 /home/aortiz/LPCXpresso/GIT/LpcXpresso_DPLab/workspace/CMSIS_DSPLIB_CM3/lib/libCMSIS_DSPLIB_CM3.a(arm_common_tables.o)
                                0x3c7 (size before relaxing)
 .debug_str     0x00012311       0x91 /home/aortiz/LPCXpresso/GIT/LpcXpresso_DPLab/workspace/CMSIS_DSPLIB_CM3/lib/libCMSIS_DSPLIB_CM3.a(arm_bitreversal.o)
                                0x20f (size before relaxing)
 .debug_str     0x000123a2       0xa6 /home/aortiz/LPCXpresso/GIT/LpcXpresso_DPLab/workspace/CMSIS_DSPLIB_CM3/lib/libCMSIS_DSPLIB_CM3.a(arm_sqrt_q15.o)
                                0x287 (size before relaxing)
 .debug_str     0x00012448      0xec0 /home/aortiz/LPCXpresso/GIT/LpcXpresso_DPLab/workspace/td2_board_1769/Debug/libtd2_board_1769.a(board.o)
                              0x11919 (size before relaxing)
 .debug_str     0x00013308      0x22d /home/aortiz/LPCXpresso/GIT/LpcXpresso_DPLab/workspace/td2_board_1769/Debug/libtd2_board_1769.a(board_sysinit.o)
                              0x10e53 (size before relaxing)
 .debug_str     0x00013535       0xd1 /home/aortiz/LPCXpresso/GIT/LpcXpresso_DPLab/workspace/lpc_chip_175x_6x/Debug/liblpc_chip_175x_6x.a(chip_17xx_40xx.o)
                              0x10b59 (size before relaxing)
 .debug_str     0x00013606      0x857 /home/aortiz/LPCXpresso/GIT/LpcXpresso_DPLab/workspace/lpc_chip_175x_6x/Debug/liblpc_chip_175x_6x.a(clock_17xx_40xx.o)
                              0x111c7 (size before relaxing)
 .debug_str     0x00013e5d       0x79 /home/aortiz/LPCXpresso/GIT/LpcXpresso_DPLab/workspace/lpc_chip_175x_6x/Debug/liblpc_chip_175x_6x.a(iocon_17xx_40xx.o)
                              0x10644 (size before relaxing)
 .debug_str     0x00013ed6       0xc4 /home/aortiz/LPCXpresso/GIT/LpcXpresso_DPLab/workspace/lpc_chip_175x_6x/Debug/liblpc_chip_175x_6x.a(sysinit_17xx_40xx.o)
                              0x1082c (size before relaxing)
 .debug_str     0x00013f9a      0x3ba /home/aortiz/LPCXpresso/GIT/LpcXpresso_DPLab/workspace/lpc_chip_175x_6x/Debug/liblpc_chip_175x_6x.a(uart_17xx_40xx.o)
                              0x1109c (size before relaxing)

.comment        0x00000000       0xde
 .comment       0x00000000       0x6e ./src/THD_Analyser.o
                                 0x6f (size before relaxing)
 .comment       0x0000006e       0x6f ./src/cr_startup_lpc175x_6x.o
 .comment       0x0000006e       0x6f ./src/funciones.o
 .comment       0x0000006e       0x6f ./src/sysinit.o
 .comment       0x0000006e       0x70 /home/aortiz/LPCXpresso/GIT/LpcXpresso_DPLab/workspace/CMSIS_DSPLIB_CM3/lib/libCMSIS_DSPLIB_CM3.a(arm_cfft_radix4_init_f32.o)
                                 0x71 (size before relaxing)
 .comment       0x000000de       0x71 /home/aortiz/LPCXpresso/GIT/LpcXpresso_DPLab/workspace/CMSIS_DSPLIB_CM3/lib/libCMSIS_DSPLIB_CM3.a(arm_cfft_radix4_q15.o)
 .comment       0x000000de       0x71 /home/aortiz/LPCXpresso/GIT/LpcXpresso_DPLab/workspace/CMSIS_DSPLIB_CM3/lib/libCMSIS_DSPLIB_CM3.a(arm_max_q15.o)
 .comment       0x000000de       0x71 /home/aortiz/LPCXpresso/GIT/LpcXpresso_DPLab/workspace/CMSIS_DSPLIB_CM3/lib/libCMSIS_DSPLIB_CM3.a(arm_cmplx_mag_q15.o)
 .comment       0x000000de       0x71 /home/aortiz/LPCXpresso/GIT/LpcXpresso_DPLab/workspace/CMSIS_DSPLIB_CM3/lib/libCMSIS_DSPLIB_CM3.a(arm_common_tables.o)
 .comment       0x000000de       0x71 /home/aortiz/LPCXpresso/GIT/LpcXpresso_DPLab/workspace/CMSIS_DSPLIB_CM3/lib/libCMSIS_DSPLIB_CM3.a(arm_bitreversal.o)
 .comment       0x000000de       0x71 /home/aortiz/LPCXpresso/GIT/LpcXpresso_DPLab/workspace/CMSIS_DSPLIB_CM3/lib/libCMSIS_DSPLIB_CM3.a(arm_sqrt_q15.o)
 .comment       0x000000de       0x6f /home/aortiz/LPCXpresso/GIT/LpcXpresso_DPLab/workspace/td2_board_1769/Debug/libtd2_board_1769.a(board.o)
 .comment       0x000000de       0x6f /home/aortiz/LPCXpresso/GIT/LpcXpresso_DPLab/workspace/td2_board_1769/Debug/libtd2_board_1769.a(board_sysinit.o)
 .comment       0x000000de       0x6f /home/aortiz/LPCXpresso/GIT/LpcXpresso_DPLab/workspace/lpc_chip_175x_6x/Debug/liblpc_chip_175x_6x.a(chip_17xx_40xx.o)
 .comment       0x000000de       0x6f /home/aortiz/LPCXpresso/GIT/LpcXpresso_DPLab/workspace/lpc_chip_175x_6x/Debug/liblpc_chip_175x_6x.a(clock_17xx_40xx.o)
 .comment       0x000000de       0x6f /home/aortiz/LPCXpresso/GIT/LpcXpresso_DPLab/workspace/lpc_chip_175x_6x/Debug/liblpc_chip_175x_6x.a(iocon_17xx_40xx.o)
 .comment       0x000000de       0x6f /home/aortiz/LPCXpresso/GIT/LpcXpresso_DPLab/workspace/lpc_chip_175x_6x/Debug/liblpc_chip_175x_6x.a(sysinit_17xx_40xx.o)
 .comment       0x000000de       0x6f /home/aortiz/LPCXpresso/GIT/LpcXpresso_DPLab/workspace/lpc_chip_175x_6x/Debug/liblpc_chip_175x_6x.a(uart_17xx_40xx.o)
 .comment       0x000000de       0x6f /home/aortiz/.SoftInstalado/LPCxpresso/lpcxpresso/tools/bin/../lib/gcc/arm-none-eabi/5.2.1/../../../../arm-none-eabi/lib/armv7-m/libcr_c.a(__weak__main.o)
 .comment       0x000000de       0x6f /home/aortiz/.SoftInstalado/LPCxpresso/lpcxpresso/tools/bin/../lib/gcc/arm-none-eabi/5.2.1/armv7-m/libcr_eabihelpers.a(float.o)

.ARM.attributes
                0x00000000       0x31
 .ARM.attributes
                0x00000000       0x33 ./src/THD_Analyser.o
 .ARM.attributes
                0x00000033       0x33 ./src/cr_startup_lpc175x_6x.o
 .ARM.attributes
                0x00000066       0x33 ./src/funciones.o
 .ARM.attributes
                0x00000099       0x33 ./src/sysinit.o
 .ARM.attributes
                0x000000cc       0x33 /home/aortiz/LPCXpresso/GIT/LpcXpresso_DPLab/workspace/CMSIS_DSPLIB_CM3/lib/libCMSIS_DSPLIB_CM3.a(arm_cfft_radix4_init_f32.o)
 .ARM.attributes
                0x000000ff       0x33 /home/aortiz/LPCXpresso/GIT/LpcXpresso_DPLab/workspace/CMSIS_DSPLIB_CM3/lib/libCMSIS_DSPLIB_CM3.a(arm_cfft_radix4_q15.o)
 .ARM.attributes
                0x00000132       0x33 /home/aortiz/LPCXpresso/GIT/LpcXpresso_DPLab/workspace/CMSIS_DSPLIB_CM3/lib/libCMSIS_DSPLIB_CM3.a(arm_max_q15.o)
 .ARM.attributes
                0x00000165       0x33 /home/aortiz/LPCXpresso/GIT/LpcXpresso_DPLab/workspace/CMSIS_DSPLIB_CM3/lib/libCMSIS_DSPLIB_CM3.a(arm_cmplx_mag_q15.o)
 .ARM.attributes
                0x00000198       0x33 /home/aortiz/LPCXpresso/GIT/LpcXpresso_DPLab/workspace/CMSIS_DSPLIB_CM3/lib/libCMSIS_DSPLIB_CM3.a(arm_common_tables.o)
 .ARM.attributes
                0x000001cb       0x33 /home/aortiz/LPCXpresso/GIT/LpcXpresso_DPLab/workspace/CMSIS_DSPLIB_CM3/lib/libCMSIS_DSPLIB_CM3.a(arm_bitreversal.o)
 .ARM.attributes
                0x000001fe       0x33 /home/aortiz/LPCXpresso/GIT/LpcXpresso_DPLab/workspace/CMSIS_DSPLIB_CM3/lib/libCMSIS_DSPLIB_CM3.a(arm_sqrt_q15.o)
 .ARM.attributes
                0x00000231       0x33 /home/aortiz/LPCXpresso/GIT/LpcXpresso_DPLab/workspace/td2_board_1769/Debug/libtd2_board_1769.a(board.o)
 .ARM.attributes
                0x00000264       0x33 /home/aortiz/LPCXpresso/GIT/LpcXpresso_DPLab/workspace/td2_board_1769/Debug/libtd2_board_1769.a(board_sysinit.o)
 .ARM.attributes
                0x00000297       0x33 /home/aortiz/LPCXpresso/GIT/LpcXpresso_DPLab/workspace/lpc_chip_175x_6x/Debug/liblpc_chip_175x_6x.a(chip_17xx_40xx.o)
 .ARM.attributes
                0x000002ca       0x33 /home/aortiz/LPCXpresso/GIT/LpcXpresso_DPLab/workspace/lpc_chip_175x_6x/Debug/liblpc_chip_175x_6x.a(clock_17xx_40xx.o)
 .ARM.attributes
                0x000002fd       0x33 /home/aortiz/LPCXpresso/GIT/LpcXpresso_DPLab/workspace/lpc_chip_175x_6x/Debug/liblpc_chip_175x_6x.a(iocon_17xx_40xx.o)
 .ARM.attributes
                0x00000330       0x33 /home/aortiz/LPCXpresso/GIT/LpcXpresso_DPLab/workspace/lpc_chip_175x_6x/Debug/liblpc_chip_175x_6x.a(sysinit_17xx_40xx.o)
 .ARM.attributes
                0x00000363       0x33 /home/aortiz/LPCXpresso/GIT/LpcXpresso_DPLab/workspace/lpc_chip_175x_6x/Debug/liblpc_chip_175x_6x.a(uart_17xx_40xx.o)
 .ARM.attributes
                0x00000396       0x33 /home/aortiz/.SoftInstalado/LPCxpresso/lpcxpresso/tools/bin/../lib/gcc/arm-none-eabi/5.2.1/../../../../arm-none-eabi/lib/armv7-m/libcr_c.a(__weak__main.o)
 .ARM.attributes
                0x000003c9       0x33 /home/aortiz/.SoftInstalado/LPCxpresso/lpcxpresso/tools/bin/../lib/gcc/arm-none-eabi/5.2.1/armv7-m/libcr_eabihelpers.a(float.o)

.debug_frame    0x00000000     0x1630
 .debug_frame   0x00000000       0x2c ./src/THD_Analyser.o
 .debug_frame   0x0000002c      0x170 ./src/cr_startup_lpc175x_6x.o
 .debug_frame   0x0000019c       0x38 ./src/funciones.o
 .debug_frame   0x000001d4       0x34 ./src/sysinit.o
 .debug_frame   0x00000208       0x28 /home/aortiz/LPCXpresso/GIT/LpcXpresso_DPLab/workspace/CMSIS_DSPLIB_CM3/lib/libCMSIS_DSPLIB_CM3.a(arm_cfft_radix4_init_f32.o)
 .debug_frame   0x00000230       0x7c /home/aortiz/LPCXpresso/GIT/LpcXpresso_DPLab/workspace/CMSIS_DSPLIB_CM3/lib/libCMSIS_DSPLIB_CM3.a(arm_cfft_radix4_q15.o)
 .debug_frame   0x000002ac       0x38 /home/aortiz/LPCXpresso/GIT/LpcXpresso_DPLab/workspace/CMSIS_DSPLIB_CM3/lib/libCMSIS_DSPLIB_CM3.a(arm_max_q15.o)
 .debug_frame   0x000002e4       0x38 /home/aortiz/LPCXpresso/GIT/LpcXpresso_DPLab/workspace/CMSIS_DSPLIB_CM3/lib/libCMSIS_DSPLIB_CM3.a(arm_cmplx_mag_q15.o)
 .debug_frame   0x0000031c       0x88 /home/aortiz/LPCXpresso/GIT/LpcXpresso_DPLab/workspace/CMSIS_DSPLIB_CM3/lib/libCMSIS_DSPLIB_CM3.a(arm_bitreversal.o)
 .debug_frame   0x000003a4       0x30 /home/aortiz/LPCXpresso/GIT/LpcXpresso_DPLab/workspace/CMSIS_DSPLIB_CM3/lib/libCMSIS_DSPLIB_CM3.a(arm_sqrt_q15.o)
 .debug_frame   0x000003d4      0x5d4 /home/aortiz/LPCXpresso/GIT/LpcXpresso_DPLab/workspace/td2_board_1769/Debug/libtd2_board_1769.a(board.o)
 .debug_frame   0x000009a8       0x8c /home/aortiz/LPCXpresso/GIT/LpcXpresso_DPLab/workspace/td2_board_1769/Debug/libtd2_board_1769.a(board_sysinit.o)
 .debug_frame   0x00000a34       0x88 /home/aortiz/LPCXpresso/GIT/LpcXpresso_DPLab/workspace/lpc_chip_175x_6x/Debug/liblpc_chip_175x_6x.a(chip_17xx_40xx.o)
 .debug_frame   0x00000abc      0x490 /home/aortiz/LPCXpresso/GIT/LpcXpresso_DPLab/workspace/lpc_chip_175x_6x/Debug/liblpc_chip_175x_6x.a(clock_17xx_40xx.o)
 .debug_frame   0x00000f4c       0x80 /home/aortiz/LPCXpresso/GIT/LpcXpresso_DPLab/workspace/lpc_chip_175x_6x/Debug/liblpc_chip_175x_6x.a(iocon_17xx_40xx.o)
 .debug_frame   0x00000fcc      0x12c /home/aortiz/LPCXpresso/GIT/LpcXpresso_DPLab/workspace/lpc_chip_175x_6x/Debug/liblpc_chip_175x_6x.a(sysinit_17xx_40xx.o)
 .debug_frame   0x000010f8      0x538 /home/aortiz/LPCXpresso/GIT/LpcXpresso_DPLab/workspace/lpc_chip_175x_6x/Debug/liblpc_chip_175x_6x.a(uart_17xx_40xx.o)

.debug_loc      0x00000000     0x2663
 .debug_loc     0x00000000      0x1e2 /home/aortiz/LPCXpresso/GIT/LpcXpresso_DPLab/workspace/CMSIS_DSPLIB_CM3/lib/libCMSIS_DSPLIB_CM3.a(arm_cfft_radix4_init_f32.o)
 .debug_loc     0x000001e2     0x1a4a /home/aortiz/LPCXpresso/GIT/LpcXpresso_DPLab/workspace/CMSIS_DSPLIB_CM3/lib/libCMSIS_DSPLIB_CM3.a(arm_cfft_radix4_q15.o)
 .debug_loc     0x00001c2c      0x324 /home/aortiz/LPCXpresso/GIT/LpcXpresso_DPLab/workspace/CMSIS_DSPLIB_CM3/lib/libCMSIS_DSPLIB_CM3.a(arm_max_q15.o)
 .debug_loc     0x00001f50      0x1bd /home/aortiz/LPCXpresso/GIT/LpcXpresso_DPLab/workspace/CMSIS_DSPLIB_CM3/lib/libCMSIS_DSPLIB_CM3.a(arm_cmplx_mag_q15.o)
 .debug_loc     0x0000210d      0x3f0 /home/aortiz/LPCXpresso/GIT/LpcXpresso_DPLab/workspace/CMSIS_DSPLIB_CM3/lib/libCMSIS_DSPLIB_CM3.a(arm_bitreversal.o)
 .debug_loc     0x000024fd      0x166 /home/aortiz/LPCXpresso/GIT/LpcXpresso_DPLab/workspace/CMSIS_DSPLIB_CM3/lib/libCMSIS_DSPLIB_CM3.a(arm_sqrt_q15.o)

.debug_macinfo  0x00000000    0x21123
 .debug_macinfo
                0x00000000     0x4c89 /home/aortiz/LPCXpresso/GIT/LpcXpresso_DPLab/workspace/CMSIS_DSPLIB_CM3/lib/libCMSIS_DSPLIB_CM3.a(arm_cfft_radix4_init_f32.o)
 .debug_macinfo
                0x00004c89     0x4a55 /home/aortiz/LPCXpresso/GIT/LpcXpresso_DPLab/workspace/CMSIS_DSPLIB_CM3/lib/libCMSIS_DSPLIB_CM3.a(arm_cfft_radix4_q15.o)
 .debug_macinfo
                0x000096de     0x4a55 /home/aortiz/LPCXpresso/GIT/LpcXpresso_DPLab/workspace/CMSIS_DSPLIB_CM3/lib/libCMSIS_DSPLIB_CM3.a(arm_max_q15.o)
 .debug_macinfo
                0x0000e133     0x4a55 /home/aortiz/LPCXpresso/GIT/LpcXpresso_DPLab/workspace/CMSIS_DSPLIB_CM3/lib/libCMSIS_DSPLIB_CM3.a(arm_cmplx_mag_q15.o)
 .debug_macinfo
                0x00012b88     0x4c89 /home/aortiz/LPCXpresso/GIT/LpcXpresso_DPLab/workspace/CMSIS_DSPLIB_CM3/lib/libCMSIS_DSPLIB_CM3.a(arm_common_tables.o)
 .debug_macinfo
                0x00017811     0x4c89 /home/aortiz/LPCXpresso/GIT/LpcXpresso_DPLab/workspace/CMSIS_DSPLIB_CM3/lib/libCMSIS_DSPLIB_CM3.a(arm_bitreversal.o)
 .debug_macinfo
                0x0001c49a     0x4c89 /home/aortiz/LPCXpresso/GIT/LpcXpresso_DPLab/workspace/CMSIS_DSPLIB_CM3/lib/libCMSIS_DSPLIB_CM3.a(arm_sqrt_q15.o)
