22:20:46 **** Build of configuration Debug for project Ex_Uart_V1 ****
make -r all 
Building file: ../example/src/Ex_UartRB_V1.c
Invoking: MCU C Compiler
arm-none-eabi-gcc -D__REDLIB__ -DDEBUG -D__CODE_RED -D__USE_LPCOPEN -DCORE_M3 -I"/media/pablo/Disco_Auxiliar/UTN/UTN 2016/Digitales 2/TD II/Ejemplos FreeRTOS/workspace/lpc_chip_175x_6x/inc" -I"/media/pablo/Disco_Auxiliar/UTN/UTN 2016/Digitales 2/TD II/Ejemplos FreeRTOS/workspace/LPC_BaseBoardBB1769_R02/inc" -O0 -g3 -Wall -c -fmessage-length=0 -fno-builtin -ffunction-sections -fdata-sections -mcpu=cortex-m3 -mthumb -D__REDLIB__ -specs=redlib.specs -MMD -MP -MF"example/src/Ex_UartRB_V1.d" -MT"example/src/Ex_UartRB_V1.o" -MT"example/src/Ex_UartRB_V1.d" -o "example/src/Ex_UartRB_V1.o" "../example/src/Ex_UartRB_V1.c"
In file included from /media/pablo/Disco_Auxiliar/UTN/UTN 2016/Digitales 2/TD II/Ejemplos FreeRTOS/workspace/lpc_chip_175x_6x/inc/chip.h:139:0,
                 from ../example/src/Ex_UartRB_V1.c:32:
../example/src/Ex_UartRB_V1.c: In function 'UART1_IRQHandler':
/media/pablo/Disco_Auxiliar/UTN/UTN 2016/Digitales 2/TD II/Ejemplos FreeRTOS/workspace/lpc_chip_175x_6x/inc/chip_lpc175x_6x.h:121:35: warning: passing argument 1 of 'Board_UARTGetChar' makes integer from pointer without a cast [-Wint-conversion]
 #define LPC_UART1                 ((LPC_USART_T            *) LPC_UART1_BASE)
                                   ^
../example/src/Ex_UartRB_V1.c:72:35: note: in expansion of macro 'LPC_UART1'
    rxbuff[ii] = Board_UARTGetChar(LPC_UART1);
                                   ^
In file included from /media/pablo/Disco_Auxiliar/UTN/UTN 2016/Digitales 2/TD II/Ejemplos FreeRTOS/workspace/LPC_BaseBoardBB1769_R02/inc/board.h:219:0,
                 from ../example/src/Ex_UartRB_V1.c:33:
/media/pablo/Disco_Auxiliar/UTN/UTN 2016/Digitales 2/TD II/Ejemplos FreeRTOS/workspace/LPC_BaseBoardBB1769_R02/inc/board_api.h:102:5: note: expected 'uint32_t {aka unsigned int}' but argument is of type 'LPC_USART_T * {aka struct <anonymous> *}'
 int Board_UARTGetChar(uint32_t pUART);
     ^
In file included from /media/pablo/Disco_Auxiliar/UTN/UTN 2016/Digitales 2/TD II/Ejemplos FreeRTOS/workspace/lpc_chip_175x_6x/inc/chip.h:139:0,
                 from ../example/src/Ex_UartRB_V1.c:32:
../example/src/Ex_UartRB_V1.c: In function 'UART0_IRQHandler':
/media/pablo/Disco_Auxiliar/UTN/UTN 2016/Digitales 2/TD II/Ejemplos FreeRTOS/workspace/lpc_chip_175x_6x/inc/chip_lpc175x_6x.h:120:35: warning: passing argument 1 of 'Board_UARTGetChar' makes integer from pointer without a cast [-Wint-conversion]
 #define LPC_UART0                 ((LPC_USART_T            *) LPC_UART0_BASE)
                                   ^
../example/src/Ex_UartRB_V1.c:87:35: note: in expansion of macro 'LPC_UART0'
    rxbuff[ii] = Board_UARTGetChar(LPC_UART0);
                                   ^
In file included from /media/pablo/Disco_Auxiliar/UTN/UTN 2016/Digitales 2/TD II/Ejemplos FreeRTOS/workspace/LPC_BaseBoardBB1769_R02/inc/board.h:219:0,
                 from ../example/src/Ex_UartRB_V1.c:33:
/media/pablo/Disco_Auxiliar/UTN/UTN 2016/Digitales 2/TD II/Ejemplos FreeRTOS/workspace/LPC_BaseBoardBB1769_R02/inc/board_api.h:102:5: note: expected 'uint32_t {aka unsigned int}' but argument is of type 'LPC_USART_T * {aka struct <anonymous> *}'
 int Board_UARTGetChar(uint32_t pUART);
     ^
In file included from /media/pablo/Disco_Auxiliar/UTN/UTN 2016/Digitales 2/TD II/Ejemplos FreeRTOS/workspace/lpc_chip_175x_6x/inc/chip.h:139:0,
                 from ../example/src/Ex_UartRB_V1.c:32:
../example/src/Ex_UartRB_V1.c: In function 'main':
/media/pablo/Disco_Auxiliar/UTN/UTN 2016/Digitales 2/TD II/Ejemplos FreeRTOS/workspace/lpc_chip_175x_6x/inc/chip_lpc175x_6x.h:120:35: warning: passing argument 1 of 'Board_UART_Init' makes integer from pointer without a cast [-Wint-conversion]
 #define LPC_UART0                 ((LPC_USART_T            *) LPC_UART0_BASE)
                                   ^
../example/src/Ex_UartRB_V1.c:104:18: note: in expansion of macro 'LPC_UART0'
  Board_UART_Init(LPC_UART0,115200);
                  ^
In file included from ../example/src/Ex_UartRB_V1.c:33:0:
/media/pablo/Disco_Auxiliar/UTN/UTN 2016/Digitales 2/TD II/Ejemplos FreeRTOS/workspace/LPC_BaseBoardBB1769_R02/inc/board.h:119:6: note: expected 'uint32_t {aka unsigned int}' but argument is of type 'LPC_USART_T * {aka struct <anonymous> *}'
 void Board_UART_Init(uint32_t pUART,uint32_t baud);
      ^
In file included from /media/pablo/Disco_Auxiliar/UTN/UTN 2016/Digitales 2/TD II/Ejemplos FreeRTOS/workspace/lpc_chip_175x_6x/inc/chip.h:139:0,
                 from ../example/src/Ex_UartRB_V1.c:32:
/media/pablo/Disco_Auxiliar/UTN/UTN 2016/Digitales 2/TD II/Ejemplos FreeRTOS/workspace/lpc_chip_175x_6x/inc/chip_lpc175x_6x.h:120:35: warning: passing argument 1 of 'Board_UARTPutSTR' makes integer from pointer without a cast [-Wint-conversion]
 #define LPC_UART0                 ((LPC_USART_T            *) LPC_UART0_BASE)
                                   ^
../example/src/Ex_UartRB_V1.c:112:19: note: in expansion of macro 'LPC_UART0'
  Board_UARTPutSTR(LPC_UART0,inst1);
                   ^
In file included from /media/pablo/Disco_Auxiliar/UTN/UTN 2016/Digitales 2/TD II/Ejemplos FreeRTOS/workspace/LPC_BaseBoardBB1769_R02/inc/board.h:219:0,
                 from ../example/src/Ex_UartRB_V1.c:33:
/media/pablo/Disco_Auxiliar/UTN/UTN 2016/Digitales 2/TD II/Ejemplos FreeRTOS/workspace/LPC_BaseBoardBB1769_R02/inc/board_api.h:109:6: note: expected 'uint32_t {aka unsigned int}' but argument is of type 'LPC_USART_T * {aka struct <anonymous> *}'
 void Board_UARTPutSTR(uint32_t pUART,char *str);
      ^
../example/src/Ex_UartRB_V1.c:112:29: warning: passing argument 2 of 'Board_UARTPutSTR' discards 'const' qualifier from pointer target type [-Wdiscarded-qualifiers]
  Board_UARTPutSTR(LPC_UART0,inst1);
                             ^
In file included from /media/pablo/Disco_Auxiliar/UTN/UTN 2016/Digitales 2/TD II/Ejemplos FreeRTOS/workspace/LPC_BaseBoardBB1769_R02/inc/board.h:219:0,
                 from ../example/src/Ex_UartRB_V1.c:33:
/media/pablo/Disco_Auxiliar/UTN/UTN 2016/Digitales 2/TD II/Ejemplos FreeRTOS/workspace/LPC_BaseBoardBB1769_R02/inc/board_api.h:109:6: note: expected 'char *' but argument is of type 'const char *'
 void Board_UARTPutSTR(uint32_t pUART,char *str);
      ^
In file included from /media/pablo/Disco_Auxiliar/UTN/UTN 2016/Digitales 2/TD II/Ejemplos FreeRTOS/workspace/lpc_chip_175x_6x/inc/chip.h:139:0,
                 from ../example/src/Ex_UartRB_V1.c:32:
/media/pablo/Disco_Auxiliar/UTN/UTN 2016/Digitales 2/TD II/Ejemplos FreeRTOS/workspace/lpc_chip_175x_6x/inc/chip_lpc175x_6x.h:120:35: warning: passing argument 1 of 'Board_UARTPutSTR' makes integer from pointer without a cast [-Wint-conversion]
 #define LPC_UART0                 ((LPC_USART_T            *) LPC_UART0_BASE)
                                   ^
../example/src/Ex_UartRB_V1.c:113:19: note: in expansion of macro 'LPC_UART0'
  Board_UARTPutSTR(LPC_UART0,inst2);
                   ^
In file included from /media/pablo/Disco_Auxiliar/UTN/UTN 2016/Digitales 2/TD II/Ejemplos FreeRTOS/workspace/LPC_BaseBoardBB1769_R02/inc/board.h:219:0,
                 from ../example/src/Ex_UartRB_V1.c:33:
/media/pablo/Disco_Auxiliar/UTN/UTN 2016/Digitales 2/TD II/Ejemplos FreeRTOS/workspace/LPC_BaseBoardBB1769_R02/inc/board_api.h:109:6: note: expected 'uint32_t {aka unsigned int}' but argument is of type 'LPC_USART_T * {aka struct <anonymous> *}'
 void Board_UARTPutSTR(uint32_t pUART,char *str);
      ^
../example/src/Ex_UartRB_V1.c:113:29: warning: passing argument 2 of 'Board_UARTPutSTR' discards 'const' qualifier from pointer target type [-Wdiscarded-qualifiers]
  Board_UARTPutSTR(LPC_UART0,inst2);
                             ^
In file included from /media/pablo/Disco_Auxiliar/UTN/UTN 2016/Digitales 2/TD II/Ejemplos FreeRTOS/workspace/LPC_BaseBoardBB1769_R02/inc/board.h:219:0,
                 from ../example/src/Ex_UartRB_V1.c:33:
/media/pablo/Disco_Auxiliar/UTN/UTN 2016/Digitales 2/TD II/Ejemplos FreeRTOS/workspace/LPC_BaseBoardBB1769_R02/inc/board_api.h:109:6: note: expected 'char *' but argument is of type 'const char *'
 void Board_UARTPutSTR(uint32_t pUART,char *str);
      ^
In file included from /media/pablo/Disco_Auxiliar/UTN/UTN 2016/Digitales 2/TD II/Ejemplos FreeRTOS/workspace/lpc_chip_175x_6x/inc/chip.h:139:0,
                 from ../example/src/Ex_UartRB_V1.c:32:
/media/pablo/Disco_Auxiliar/UTN/UTN 2016/Digitales 2/TD II/Ejemplos FreeRTOS/workspace/lpc_chip_175x_6x/inc/chip_lpc175x_6x.h:120:35: warning: passing argument 1 of 'Board_UARTPutChar' makes integer from pointer without a cast [-Wint-conversion]
 #define LPC_UART0                 ((LPC_USART_T            *) LPC_UART0_BASE)
                                   ^
../example/src/Ex_UartRB_V1.c:119:22: note: in expansion of macro 'LPC_UART0'
    Board_UARTPutChar(LPC_UART0,rxbuff[ii-1]);
                      ^
In file included from /media/pablo/Disco_Auxiliar/UTN/UTN 2016/Digitales 2/TD II/Ejemplos FreeRTOS/workspace/LPC_BaseBoardBB1769_R02/inc/board.h:219:0,
                 from ../example/src/Ex_UartRB_V1.c:33:
/media/pablo/Disco_Auxiliar/UTN/UTN 2016/Digitales 2/TD II/Ejemplos FreeRTOS/workspace/LPC_BaseBoardBB1769_R02/inc/board_api.h:96:6: note: expected 'uint32_t {aka unsigned int}' but argument is of type 'LPC_USART_T * {aka struct <anonymous> *}'
 void Board_UARTPutChar(uint32_t pUART,char ch);
      ^
../example/src/Ex_UartRB_V1.c:100:6: warning: unused variable 'bytes' [-Wunused-variable]
  int bytes;
      ^
../example/src/Ex_UartRB_V1.c: At top level:
../example/src/Ex_UartRB_V1.c:46:39: warning: 'txbuff' defined but not used [-Wunused-variable]
 static uint8_t rxbuff[UART_RRB_SIZE], txbuff[UART_SRB_SIZE];
                                       ^
Finished building: ../example/src/Ex_UartRB_V1.c
 
Building target: Ex_Uart_V1.axf
Invoking: MCU Linker
arm-none-eabi-gcc -nostdlib -L"/media/pablo/Disco_Auxiliar/UTN/UTN 2016/Digitales 2/TD II/Ejemplos FreeRTOS/workspace/lpc_chip_175x_6x/Debug" -L"/media/pablo/Disco_Auxiliar/UTN/UTN 2016/Digitales 2/TD II/Ejemplos FreeRTOS/workspace/LPC_BaseBoardBB1769_R02/Debug" -Xlinker -Map="Ex_Uart_V1.map" -Xlinker --gc-sections -mcpu=cortex-m3 -mthumb -T "Ex_Uart_V1_Debug.ld" -o "Ex_Uart_V1.axf"  ./example/src/Ex_UartRB_V1.o ./example/src/cr_startup_lpc175x_6x.o ./example/src/sysinit.o   -lLPC_BaseBoardBB1769_R02 -llpc_chip_175x_6x
Finished building target: Ex_Uart_V1.axf
 
make --no-print-directory post-build
Performing post-build steps
arm-none-eabi-size "Ex_Uart_V1.axf"; # arm-none-eabi-objcopy -v -O binary "Ex_Uart_V1.axf" "Ex_Uart_V1.bin" ; # checksum -p LPC1769 -d "Ex_Uart_V1.bin";
   text	   data	    bss	    dec	    hex	filename
   6340	      0	    376	   6716	   1a3c	Ex_Uart_V1.axf
 

22:20:46 Build Finished (took 209ms)

