19:37:58 **** Incremental Build of configuration Debug for project LPC_BaseBoardBB1769_R02 ****
make -r all 
make: No se hace nada para «all».
19:37:58 **** Incremental Build of configuration Debug for project lpc_chip_175x_6x ****
make -r all 
make: No se hace nada para «all».
19:37:58 **** Build of configuration Debug for project Ejemplo_parcial_1_1 ****
make -r all 
Building target: Ejemplo_parcial_1_1.axf
Invoking: MCU Linker
arm-none-eabi-gcc -nostdlib -L"/media/pablo/Disco_Auxiliar/UTN/UTN 2016/Digitales 2/TD II/Ejemplos FreeRTOS/workspace/LPC_BaseBoardBB1769_R02/Debug" -L"/media/pablo/Disco_Auxiliar/UTN/UTN 2016/Digitales 2/TD II/Ejemplos FreeRTOS/workspace/LibFreeRTOS_8.2.3/Debug" -L"/media/pablo/Disco_Auxiliar/UTN/UTN 2016/Digitales 2/TD II/Ejemplos FreeRTOS/workspace/lpc_chip_175x_6x/Debug" -Xlinker -Map="Ejemplo_parcial_1_1.map" -Xlinker --gc-sections -Xlinker -print-memory-usage -mcpu=cortex-m3 -mthumb -T "Ejemplo_pseudo_pwm_Debug.ld" -o "Ejemplo_parcial_1_1.axf"  ./src/Ejemplo_pseudo_pwm.o ./src/cr_startup_lpc175x_6x.o ./src/crp.o ./src/sysinit.o   -lLPC_BaseBoardBB1769_R02 -lLibFreeRTOS_8.2.3 -llpc_chip_175x_6x
Memory region         Used Size  Region Size  %age Used
       MFlash512:       11452 B       512 KB      2.18%
        RamLoc32:       10592 B        32 KB     32.32%
        RamAHB32:          0 GB        32 KB      0.00%
Finished building target: Ejemplo_parcial_1_1.axf
 
make --no-print-directory post-build
Performing post-build steps
arm-none-eabi-size "Ejemplo_parcial_1_1.axf"; # arm-none-eabi-objcopy -v -O binary "Ejemplo_parcial_1_1.axf" "Ejemplo_parcial_1_1.bin" ; # checksum -p LPC1769 -d "Ejemplo_parcial_1_1.bin";
   text	   data	    bss	    dec	    hex	filename
  11444	      8	  10584	  22036	   5614	Ejemplo_parcial_1_1.axf
 
