22:05:47 **** Incremental Build of configuration Debug for project fdm_blink_1 ****
make -r all 
Building target: fdm_blink_1.axf
Invoking: MCU Linker
arm-none-eabi-gcc -nostdlib -L"C:\nxp\workspace2\LPC_BaseBoardBB1769_R02\Debug" -L"C:\nxp\workspace2\lpc_chip_175x_6x\Debug" -Xlinker -Map="fdm_blink_1.map" -Xlinker --gc-sections -mcpu=cortex-m3 -mthumb -T "fdm_blink_1_Debug.ld" -o "fdm_blink_1.axf"  ./src/cr_startup_lpc175x_6x.o ./src/crp.o ./src/fdm_blink_1.o ./src/sysinit.o   -lLPC_BaseBoardBB1769_R02 -llpc_chip_175x_6x
Finished building target: fdm_blink_1.axf
 
make --no-print-directory post-build
Performing post-build steps
arm-none-eabi-size "fdm_blink_1.axf"; # arm-none-eabi-objcopy -v -O binary "fdm_blink_1.axf" "fdm_blink_1.bin" ; # checksum -p LPC1769 -d "fdm_blink_1.bin";
   text	   data	    bss	    dec	    hex	filename
   3752	      0	      8	   3760	    eb0	fdm_blink_1.axf
 

22:05:47 Build Finished (took 436ms)

